Archive member included to satisfy reference by file (symbol)

/usr/lib/gcc/arm-none-eabi/9.2.1/thumb/v7e-m+fp/hard/libgcc.a(_arm_muldf3.o)
                              /data/data/com.termux/files/home/arm-examples/decoders/incdec/GCC_Project/output/ql_test_signals.o (__aeabi_dmul)
/usr/lib/gcc/arm-none-eabi/9.2.1/thumb/v7e-m+fp/hard/libgcc.a(_arm_addsubdf3.o)
                              /data/data/com.termux/files/home/arm-examples/decoders/incdec/GCC_Project/output/ql_test_signals.o (__aeabi_dadd)
/usr/lib/gcc/arm-none-eabi/9.2.1/thumb/v7e-m+fp/hard/libgcc.a(_arm_muldivdf3.o)
                              /data/data/com.termux/files/home/arm-examples/decoders/incdec/GCC_Project/output/eoss3_hal_i2c.o (__aeabi_ddiv)
/usr/lib/gcc/arm-none-eabi/9.2.1/thumb/v7e-m+fp/hard/libgcc.a(_arm_fixdfsi.o)
                              /data/data/com.termux/files/home/arm-examples/decoders/incdec/GCC_Project/output/ql_test_signals.o (__aeabi_d2iz)
/usr/lib/gcc/arm-none-eabi/9.2.1/thumb/v7e-m+fp/hard/libgcc.a(_arm_truncdfsf2.o)
                              /data/data/com.termux/files/home/arm-examples/decoders/incdec/GCC_Project/output/eoss3_hal_i2c.o (__aeabi_d2f)
/usr/lib/gcc/arm-none-eabi/9.2.1/thumb/v7e-m+fp/hard/libgcc.a(_aeabi_ldivmod.o)
                              /data/data/com.termux/files/home/arm-examples/decoders/incdec/GCC_Project/output/dbg_uart.o (__aeabi_ldivmod)
/usr/lib/gcc/arm-none-eabi/9.2.1/thumb/v7e-m+fp/hard/libgcc.a(_aeabi_uldivmod.o)
                              /data/data/com.termux/files/home/arm-examples/decoders/incdec/GCC_Project/output/s3x_lpm.o (__aeabi_uldivmod)
/usr/lib/gcc/arm-none-eabi/9.2.1/thumb/v7e-m+fp/hard/libgcc.a(_udivmoddi4.o)
                              /usr/lib/gcc/arm-none-eabi/9.2.1/thumb/v7e-m+fp/hard/libgcc.a(_aeabi_ldivmod.o) (__udivmoddi4)
/usr/lib/gcc/arm-none-eabi/9.2.1/thumb/v7e-m+fp/hard/libgcc.a(_dvmd_tls.o)
                              /usr/lib/gcc/arm-none-eabi/9.2.1/thumb/v7e-m+fp/hard/libgcc.a(_aeabi_ldivmod.o) (__aeabi_ldiv0)
/usr/lib/gcc/arm-none-eabi/9.2.1/../../../arm-none-eabi/lib/thumb/v7e-m+fp/hard/libg_nano.a(lib_a-atexit.o)
                              /usr/lib/gcc/arm-none-eabi/9.2.1/../../../arm-none-eabi/lib/thumb/v7e-m+fp/hard/crt0.o (atexit)
/usr/lib/gcc/arm-none-eabi/9.2.1/../../../arm-none-eabi/lib/thumb/v7e-m+fp/hard/libg_nano.a(lib_a-exit.o)
                              /usr/lib/gcc/arm-none-eabi/9.2.1/../../../arm-none-eabi/lib/thumb/v7e-m+fp/hard/crt0.o (exit)
/usr/lib/gcc/arm-none-eabi/9.2.1/../../../arm-none-eabi/lib/thumb/v7e-m+fp/hard/libg_nano.a(lib_a-fini.o)
                              /usr/lib/gcc/arm-none-eabi/9.2.1/../../../arm-none-eabi/lib/thumb/v7e-m+fp/hard/crt0.o (__libc_fini_array)
/usr/lib/gcc/arm-none-eabi/9.2.1/../../../arm-none-eabi/lib/thumb/v7e-m+fp/hard/libg_nano.a(lib_a-impure.o)
                              /usr/lib/gcc/arm-none-eabi/9.2.1/../../../arm-none-eabi/lib/thumb/v7e-m+fp/hard/libg_nano.a(lib_a-exit.o) (_global_impure_ptr)
/usr/lib/gcc/arm-none-eabi/9.2.1/../../../arm-none-eabi/lib/thumb/v7e-m+fp/hard/libg_nano.a(lib_a-init.o)
                              /usr/lib/gcc/arm-none-eabi/9.2.1/../../../arm-none-eabi/lib/thumb/v7e-m+fp/hard/crt0.o (__libc_init_array)
/usr/lib/gcc/arm-none-eabi/9.2.1/../../../arm-none-eabi/lib/thumb/v7e-m+fp/hard/libg_nano.a(lib_a-malloc.o)
                              /data/data/com.termux/files/home/arm-examples/decoders/incdec/GCC_Project/output/circularBuffQueue.o (malloc)
/usr/lib/gcc/arm-none-eabi/9.2.1/../../../arm-none-eabi/lib/thumb/v7e-m+fp/hard/libg_nano.a(lib_a-memcpy.o)
                              /data/data/com.termux/files/home/arm-examples/decoders/incdec/GCC_Project/output/cli_args.o (memcpy)
/usr/lib/gcc/arm-none-eabi/9.2.1/../../../arm-none-eabi/lib/thumb/v7e-m+fp/hard/libg_nano.a(lib_a-memset.o)
                              /usr/lib/gcc/arm-none-eabi/9.2.1/../../../arm-none-eabi/lib/thumb/v7e-m+fp/hard/crt0.o (memset)
/usr/lib/gcc/arm-none-eabi/9.2.1/../../../arm-none-eabi/lib/thumb/v7e-m+fp/hard/libg_nano.a(lib_a-nano-freer.o)
                              /usr/lib/gcc/arm-none-eabi/9.2.1/../../../arm-none-eabi/lib/thumb/v7e-m+fp/hard/libg_nano.a(lib_a-malloc.o) (_free_r)
/usr/lib/gcc/arm-none-eabi/9.2.1/../../../arm-none-eabi/lib/thumb/v7e-m+fp/hard/libg_nano.a(lib_a-nano-mallocr.o)
                              /usr/lib/gcc/arm-none-eabi/9.2.1/../../../arm-none-eabi/lib/thumb/v7e-m+fp/hard/libg_nano.a(lib_a-malloc.o) (_malloc_r)
/usr/lib/gcc/arm-none-eabi/9.2.1/../../../arm-none-eabi/lib/thumb/v7e-m+fp/hard/libg_nano.a(lib_a-printf.o)
                              /data/data/com.termux/files/home/arm-examples/decoders/incdec/GCC_Project/output/circularBuffQueue.o (printf)
/usr/lib/gcc/arm-none-eabi/9.2.1/../../../arm-none-eabi/lib/thumb/v7e-m+fp/hard/libg_nano.a(lib_a-puts.o)
                              /data/data/com.termux/files/home/arm-examples/decoders/incdec/GCC_Project/output/eoss3_hal_i2s_slave_assp.o (puts)
[...]
Memory Configuration

Name             Origin             Length             Attributes
rom              0x0000000000000000 0x0000000000027000 xr
ram              0x0000000020027000 0x000000000003c800 xrw
spiram           0x0000000020063800 0x0000000000000800 rw
HWA              0x0000000020064000 0x0000000000018000 rw
shm              0x000000002007c000 0x0000000000004000
*default*        0x0000000000000000 0xffffffffffffffff

Linker script and memory map

LOAD /usr/lib/gcc/arm-none-eabi/9.2.1/thumb/v7e-m+fp/hard/crti.o
LOAD /usr/lib/gcc/arm-none-eabi/9.2.1/thumb/v7e-m+fp/hard/crtbegin.o
LOAD /usr/lib/gcc/arm-none-eabi/9.2.1/../../../arm-none-eabi/lib/thumb/v7e-m+fp/hard/crt0.o
LOAD /data/data/com.termux/files/home/arm-examples/decoders/incdec/GCC_Project/output/c_lib_retarget.o
LOAD /data/data/com.termux/files/home/arm-examples/decoders/incdec/GCC_Project/output/circularBuffQueue.o
LOAD /data/data/com.termux/files/home/arm-examples/decoders/incdec/GCC_Project/output/cli_args.o
LOAD /data/data/com.termux/files/home/arm-examples/decoders/incdec/GCC_Project/output/cli_hexdump.o
LOAD /data/data/com.termux/files/home/arm-examples/decoders/incdec/GCC_Project/output/cli_io.o
LOAD /data/data/com.termux/files/home/arm-examples/decoders/incdec/GCC_Project/output/cli_loop.o
LOAD /data/data/com.termux/files/home/arm-examples/decoders/incdec/GCC_Project/output/cli_misc.o
LOAD /data/data/com.termux/files/home/arm-examples/decoders/incdec/GCC_Project/output/cli_platform.o
LOAD /data/data/com.termux/files/home/arm-examples/decoders/incdec/GCC_Project/output/cli_stdcmds.o
LOAD /data/data/com.termux/files/home/arm-examples/decoders/incdec/GCC_Project/output/crc16.o
LOAD /data/data/com.termux/files/home/arm-examples/decoders/incdec/GCC_Project/output/crc32.o
LOAD /data/data/com.termux/files/home/arm-examples/decoders/incdec/GCC_Project/output/croutine.o
LOAD /data/data/com.termux/files/home/arm-examples/decoders/incdec/GCC_Project/output/dbg_bufferedprinttask.o
LOAD /data/data/com.termux/files/home/arm-examples/decoders/incdec/GCC_Project/output/dbg_queue_monitor.o
LOAD /data/data/com.termux/files/home/arm-examples/decoders/incdec/GCC_Project/output/dbg_uart.o
LOAD /data/data/com.termux/files/home/arm-examples/decoders/incdec/GCC_Project/output/dbgtrace.o
LOAD /data/data/com.termux/files/home/arm-examples/decoders/incdec/GCC_Project/output/eoss3_hal_adc.o
LOAD /data/data/com.termux/files/home/arm-examples/decoders/incdec/GCC_Project/output/eoss3_hal_gpio.o
LOAD /data/data/com.termux/files/home/arm-examples/decoders/incdec/GCC_Project/output/eoss3_hal_i2c.o
LOAD /data/data/com.termux/files/home/arm-examples/decoders/incdec/GCC_Project/output/eoss3_hal_i2s.o
LOAD /data/data/com.termux/files/home/arm-examples/decoders/incdec/GCC_Project/output/eoss3_hal_i2s_slave_assp.o
LOAD /data/data/com.termux/files/home/arm-examples/decoders/incdec/GCC_Project/output/eoss3_hal_pad_config.o
LOAD /data/data/com.termux/files/home/arm-examples/decoders/incdec/GCC_Project/output/eoss3_hal_pkfb.o
LOAD /data/data/com.termux/files/home/arm-examples/decoders/incdec/GCC_Project/output/eoss3_hal_rtc.o
LOAD /data/data/com.termux/files/home/arm-examples/decoders/incdec/GCC_Project/output/eoss3_hal_sdma.o
LOAD /data/data/com.termux/files/home/arm-examples/decoders/incdec/GCC_Project/output/eoss3_hal_spi.o
LOAD /data/data/com.termux/files/home/arm-examples/decoders/incdec/GCC_Project/output/eoss3_hal_timer.o
LOAD /data/data/com.termux/files/home/arm-examples/decoders/incdec/GCC_Project/output/eoss3_hal_uart.o
LOAD /data/data/com.termux/files/home/arm-examples/decoders/incdec/GCC_Project/output/eoss3_hal_wb.o
LOAD /data/data/com.termux/files/home/arm-examples/decoders/incdec/GCC_Project/output/eoss3_hal_wdt.o
LOAD /data/data/com.termux/files/home/arm-examples/decoders/incdec/GCC_Project/output/event_groups.o
LOAD /data/data/com.termux/files/home/arm-examples/decoders/incdec/GCC_Project/output/exceptions.o
LOAD /data/data/com.termux/files/home/arm-examples/decoders/incdec/GCC_Project/output/freertos_static_memory.o
LOAD /data/data/com.termux/files/home/arm-examples/decoders/incdec/GCC_Project/output/heap_4.o
LOAD /data/data/com.termux/files/home/arm-examples/decoders/incdec/GCC_Project/output/hearable_pwrcfg.o
LOAD /data/data/com.termux/files/home/arm-examples/decoders/incdec/GCC_Project/output/leds.o
LOAD /data/data/com.termux/files/home/arm-examples/decoders/incdec/GCC_Project/output/list.o
LOAD /data/data/com.termux/files/home/arm-examples/decoders/incdec/GCC_Project/output/main.o
LOAD /data/data/com.termux/files/home/arm-examples/decoders/incdec/GCC_Project/output/main_dbg_cli_menu.o
LOAD /data/data/com.termux/files/home/arm-examples/decoders/incdec/GCC_Project/output/pincfg_table.o
LOAD /data/data/com.termux/files/home/arm-examples/decoders/incdec/GCC_Project/output/port.o
LOAD /data/data/com.termux/files/home/arm-examples/decoders/incdec/GCC_Project/output/qf_baremetalsetup.o
LOAD /data/data/com.termux/files/home/arm-examples/decoders/incdec/GCC_Project/output/qf_hardwaresetup.o
LOAD /data/data/com.termux/files/home/arm-examples/decoders/incdec/GCC_Project/output/ql_base64.o
LOAD /data/data/com.termux/files/home/arm-examples/decoders/incdec/GCC_Project/output/ql_stackwatermark.o
LOAD /data/data/com.termux/files/home/arm-examples/decoders/incdec/GCC_Project/output/ql_test_signals.o
LOAD /data/data/com.termux/files/home/arm-examples/decoders/incdec/GCC_Project/output/ql_time.o
LOAD /data/data/com.termux/files/home/arm-examples/decoders/incdec/GCC_Project/output/queue.o
LOAD /data/data/com.termux/files/home/arm-examples/decoders/incdec/GCC_Project/output/s3x_clock.o
LOAD /data/data/com.termux/files/home/arm-examples/decoders/incdec/GCC_Project/output/s3x_clock_hal.o
LOAD /data/data/com.termux/files/home/arm-examples/decoders/incdec/GCC_Project/output/s3x_cpuload.o
LOAD /data/data/com.termux/files/home/arm-examples/decoders/incdec/GCC_Project/output/s3x_dfs.o
LOAD /data/data/com.termux/files/home/arm-examples/decoders/incdec/GCC_Project/output/s3x_lpm.o
LOAD /data/data/com.termux/files/home/arm-examples/decoders/incdec/GCC_Project/output/s3x_pi.o
LOAD /data/data/com.termux/files/home/arm-examples/decoders/incdec/GCC_Project/output/s3x_pwrcfg.o
LOAD /data/data/com.termux/files/home/arm-examples/decoders/incdec/GCC_Project/output/s3x_qos.o
LOAD /data/data/com.termux/files/home/arm-examples/decoders/incdec/GCC_Project/output/sec_debug.o
LOAD /data/data/com.termux/files/home/arm-examples/decoders/incdec/GCC_Project/output/spi_flash.o
LOAD /data/data/com.termux/files/home/arm-examples/decoders/incdec/GCC_Project/output/startup_EOSS3B_GCC.o
LOAD /data/data/com.termux/files/home/arm-examples/decoders/incdec/GCC_Project/output/stream_buffer.o
LOAD /data/data/com.termux/files/home/arm-examples/decoders/incdec/GCC_Project/output/tasks.o
LOAD /data/data/com.termux/files/home/arm-examples/decoders/incdec/GCC_Project/output/timers.o
LOAD /data/data/com.termux/files/home/arm-examples/decoders/incdec/GCC_Project/output/vectors_CM4F_gcc.o
LOAD /data/data/com.termux/files/home/arm-examples/decoders/incdec/GCC_Project/output/watchdog.o
LOAD /usr/lib/gcc/arm-none-eabi/9.2.1/../../../arm-none-eabi/lib/thumb/v7e-m+fp/hard/libm.a
LOAD /data/data/com.termux/files/home/pygmy-dev/pygmy-sdk/Libraries/CMSIS/lib/GCC/libarm_cortexM4lf_math.a
START GROUP
LOAD /usr/lib/gcc/arm-none-eabi/9.2.1/thumb/v7e-m+fp/hard/libgcc.a
LOAD /usr/lib/gcc/arm-none-eabi/9.2.1/../../../arm-none-eabi/lib/thumb/v7e-m+fp/hard/libg_nano.a
LOAD /usr/lib/gcc/arm-none-eabi/9.2.1/../../../arm-none-eabi/lib/thumb/v7e-m+fp/hard/libc_nano.a
END GROUP
START GROUP
LOAD /usr/lib/gcc/arm-none-eabi/9.2.1/thumb/v7e-m+fp/hard/libgcc.a
LOAD /usr/lib/gcc/arm-none-eabi/9.2.1/../../../arm-none-eabi/lib/thumb/v7e-m+fp/hard/libc_nano.a
LOAD /usr/lib/gcc/arm-none-eabi/9.2.1/../../../arm-none-eabi/lib/thumb/v7e-m+fp/hard/libnosys.a
END GROUP
START GROUP
LOAD /usr/lib/gcc/arm-none-eabi/9.2.1/thumb/v7e-m+fp/hard/libgcc.a
LOAD /usr/lib/gcc/arm-none-eabi/9.2.1/../../../arm-none-eabi/lib/thumb/v7e-m+fp/hard/libc_nano.a
LOAD /usr/lib/gcc/arm-none-eabi/9.2.1/../../../arm-none-eabi/lib/thumb/v7e-m+fp/hard/libnosys.a
END GROUP
LOAD /usr/lib/gcc/arm-none-eabi/9.2.1/thumb/v7e-m+fp/hard/crtend.o
LOAD /usr/lib/gcc/arm-none-eabi/9.2.1/thumb/v7e-m+fp/hard/crtn.o

.text           0x0000000000000000     0x9961
 *(.isr_vector)
 .isr_vector    0x0000000000000000      0x124 /data/data/com.termux/files/home/arm-examples/decoders/incdec/GCC_Project/output/vectors_CM4F_gcc.o
                0x0000000000000000                __Vectors
 *(.text*)
 .text          0x0000000000000124       0x88 /usr/lib/gcc/arm-none-eabi/9.2.1/thumb/v7e-m+fp/hard/crtbegin.o
 .text          0x00000000000001ac       0x70 /usr/lib/gcc/arm-none-eabi/9.2.1/../../../arm-none-eabi/lib/thumb/v7e-m+fp/hard/crt0.o
                0x00000000000001ac                _stack_init
                0x00000000000001b4                _mainCRTStartup
                0x00000000000001b4                _start
 .text._write   0x000000000000021c        0xe /data/data/com.termux/files/home/arm-examples/decoders/incdec/GCC_Project/output/c_lib_retarget.o
                0x000000000000021c                _write
 .text._close   0x000000000000022a        0x6 /data/data/com.termux/files/home/arm-examples/decoders/incdec/GCC_Project/output/c_lib_retarget.o
                0x000000000000022a                _close
 .text._lseek   0x0000000000000230        0x4 /data/data/com.termux/files/home/arm-examples/decoders/incdec/GCC_Project/output/c_lib_retarget.o
                0x0000000000000230                _lseek
 .text._read    0x0000000000000234        0x4 /data/data/com.termux/files/home/arm-examples/decoders/incdec/GCC_Project/output/c_lib_retarget.o
                0x0000000000000234                _read
 .text.do_str_fetch
                0x0000000000000238       0x38 /data/data/com.termux/files/home/arm-examples/decoders/incdec/GCC_Project/output/cli_args.o
 .text.CLI_string_ptr_get_subcmd
                0x0000000000000270       0x20 /data/data/com.termux/files/home/arm-examples/decoders/incdec/GCC_Project/output/cli_args.o
                0x0000000000000270                CLI_string_ptr_get_subcmd
 .text.CLI_numX_getshow_X
                0x0000000000000290      0x188 /data/data/com.termux/files/home/arm-examples/decoders/incdec/GCC_Project/output/cli_args.o
                0x0000000000000290                CLI_numX_getshow_X
 .text.CLI_uint8_getshow
                0x0000000000000418        0x8 /data/data/com.termux/files/home/arm-examples/decoders/incdec/GCC_Project/output/cli_args.o
                0x0000000000000418                CLI_uint8_getshow
 .text.append_key
                0x0000000000000420       0x30 /data/data/com.termux/files/home/arm-examples/decoders/incdec/GCC_Project/output/cli_io.o
 .text.get_key_ignore_null
                0x0000000000000450       0x18 /data/data/com.termux/files/home/arm-examples/decoders/incdec/GCC_Project/output/cli_io.o
 .text.CLI_getkey_peek
                0x0000000000000468      0x110 /data/data/com.termux/files/home/arm-examples/decoders/incdec/GCC_Project/output/cli_io.o
                0x0000000000000468                CLI_getkey_peek
 .text.CLI_getkey
                0x0000000000000578       0x30 /data/data/com.termux/files/home/arm-examples/decoders/incdec/GCC_Project/output/cli_io.o
                0x0000000000000578                CLI_getkey
 .text.CLI_col0_timestamp
                0x00000000000005a8       0x78 /data/data/com.termux/files/home/arm-examples/decoders/incdec/GCC_Project/output/cli_io.o
                0x00000000000005a8                CLI_col0_timestamp
 .text.CLI_putc
                0x0000000000000620       0x4c /data/data/com.termux/files/home/arm-examples/decoders/incdec/GCC_Project/output/cli_io.o
                0x0000000000000620                CLI_putc
 .text.CLI_puts_no_nl
                0x000000000000066c       0x12 /data/data/com.termux/files/home/arm-examples/decoders/incdec/GCC_Project/output/cli_io.o
                0x000000000000066c                CLI_puts_no_nl
 *fill*         0x000000000000067e        0x2 
 .text.CLI_vprintf
                0x0000000000000680       0x24 /data/data/com.termux/files/home/arm-examples/decoders/incdec/GCC_Project/output/cli_io.o
                0x0000000000000680                CLI_vprintf
 .text.CLI_printf
                0x00000000000006a4       0x1a /data/data/com.termux/files/home/arm-examples/decoders/incdec/GCC_Project/output/cli_io.o
                0x00000000000006a4                CLI_printf
 *fill*         0x00000000000006be        0x2 
 .text.handle_help
                0x00000000000006c0       0xc4 /data/data/com.termux/files/home/arm-examples/decoders/incdec/GCC_Project/output/cli_loop.o
 .text.CLI_cmd_stack_replace
                0x0000000000000784       0x10 /data/data/com.termux/files/home/arm-examples/decoders/incdec/GCC_Project/output/cli_loop.o
                0x0000000000000784                CLI_cmd_stack_replace
 .text.CLI_cmd_stack_push
                0x0000000000000794       0x30 /data/data/com.termux/files/home/arm-examples/decoders/incdec/GCC_Project/output/cli_loop.o
                0x0000000000000794                CLI_cmd_stack_push
 .text.CLI_cmd_stack_clear
                0x00000000000007c4       0x24 /data/data/com.termux/files/home/arm-examples/decoders/incdec/GCC_Project/output/cli_loop.o
                0x00000000000007c4                CLI_cmd_stack_clear
 .text.CLI_cmd_stack_pop
                0x00000000000007e8       0x40 /data/data/com.termux/files/home/arm-examples/decoders/incdec/GCC_Project/output/cli_loop.o
                0x00000000000007e8                CLI_cmd_stack_pop
 .text.handle_exit
                0x0000000000000828       0x1c /data/data/com.termux/files/home/arm-examples/decoders/incdec/GCC_Project/output/cli_loop.o
 .text.CLI_init
                0x0000000000000844       0x24 /data/data/com.termux/files/home/arm-examples/decoders/incdec/GCC_Project/output/cli_loop.o
                0x0000000000000844                CLI_init
 .text.CLI_print_prompt
                0x0000000000000868       0x44 /data/data/com.termux/files/home/arm-examples/decoders/incdec/GCC_Project/output/cli_loop.o
                0x0000000000000868                CLI_print_prompt
 .text.CLI_dispatch_subcmd
                0x00000000000008ac       0x84 /data/data/com.termux/files/home/arm-examples/decoders/incdec/GCC_Project/output/cli_loop.o
                0x00000000000008ac                CLI_dispatch_subcmd
 .text.CLI_dispatch
                0x0000000000000930       0xc0 /data/data/com.termux/files/home/arm-examples/decoders/incdec/GCC_Project/output/cli_loop.o
 .text.CLI_submenu_handler
                0x00000000000009f0       0x30 /data/data/com.termux/files/home/arm-examples/decoders/incdec/GCC_Project/output/cli_loop.o
                0x00000000000009f0                CLI_submenu_handler
 .text.CLI_verror
                0x0000000000000a20       0x40 /data/data/com.termux/files/home/arm-examples/decoders/incdec/GCC_Project/output/cli_loop.o
                0x0000000000000a20                CLI_verror
 .text.CLI_rx_byte
                0x0000000000000a60       0xec /data/data/com.termux/files/home/arm-examples/decoders/incdec/GCC_Project/output/cli_loop.o
                0x0000000000000a60                CLI_rx_byte
 .text.CLI_is_more_args
                0x0000000000000b4c       0x14 /data/data/com.termux/files/home/arm-examples/decoders/incdec/GCC_Project/output/cli_misc.o
                0x0000000000000b4c                CLI_is_more_args
 .text.CLI_error
                0x0000000000000b60       0x1a /data/data/com.termux/files/home/arm-examples/decoders/incdec/GCC_Project/output/cli_misc.o
                0x0000000000000b60                CLI_error
 *fill*         0x0000000000000b7a        0x2 
 .text.CLI_error_missing_parameter
                0x0000000000000b7c        0xc /data/data/com.termux/files/home/arm-examples/decoders/incdec/GCC_Project/output/cli_misc.o
                0x0000000000000b7c                CLI_error_missing_parameter
 .text.CLI_error_not_a_number
                0x0000000000000b88       0x10 /data/data/com.termux/files/home/arm-examples/decoders/incdec/GCC_Project/output/cli_misc.o
                0x0000000000000b88                CLI_error_not_a_number
 .text.CLI_task
                0x0000000000000b98       0x54 /data/data/com.termux/files/home/arm-examples/decoders/incdec/GCC_Project/output/cli_platform.o
                0x0000000000000b98                CLI_task
 .text.CLI_time_now
                0x0000000000000bec        0x4 /data/data/com.termux/files/home/arm-examples/decoders/incdec/GCC_Project/output/cli_platform.o
                0x0000000000000bec                CLI_time_now
 .text.CLI_beep
                0x0000000000000bf0        0x6 /data/data/com.termux/files/home/arm-examples/decoders/incdec/GCC_Project/output/cli_platform.o
                0x0000000000000bf0                CLI_beep
 .text.CLI_timeout_expired
                0x0000000000000bf6       0x22 /data/data/com.termux/files/home/arm-examples/decoders/incdec/GCC_Project/output/cli_platform.o
                0x0000000000000bf6                CLI_timeout_expired
 .text.CLI_putc_raw
                0x0000000000000c18        0x8 /data/data/com.termux/files/home/arm-examples/decoders/incdec/GCC_Project/output/cli_platform.o
                0x0000000000000c18                CLI_putc_raw
 .text.CLI_getkey_raw
                0x0000000000000c20       0x3c /data/data/com.termux/files/home/arm-examples/decoders/incdec/GCC_Project/output/cli_platform.o
                0x0000000000000c20                CLI_getkey_raw
 .text.CLI_start_task
                0x0000000000000c5c       0x58 /data/data/com.termux/files/home/arm-examples/decoders/incdec/GCC_Project/output/cli_platform.o
                0x0000000000000c5c                CLI_start_task
 .text.__debug_lockup
                0x0000000000000cb4       0x14 /data/data/com.termux/files/home/arm-examples/decoders/incdec/GCC_Project/output/dbg_uart.o
 .text._semihost_write
                0x0000000000000cc8       0x54 /data/data/com.termux/files/home/arm-examples/decoders/incdec/GCC_Project/output/dbg_uart.o
                0x0000000000000cc8                _semihost_write
 .text.dbg_ch_raw
                0x0000000000000d1c       0x74 /data/data/com.termux/files/home/arm-examples/decoders/incdec/GCC_Project/output/dbg_uart.o
                0x0000000000000d1c                dbg_ch_raw
 .text.dbg_nl   0x0000000000000d90       0x12 /data/data/com.termux/files/home/arm-examples/decoders/incdec/GCC_Project/output/dbg_uart.o
                0x0000000000000d90                dbg_nl
 .text.dbg_ch   0x0000000000000da2        0xc /data/data/com.termux/files/home/arm-examples/decoders/incdec/GCC_Project/output/dbg_uart.o
                0x0000000000000da2                dbg_ch
 .text.dbg_hex4
                0x0000000000000dae       0x14 /data/data/com.termux/files/home/arm-examples/decoders/incdec/GCC_Project/output/dbg_uart.o
 .text.dbg_hex8
                0x0000000000000dc2       0x14 /data/data/com.termux/files/home/arm-examples/decoders/incdec/GCC_Project/output/dbg_uart.o
                0x0000000000000dc2                dbg_hex8
 .text.dbg_hex16
                0x0000000000000dd6       0x14 /data/data/com.termux/files/home/arm-examples/decoders/incdec/GCC_Project/output/dbg_uart.o
                0x0000000000000dd6                dbg_hex16
 .text.dbg_hex32
                0x0000000000000dea       0x14 /data/data/com.termux/files/home/arm-examples/decoders/incdec/GCC_Project/output/dbg_uart.o
                0x0000000000000dea                dbg_hex32
 .text._dbg_int
                0x0000000000000dfe       0x20 /data/data/com.termux/files/home/arm-examples/decoders/incdec/GCC_Project/output/dbg_uart.o
 .text.dbg_memdumpx
                0x0000000000000e1e       0xea /data/data/com.termux/files/home/arm-examples/decoders/incdec/GCC_Project/output/dbg_uart.o
 .text.dbg_str  0x0000000000000f08       0x84 /data/data/com.termux/files/home/arm-examples/decoders/incdec/GCC_Project/output/dbg_uart.o
                0x0000000000000f08                dbg_str
 .text._dbg_str_xxx
                0x0000000000000f8c       0x16 /data/data/com.termux/files/home/arm-examples/decoders/incdec/GCC_Project/output/dbg_uart.o
 .text.dbg_str_hexXX
                0x0000000000000fa2       0x22 /data/data/com.termux/files/home/arm-examples/decoders/incdec/GCC_Project/output/dbg_uart.o
 .text.dbg_int  0x0000000000000fc4       0x24 /data/data/com.termux/files/home/arm-examples/decoders/incdec/GCC_Project/output/dbg_uart.o
                0x0000000000000fc4                dbg_int
 .text.dbg_str_str
                0x0000000000000fe8       0x16 /data/data/com.termux/files/home/arm-examples/decoders/incdec/GCC_Project/output/dbg_uart.o
                0x0000000000000fe8                dbg_str_str
 .text.dbg_str_int
                0x0000000000000ffe       0x16 /data/data/com.termux/files/home/arm-examples/decoders/incdec/GCC_Project/output/dbg_uart.o
                0x0000000000000ffe                dbg_str_int
 .text.dbg_str_int_noln
                0x0000000000001014       0x12 /data/data/com.termux/files/home/arm-examples/decoders/incdec/GCC_Project/output/dbg_uart.o
                0x0000000000001014                dbg_str_int_noln
 *fill*         0x0000000000001026        0x2 
 .text.dbg_str_hex32
                0x0000000000001028        0xc /data/data/com.termux/files/home/arm-examples/decoders/incdec/GCC_Project/output/dbg_uart.o
                0x0000000000001028                dbg_str_hex32
 .text.dbg_fatal_error
                0x0000000000001034       0x12 /data/data/com.termux/files/home/arm-examples/decoders/incdec/GCC_Project/output/dbg_uart.o
                0x0000000000001034                dbg_fatal_error
 .text.dbg_fatal_error_int
                0x0000000000001046        0xe /data/data/com.termux/files/home/arm-examples/decoders/incdec/GCC_Project/output/dbg_uart.o
                0x0000000000001046                dbg_fatal_error_int
 .text.dbg_memdump32
                0x0000000000001054       0x1e /data/data/com.termux/files/home/arm-examples/decoders/incdec/GCC_Project/output/dbg_uart.o
                0x0000000000001054                dbg_memdump32
 *fill*         0x0000000000001072        0x2 
 .text.HAL_GPIO_Write
                0x0000000000001074       0x28 /data/data/com.termux/files/home/arm-examples/decoders/incdec/GCC_Project/output/eoss3_hal_gpio.o
                0x0000000000001074                HAL_GPIO_Write
 .text.HAL_PAD_Config
                0x000000000000109c      0x190 /data/data/com.termux/files/home/arm-examples/decoders/incdec/GCC_Project/output/eoss3_hal_pad_config.o
                0x000000000000109c                HAL_PAD_Config
 .text.configure_s3_pads
                0x000000000000122c       0x1a /data/data/com.termux/files/home/arm-examples/decoders/incdec/GCC_Project/output/eoss3_hal_pad_config.o
                0x000000000000122c                configure_s3_pads
 *fill*         0x0000000000001246        0x2 
 .text.eoss3_rtc_enable_irq
                0x0000000000001248       0x28 /data/data/com.termux/files/home/arm-examples/decoders/incdec/GCC_Project/output/eoss3_hal_rtc.o
 .text.write_rtc_reg
                0x0000000000001270       0x18 /data/data/com.termux/files/home/arm-examples/decoders/incdec/GCC_Project/output/eoss3_hal_rtc.o
 .text.__rtc_setup_alarm.isra.0
                0x0000000000001288       0x44 /data/data/com.termux/files/home/arm-examples/decoders/incdec/GCC_Project/output/eoss3_hal_rtc.o
 .text.HAL_RTC_ISR
                0x00000000000012cc       0x24 /data/data/com.termux/files/home/arm-examples/decoders/incdec/GCC_Project/output/eoss3_hal_rtc.o
                0x00000000000012cc                HAL_RTC_ISR
 .text.unlock_spi1_bus
                0x00000000000012f0       0x58 /data/data/com.termux/files/home/arm-examples/decoders/incdec/GCC_Project/output/eoss3_hal_spi.o
                0x00000000000012f0                unlock_spi1_bus
 .text.SPI_DMA_Complete
                0x0000000000001348       0x88 /data/data/com.termux/files/home/arm-examples/decoders/incdec/GCC_Project/output/eoss3_hal_spi.o
                0x0000000000001348                SPI_DMA_Complete
 .text.HAL_SPI_IRQHandler
                0x00000000000013d0       0x6c /data/data/com.termux/files/home/arm-examples/decoders/incdec/GCC_Project/output/eoss3_hal_spi.o
                0x00000000000013d0                HAL_SPI_IRQHandler
 .text.HAL_Delay_Init
                0x000000000000143c       0x54 /data/data/com.termux/files/home/arm-examples/decoders/incdec/GCC_Project/output/eoss3_hal_timer.o
                0x000000000000143c                HAL_Delay_Init
 .text.HAL_Timer_ISR
                0x0000000000001490       0x88 /data/data/com.termux/files/home/arm-examples/decoders/incdec/GCC_Project/output/eoss3_hal_timer.o
                0x0000000000001490                HAL_Timer_ISR
 .text.uart_baud_rate
                0x0000000000001518       0x60 /data/data/com.termux/files/home/arm-examples/decoders/incdec/GCC_Project/output/eoss3_hal_uart.o
 .text.is_hw_uart_enabled
                0x0000000000001578       0x20 /data/data/com.termux/files/home/arm-examples/decoders/incdec/GCC_Project/output/eoss3_hal_uart.o
 .text.uart_disable
                0x0000000000001598       0x1c /data/data/com.termux/files/home/arm-examples/decoders/incdec/GCC_Project/output/eoss3_hal_uart.o
 .text.uart_lpm_callback
                0x00000000000015b4       0x70 /data/data/com.termux/files/home/arm-examples/decoders/incdec/GCC_Project/output/eoss3_hal_uart.o
 .text.uart_init
                0x0000000000001624      0x168 /data/data/com.termux/files/home/arm-examples/decoders/incdec/GCC_Project/output/eoss3_hal_uart.o
                0x0000000000001624                uart_init
 .text.uart_isr_handler
                0x000000000000178c       0x84 /data/data/com.termux/files/home/arm-examples/decoders/incdec/GCC_Project/output/eoss3_hal_uart.o
                0x000000000000178c                uart_isr_handler
 .text.uart_tx_raw
                0x0000000000001810       0x38 /data/data/com.termux/files/home/arm-examples/decoders/incdec/GCC_Project/output/eoss3_hal_uart.o
                0x0000000000001810                uart_tx_raw
 .text.uart_tx  0x0000000000001848       0x1c /data/data/com.termux/files/home/arm-examples/decoders/incdec/GCC_Project/output/eoss3_hal_uart.o
                0x0000000000001848                uart_tx
 .text.uart_tx_buf
                0x0000000000001864       0x1a /data/data/com.termux/files/home/arm-examples/decoders/incdec/GCC_Project/output/eoss3_hal_uart.o
                0x0000000000001864                uart_tx_buf
 *fill*         0x000000000000187e        0x2 
 .text.uart_rx_wait
                0x0000000000001880       0x34 /data/data/com.termux/files/home/arm-examples/decoders/incdec/GCC_Project/output/eoss3_hal_uart.o
                0x0000000000001880                uart_rx_wait
 .text.uart_rx_available
                0x00000000000018b4       0x34 /data/data/com.termux/files/home/arm-examples/decoders/incdec/GCC_Project/output/eoss3_hal_uart.o
                0x00000000000018b4                uart_rx_available
 .text.uart_rx  0x00000000000018e8       0x60 /data/data/com.termux/files/home/arm-examples/decoders/incdec/GCC_Project/output/eoss3_hal_uart.o
                0x00000000000018e8                uart_rx
 .text.WDT_ISR  0x0000000000001948       0x8c /data/data/com.termux/files/home/arm-examples/decoders/incdec/GCC_Project/output/eoss3_hal_wdt.o
                0x0000000000001948                WDT_ISR
 .text.spurious_interrupt
                0x00000000000019d4        0xc /data/data/com.termux/files/home/arm-examples/decoders/incdec/GCC_Project/output/exceptions.o
 .text.prvGetRegistersFromStack
                0x00000000000019e0       0xf0 /data/data/com.termux/files/home/arm-examples/decoders/incdec/GCC_Project/output/exceptions.o
                0x00000000000019e0                prvGetRegistersFromStack
 .text.HardFault_Handler
                0x0000000000001ad0       0x16 /data/data/com.termux/files/home/arm-examples/decoders/incdec/GCC_Project/output/exceptions.o
                0x0000000000001ad0                HardFault_Handler
 .text.NMI_Handler
                0x0000000000001ae6        0x6 /data/data/com.termux/files/home/arm-examples/decoders/incdec/GCC_Project/output/exceptions.o
                0x0000000000001ae6                NMI_Handler
 .text.MemManage_Handler
                0x0000000000001aec        0x6 /data/data/com.termux/files/home/arm-examples/decoders/incdec/GCC_Project/output/exceptions.o
                0x0000000000001aec                MemManage_Handler
 .text.BusFault_Handler
                0x0000000000001af2        0x6 /data/data/com.termux/files/home/arm-examples/decoders/incdec/GCC_Project/output/exceptions.o
                0x0000000000001af2                BusFault_Handler
 .text.UsageFault_Handler
                0x0000000000001af8        0x6 /data/data/com.termux/files/home/arm-examples/decoders/incdec/GCC_Project/output/exceptions.o
                0x0000000000001af8                UsageFault_Handler
 .text.DebugMon_Handler
                0x0000000000001afe        0x6 /data/data/com.termux/files/home/arm-examples/decoders/incdec/GCC_Project/output/exceptions.o
                0x0000000000001afe                DebugMon_Handler
 .text.Uart_Handler
                0x0000000000001b04       0x50 /data/data/com.termux/files/home/arm-examples/decoders/incdec/GCC_Project/output/exceptions.o
                0x0000000000001b04                Uart_Handler
 .text.Timer_Handler
                0x0000000000001b54       0x24 /data/data/com.termux/files/home/arm-examples/decoders/incdec/GCC_Project/output/exceptions.o
                0x0000000000001b54                Timer_Handler
 .text.CpuWdtInt_Handler
                0x0000000000001b78       0x24 /data/data/com.termux/files/home/arm-examples/decoders/incdec/GCC_Project/output/exceptions.o
                0x0000000000001b78                CpuWdtInt_Handler
 .text.CpuWdtRst_Handler
                0x0000000000001b9c        0x6 /data/data/com.termux/files/home/arm-examples/decoders/incdec/GCC_Project/output/exceptions.o
                0x0000000000001b9c                CpuWdtRst_Handler
 .text.BusTimeout_Handler
                0x0000000000001ba2        0x6 /data/data/com.termux/files/home/arm-examples/decoders/incdec/GCC_Project/output/exceptions.o
                0x0000000000001ba2                BusTimeout_Handler
 .text.Fpu_Handler
                0x0000000000001ba8        0x6 /data/data/com.termux/files/home/arm-examples/decoders/incdec/GCC_Project/output/exceptions.o
                0x0000000000001ba8                Fpu_Handler
 *fill*         0x0000000000001bae        0x2 
 .text.Pkfb_Handler
                0x0000000000001bb0       0x10 /data/data/com.termux/files/home/arm-examples/decoders/incdec/GCC_Project/output/exceptions.o
                0x0000000000001bb0                Pkfb_Handler
 .text.I2s_Handler
                0x0000000000001bc0        0x6 /data/data/com.termux/files/home/arm-examples/decoders/incdec/GCC_Project/output/exceptions.o
                0x0000000000001bc0                I2s_Handler
 .text.Audio_Handler
                0x0000000000001bc6        0x6 /data/data/com.termux/files/home/arm-examples/decoders/incdec/GCC_Project/output/exceptions.o
                0x0000000000001bc6                Audio_Handler
 .text.SpiMs_Handler
                0x0000000000001bcc       0x5c /data/data/com.termux/files/home/arm-examples/decoders/incdec/GCC_Project/output/exceptions.o
                0x0000000000001bcc                SpiMs_Handler
 .text.CfgDma_Handler
                0x0000000000001c28       0x28 /data/data/com.termux/files/home/arm-examples/decoders/incdec/GCC_Project/output/exceptions.o
                0x0000000000001c28                CfgDma_Handler
 .text.PmuTimer_Handler
                0x0000000000001c50        0x2 /data/data/com.termux/files/home/arm-examples/decoders/incdec/GCC_Project/output/exceptions.o
                0x0000000000001c50                PmuTimer_Handler
 .text.AdcDone_Handler
                0x0000000000001c52        0x8 /data/data/com.termux/files/home/arm-examples/decoders/incdec/GCC_Project/output/exceptions.o
                0x0000000000001c52                AdcDone_Handler
 *fill*         0x0000000000001c5a        0x2 
 .text.RtcAlarm_Handler
                0x0000000000001c5c       0x1c /data/data/com.termux/files/home/arm-examples/decoders/incdec/GCC_Project/output/exceptions.o
                0x0000000000001c5c                RtcAlarm_Handler
 .text.ResetInt_Handler
                0x0000000000001c78        0x8 /data/data/com.termux/files/home/arm-examples/decoders/incdec/GCC_Project/output/exceptions.o
                0x0000000000001c78                ResetInt_Handler
 .text.Ffe0_Handler
                0x0000000000001c80       0x18 /data/data/com.termux/files/home/arm-examples/decoders/incdec/GCC_Project/output/exceptions.o
                0x0000000000001c80                Ffe0_Handler
 .text.FbMsg_Handler
                0x0000000000001c98       0x6c /data/data/com.termux/files/home/arm-examples/decoders/incdec/GCC_Project/output/exceptions.o
                0x0000000000001c98                FbMsg_Handler
 .text.SensorGpio_Handler
                0x0000000000001d04        0x8 /data/data/com.termux/files/home/arm-examples/decoders/incdec/GCC_Project/output/exceptions.o
                0x0000000000001d04                SensorGpio_Handler
 .text.M4SramSleep_Handler
                0x0000000000001d0c        0x8 /data/data/com.termux/files/home/arm-examples/decoders/incdec/GCC_Project/output/exceptions.o
                0x0000000000001d0c                M4SramSleep_Handler
 .text.LDO30_PG_Handler
                0x0000000000001d14        0x8 /data/data/com.termux/files/home/arm-examples/decoders/incdec/GCC_Project/output/exceptions.o
                0x0000000000001d14                LDO30_PG_Handler
 .text.LDO50_PG_Handler
                0x0000000000001d1c        0x8 /data/data/com.termux/files/home/arm-examples/decoders/incdec/GCC_Project/output/exceptions.o
                0x0000000000001d1c                LDO50_PG_Handler
 .text.DMIC_Voice_Det_Handler
                0x0000000000001d24        0x8 /data/data/com.termux/files/home/arm-examples/decoders/incdec/GCC_Project/output/exceptions.o
                0x0000000000001d24                DMIC_Voice_Det_Handler
 .text.ApPDMClkOn_Handler
                0x0000000000001d2c        0x8 /data/data/com.termux/files/home/arm-examples/decoders/incdec/GCC_Project/output/exceptions.o
                0x0000000000001d2c                ApPDMClkOn_Handler
 .text.ApPDMClkOff_Handler
                0x0000000000001d34        0x8 /data/data/com.termux/files/home/arm-examples/decoders/incdec/GCC_Project/output/exceptions.o
                0x0000000000001d34                ApPDMClkOff_Handler
 .text.Dmac0BlkDone_Handler
                0x0000000000001d3c        0x8 /data/data/com.termux/files/home/arm-examples/decoders/incdec/GCC_Project/output/exceptions.o
                0x0000000000001d3c                Dmac0BlkDone_Handler
 .text.Dmac0BufDone_Handler
                0x0000000000001d44        0x8 /data/data/com.termux/files/home/arm-examples/decoders/incdec/GCC_Project/output/exceptions.o
                0x0000000000001d44                Dmac0BufDone_Handler
 .text.Dmac1BlkDone_Handler
                0x0000000000001d4c        0x8 /data/data/com.termux/files/home/arm-examples/decoders/incdec/GCC_Project/output/exceptions.o
                0x0000000000001d4c                Dmac1BlkDone_Handler
 .text.Dmac1BufDone_Handler
                0x0000000000001d54        0x8 /data/data/com.termux/files/home/arm-examples/decoders/incdec/GCC_Project/output/exceptions.o
                0x0000000000001d54                Dmac1BufDone_Handler
 .text.Sdma0Done_Handler
                0x0000000000001d5c        0x8 /data/data/com.termux/files/home/arm-examples/decoders/incdec/GCC_Project/output/exceptions.o
                0x0000000000001d5c                Sdma0Done_Handler
 .text.Sdma1Done_Handler
                0x0000000000001d64        0x8 /data/data/com.termux/files/home/arm-examples/decoders/incdec/GCC_Project/output/exceptions.o
                0x0000000000001d64                Sdma1Done_Handler
 .text.Sdma2Done_Handler
                0x0000000000001d6c        0x8 /data/data/com.termux/files/home/arm-examples/decoders/incdec/GCC_Project/output/exceptions.o
                0x0000000000001d6c                Sdma2Done_Handler
 .text.Sdma3Done_Handler
                0x0000000000001d74        0x8 /data/data/com.termux/files/home/arm-examples/decoders/incdec/GCC_Project/output/exceptions.o
                0x0000000000001d74                Sdma3Done_Handler
 .text.Sdma4Done_Handler
                0x0000000000001d7c        0x8 /data/data/com.termux/files/home/arm-examples/decoders/incdec/GCC_Project/output/exceptions.o
                0x0000000000001d7c                Sdma4Done_Handler
 .text.Sdma5Done_Handler
                0x0000000000001d84        0x8 /data/data/com.termux/files/home/arm-examples/decoders/incdec/GCC_Project/output/exceptions.o
                0x0000000000001d84                Sdma5Done_Handler
 .text.Sdma6Done_Handler
                0x0000000000001d8c        0x8 /data/data/com.termux/files/home/arm-examples/decoders/incdec/GCC_Project/output/exceptions.o
                0x0000000000001d8c                Sdma6Done_Handler
 .text.Sdma7Done_Handler
                0x0000000000001d94        0x8 /data/data/com.termux/files/home/arm-examples/decoders/incdec/GCC_Project/output/exceptions.o
                0x0000000000001d94                Sdma7Done_Handler
 .text.Sdma8Done_Handler
                0x0000000000001d9c        0x8 /data/data/com.termux/files/home/arm-examples/decoders/incdec/GCC_Project/output/exceptions.o
                0x0000000000001d9c                Sdma8Done_Handler
 .text.Sdma9Done_Handler
                0x0000000000001da4        0x8 /data/data/com.termux/files/home/arm-examples/decoders/incdec/GCC_Project/output/exceptions.o
                0x0000000000001da4                Sdma9Done_Handler
 .text.Sdma10Done_Handler
                0x0000000000001dac        0x8 /data/data/com.termux/files/home/arm-examples/decoders/incdec/GCC_Project/output/exceptions.o
                0x0000000000001dac                Sdma10Done_Handler
 .text.Sdma11Done_Handler
                0x0000000000001db4        0x8 /data/data/com.termux/files/home/arm-examples/decoders/incdec/GCC_Project/output/exceptions.o
                0x0000000000001db4                Sdma11Done_Handler
 .text.SdmaErr_Handler
                0x0000000000001dbc        0x8 /data/data/com.termux/files/home/arm-examples/decoders/incdec/GCC_Project/output/exceptions.o
                0x0000000000001dbc                SdmaErr_Handler
 .text.I2S_SlvM4TxOr_Handler
                0x0000000000001dc4        0x8 /data/data/com.termux/files/home/arm-examples/decoders/incdec/GCC_Project/output/exceptions.o
                0x0000000000001dc4                I2S_SlvM4TxOr_Handler
 .text.SRAM_128KB_Handler
                0x0000000000001dcc        0x8 /data/data/com.termux/files/home/arm-examples/decoders/incdec/GCC_Project/output/exceptions.o
                0x0000000000001dcc                SRAM_128KB_Handler
 .text.LPSD_Voice_Det_Handler
                0x0000000000001dd4        0x8 /data/data/com.termux/files/home/arm-examples/decoders/incdec/GCC_Project/output/exceptions.o
                0x0000000000001dd4                LPSD_Voice_Det_Handler
 .text.FfeWdt_Handler
                0x0000000000001ddc        0x8 /data/data/com.termux/files/home/arm-examples/decoders/incdec/GCC_Project/output/exceptions.o
                0x0000000000001ddc                FfeWdt_Handler
 .text.ApBoot_Handler
                0x0000000000001de4        0x8 /data/data/com.termux/files/home/arm-examples/decoders/incdec/GCC_Project/output/exceptions.o
                0x0000000000001de4                ApBoot_Handler
 .text.SwInt2_Handler
                0x0000000000001dec        0x8 /data/data/com.termux/files/home/arm-examples/decoders/incdec/GCC_Project/output/exceptions.o
                0x0000000000001dec                SwInt2_Handler
 .text.SwInt1_Handler
                0x0000000000001df4       0x24 /data/data/com.termux/files/home/arm-examples/decoders/incdec/GCC_Project/output/exceptions.o
                0x0000000000001df4                SwInt1_Handler
 .text.Ffe0Msg_Handler
                0x0000000000001e18        0x8 /data/data/com.termux/files/home/arm-examples/decoders/incdec/GCC_Project/output/exceptions.o
                0x0000000000001e18                Ffe0Msg_Handler
 .text.lpsdVoiceOffHandler
                0x0000000000001e20        0x8 /data/data/com.termux/files/home/arm-examples/decoders/incdec/GCC_Project/output/exceptions.o
                0x0000000000001e20                lpsdVoiceOffHandler
 .text.dmicVoiceOffHandler
                0x0000000000001e28        0x8 /data/data/com.termux/files/home/arm-examples/decoders/incdec/GCC_Project/output/exceptions.o
                0x0000000000001e28                dmicVoiceOffHandler
 .text.vApplicationMallocFailedHook
                0x0000000000001e30       0x24 /data/data/com.termux/files/home/arm-examples/decoders/incdec/GCC_Project/output/exceptions.o
                0x0000000000001e30                vApplicationMallocFailedHook
 .text.vApplicationStackOverflowHook
                0x0000000000001e54       0x24 /data/data/com.termux/files/home/arm-examples/decoders/incdec/GCC_Project/output/exceptions.o
                0x0000000000001e54                vApplicationStackOverflowHook
 .text.vApplicationTickHook
                0x0000000000001e78        0x2 /data/data/com.termux/files/home/arm-examples/decoders/incdec/GCC_Project/output/exceptions.o
                0x0000000000001e78                vApplicationTickHook
 .text.vApplicationIdleHook
                0x0000000000001e7a        0x2 /data/data/com.termux/files/home/arm-examples/decoders/incdec/GCC_Project/output/exceptions.o
                0x0000000000001e7a                vApplicationIdleHook
 .text.prvInsertBlockIntoFreeList
                0x0000000000001e7c       0x74 /data/data/com.termux/files/home/arm-examples/decoders/incdec/GCC_Project/output/heap_4.o
 .text.pvPortMalloc
                0x0000000000001ef0      0x198 /data/data/com.termux/files/home/arm-examples/decoders/incdec/GCC_Project/output/heap_4.o
                0x0000000000001ef0                pvPortMalloc
 .text.vPortFree
                0x0000000000002088       0xa0 /data/data/com.termux/files/home/arm-examples/decoders/incdec/GCC_Project/output/heap_4.o
                0x0000000000002088                vPortFree
 .text.vListInitialise
                0x0000000000002128       0x16 /data/data/com.termux/files/home/arm-examples/decoders/incdec/GCC_Project/output/list.o
                0x0000000000002128                vListInitialise
 .text.vListInitialiseItem
                0x000000000000213e        0x6 /data/data/com.termux/files/home/arm-examples/decoders/incdec/GCC_Project/output/list.o
                0x000000000000213e                vListInitialiseItem
 .text.vListInsertEnd
                0x0000000000002144       0x18 /data/data/com.termux/files/home/arm-examples/decoders/incdec/GCC_Project/output/list.o
                0x0000000000002144                vListInsertEnd
 .text.vListInsert
                0x000000000000215c       0x2e /data/data/com.termux/files/home/arm-examples/decoders/incdec/GCC_Project/output/list.o
                0x000000000000215c                vListInsert
 .text.uxListRemove
                0x000000000000218a       0x20 /data/data/com.termux/files/home/arm-examples/decoders/incdec/GCC_Project/output/list.o
                0x000000000000218a                uxListRemove
 .text.SystemInit
                0x00000000000021aa        0x2 /data/data/com.termux/files/home/arm-examples/decoders/incdec/GCC_Project/output/main.o
                0x00000000000021aa                SystemInit
 .text.PyHal_GPIO_Set
                0x00000000000021ac       0x34 /data/data/com.termux/files/home/arm-examples/decoders/incdec/GCC_Project/output/main.o
                0x00000000000021ac                PyHal_GPIO_Set
 .text.sevenseg
                0x00000000000021e0       0x50 /data/data/com.termux/files/home/arm-examples/decoders/incdec/GCC_Project/output/main.o
                0x00000000000021e0                sevenseg
 .text.sevenseg_setup
                0x0000000000002230       0x10 /data/data/com.termux/files/home/arm-examples/decoders/incdec/GCC_Project/output/main.o
                0x0000000000002230                sevenseg_setup
 .text.startup.main
                0x0000000000002240       0xb8 /data/data/com.termux/files/home/arm-examples/decoders/incdec/GCC_Project/output/main.o
                0x0000000000002240                main
 .text.set_gpio_input
                0x00000000000022f8       0x34 /data/data/com.termux/files/home/arm-examples/decoders/incdec/GCC_Project/output/main_dbg_cli_menu.o
 .text.set_gpio_output
                0x000000000000232c       0x60 /data/data/com.termux/files/home/arm-examples/decoders/incdec/GCC_Project/output/main_dbg_cli_menu.o
 .text.get_gpio_value
                0x000000000000238c       0x50 /data/data/com.termux/files/home/arm-examples/decoders/incdec/GCC_Project/output/main_dbg_cli_menu.o
 .text.prvPortStartFirstTask
                0x00000000000023dc       0x28 /data/data/com.termux/files/home/arm-examples/decoders/incdec/GCC_Project/output/port.o
 .text.vPortEnableVFP
                0x0000000000002404       0x14 /data/data/com.termux/files/home/arm-examples/decoders/incdec/GCC_Project/output/port.o
 .text.prvTaskExitError
                0x0000000000002418       0x50 /data/data/com.termux/files/home/arm-examples/decoders/incdec/GCC_Project/output/port.o
 .text.pxPortInitialiseStack
                0x0000000000002468       0x2c /data/data/com.termux/files/home/arm-examples/decoders/incdec/GCC_Project/output/port.o
                0x0000000000002468                pxPortInitialiseStack
 *fill*         0x0000000000002494        0xc 
 .text.SVC_Handler
                0x00000000000024a0       0x24 /data/data/com.termux/files/home/arm-examples/decoders/incdec/GCC_Project/output/port.o
                0x00000000000024a0                SVC_Handler
 .text.vPortEnterCritical
                0x00000000000024c4       0x58 /data/data/com.termux/files/home/arm-examples/decoders/incdec/GCC_Project/output/port.o
                0x00000000000024c4                vPortEnterCritical
 .text.vPortExitCritical
                0x000000000000251c       0x3c /data/data/com.termux/files/home/arm-examples/decoders/incdec/GCC_Project/output/port.o
                0x000000000000251c                vPortExitCritical
 *fill*         0x0000000000002558        0x8 
 .text.PendSV_Handler
                0x0000000000002560       0x64 /data/data/com.termux/files/home/arm-examples/decoders/incdec/GCC_Project/output/port.o
                0x0000000000002560                PendSV_Handler
 .text.xPortSysTickHandler
                0x00000000000025c4       0x2c /data/data/com.termux/files/home/arm-examples/decoders/incdec/GCC_Project/output/port.o
                0x00000000000025c4                xPortSysTickHandler
 .text.xPortStartScheduler
                0x00000000000025f0      0x158 /data/data/com.termux/files/home/arm-examples/decoders/incdec/GCC_Project/output/port.o
                0x00000000000025f0                xPortStartScheduler
 .text.vPortValidateInterruptPriority
                0x0000000000002748       0x7c /data/data/com.termux/files/home/arm-examples/decoders/incdec/GCC_Project/output/port.o
                0x0000000000002748                vPortValidateInterruptPriority
 .text.system_init
                0x00000000000027c4       0x6c /data/data/com.termux/files/home/arm-examples/decoders/incdec/GCC_Project/output/qf_hardwaresetup.o
                0x00000000000027c4                system_init
 .text.qf_hardwareSetup
                0x0000000000002830       0x78 /data/data/com.termux/files/home/arm-examples/decoders/incdec/GCC_Project/output/qf_hardwaresetup.o
                0x0000000000002830                qf_hardwareSetup
 .text.prvIsQueueEmpty
                0x00000000000028a8       0x16 /data/data/com.termux/files/home/arm-examples/decoders/incdec/GCC_Project/output/queue.o
 .text.prvCopyDataToQueue
                0x00000000000028be       0x78 /data/data/com.termux/files/home/arm-examples/decoders/incdec/GCC_Project/output/queue.o
 .text.prvCopyDataFromQueue
                0x0000000000002936       0x2c /data/data/com.termux/files/home/arm-examples/decoders/incdec/GCC_Project/output/queue.o
 .text.prvUnlockQueue
                0x0000000000002962       0x70 /data/data/com.termux/files/home/arm-examples/decoders/incdec/GCC_Project/output/queue.o
 *fill*         0x00000000000029d2        0x2 
 .text.xQueueGenericReset
                0x00000000000029d4       0x90 /data/data/com.termux/files/home/arm-examples/decoders/incdec/GCC_Project/output/queue.o
                0x00000000000029d4                xQueueGenericReset
 .text.xQueueGenericCreate
                0x0000000000002a64       0x74 /data/data/com.termux/files/home/arm-examples/decoders/incdec/GCC_Project/output/queue.o
                0x0000000000002a64                xQueueGenericCreate
 .text.xQueueGenericSend
                0x0000000000002ad8      0x19c /data/data/com.termux/files/home/arm-examples/decoders/incdec/GCC_Project/output/queue.o
                0x0000000000002ad8                xQueueGenericSend
 .text.xQueueGenericSendFromISR
                0x0000000000002c74       0xf0 /data/data/com.termux/files/home/arm-examples/decoders/incdec/GCC_Project/output/queue.o
                0x0000000000002c74                xQueueGenericSendFromISR
 .text.xQueueGenericSendFromISRDebug
                0x0000000000002d64       0x30 /data/data/com.termux/files/home/arm-examples/decoders/incdec/GCC_Project/output/queue.o
                0x0000000000002d64                xQueueGenericSendFromISRDebug
 .text.xQueueGiveFromISR
                0x0000000000002d94       0xdc /data/data/com.termux/files/home/arm-examples/decoders/incdec/GCC_Project/output/queue.o
                0x0000000000002d94                xQueueGiveFromISR
 .text.xQueueReceive
                0x0000000000002e70      0x160 /data/data/com.termux/files/home/arm-examples/decoders/incdec/GCC_Project/output/queue.o
                0x0000000000002e70                xQueueReceive
 .text.xQueueSemaphoreTake
                0x0000000000002fd0      0x1b0 /data/data/com.termux/files/home/arm-examples/decoders/incdec/GCC_Project/output/queue.o
                0x0000000000002fd0                xQueueSemaphoreTake
 .text.xQueuePeek
                0x0000000000003180      0x160 /data/data/com.termux/files/home/arm-examples/decoders/incdec/GCC_Project/output/queue.o
                0x0000000000003180                xQueuePeek
 .text.uxQueueMessagesWaiting
                0x00000000000032e0       0x3c /data/data/com.termux/files/home/arm-examples/decoders/incdec/GCC_Project/output/queue.o
                0x00000000000032e0                uxQueueMessagesWaiting
 .text.vQueueAddToRegistry
                0x000000000000331c       0x24 /data/data/com.termux/files/home/arm-examples/decoders/incdec/GCC_Project/output/queue.o
                0x000000000000331c                vQueueAddToRegistry
 .text.vQueueWaitForMessageRestricted
                0x0000000000003340       0x46 /data/data/com.termux/files/home/arm-examples/decoders/incdec/GCC_Project/output/queue.o
                0x0000000000003340                vQueueWaitForMessageRestricted
 .text.s3x_clkd_write_div
                0x0000000000003386       0xa8 /data/data/com.termux/files/home/arm-examples/decoders/incdec/GCC_Project/output/s3x_clock.o
 .text.s3x_clkd_read_div
                0x000000000000342e       0x44 /data/data/com.termux/files/home/arm-examples/decoders/incdec/GCC_Project/output/s3x_clock.o
 *fill*         0x0000000000003472        0x2 
 .text.s3x_clkd_cal_div.part.0
                0x0000000000003474       0x30 /data/data/com.termux/files/home/arm-examples/decoders/incdec/GCC_Project/output/s3x_clock.o
 .text.S3x_Id_To_Domain
                0x00000000000034a4       0x1c /data/data/com.termux/files/home/arm-examples/decoders/incdec/GCC_Project/output/s3x_clock.o
                0x00000000000034a4                S3x_Id_To_Domain
 .text.s3x_clkd_get_init_rate
                0x00000000000034c0       0x28 /data/data/com.termux/files/home/arm-examples/decoders/incdec/GCC_Project/output/s3x_clock.o
                0x00000000000034c0                s3x_clkd_get_init_rate
 .text.s3x_clkd_update_div_val
                0x00000000000034e8       0x4c /data/data/com.termux/files/home/arm-examples/decoders/incdec/GCC_Project/output/s3x_clock.o
                0x00000000000034e8                s3x_clkd_update_div_val
 .text.s3x_clkd_update_fd_rate
                0x0000000000003534        0xe /data/data/com.termux/files/home/arm-examples/decoders/incdec/GCC_Project/output/s3x_clock.o
                0x0000000000003534                s3x_clkd_update_fd_rate
 *fill*         0x0000000000003542        0x2 
 .text.s3x_clkd_update_sd_div
                0x0000000000003544       0x5c /data/data/com.termux/files/home/arm-examples/decoders/incdec/GCC_Project/output/s3x_clock.o
 .text.s3x_clkd_update_all_src_div
                0x00000000000035a0       0xd0 /data/data/com.termux/files/home/arm-examples/decoders/incdec/GCC_Project/output/s3x_clock.o
                0x00000000000035a0                s3x_clkd_update_all_src_div
 .text.S3x_Clkd_Get_Hsosc_Rate
                0x0000000000003670       0x34 /data/data/com.termux/files/home/arm-examples/decoders/incdec/GCC_Project/output/s3x_clock.o
                0x0000000000003670                S3x_Clkd_Get_Hsosc_Rate
 .text.s3x_clkd_get_active_HSOSC_qos
                0x00000000000036a4        0xc /data/data/com.termux/files/home/arm-examples/decoders/incdec/GCC_Project/output/s3x_clock.o
                0x00000000000036a4                s3x_clkd_get_active_HSOSC_qos
 .text.S3x_Clkd_Change_Hsosc
                0x00000000000036b0       0x70 /data/data/com.termux/files/home/arm-examples/decoders/incdec/GCC_Project/output/s3x_clock.o
                0x00000000000036b0                S3x_Clkd_Change_Hsosc
 .text.s3x_clkd_get_src_rate
                0x0000000000003720       0x12 /data/data/com.termux/files/home/arm-examples/decoders/incdec/GCC_Project/output/s3x_clock.o
                0x0000000000003720                s3x_clkd_get_src_rate
 *fill*         0x0000000000003732        0x2 
 .text.s3x_clkd_get_div
                0x0000000000003734       0x74 /data/data/com.termux/files/home/arm-examples/decoders/incdec/GCC_Project/output/s3x_clock.o
                0x0000000000003734                s3x_clkd_get_div
 .text.s3x_clkd_srate
                0x00000000000037a8      0x134 /data/data/com.termux/files/home/arm-examples/decoders/incdec/GCC_Project/output/s3x_clock.o
 .text.s3x_clkd_grate
                0x00000000000038dc       0x68 /data/data/com.termux/files/home/arm-examples/decoders/incdec/GCC_Project/output/s3x_clock.o
 .text.s3x_clkd_set_src_div_st
                0x0000000000003944       0x4c /data/data/com.termux/files/home/arm-examples/decoders/incdec/GCC_Project/output/s3x_clock.o
 .text.s3x_update_clk_rate
                0x0000000000003990       0xb0 /data/data/com.termux/files/home/arm-examples/decoders/incdec/GCC_Project/output/s3x_clock.o
                0x0000000000003990                s3x_update_clk_rate
 .text.s3x_clkd_get_gate_mask_st
                0x0000000000003a40       0x16 /data/data/com.termux/files/home/arm-examples/decoders/incdec/GCC_Project/output/s3x_clock.o
                0x0000000000003a40                s3x_clkd_get_gate_mask_st
 *fill*         0x0000000000003a56        0x2 
 .text.s3x_clkd_set_gate_mask
                0x0000000000003a58       0x50 /data/data/com.termux/files/home/arm-examples/decoders/incdec/GCC_Project/output/s3x_clock.o
                0x0000000000003a58                s3x_clkd_set_gate_mask
 .text.s3x_clkd_enable_gate
                0x0000000000003aa8       0x68 /data/data/com.termux/files/home/arm-examples/decoders/incdec/GCC_Project/output/s3x_clock.o
 .text.s3x_clkd_disable_gate
                0x0000000000003b10       0x54 /data/data/com.termux/files/home/arm-examples/decoders/incdec/GCC_Project/output/s3x_clock.o
 .text._S3x_Clk_Enable
                0x0000000000003b64       0xb8 /data/data/com.termux/files/home/arm-examples/decoders/incdec/GCC_Project/output/s3x_clock.o
                0x0000000000003b64                _S3x_Clk_Enable
 .text._S3x_Clk_Disable
                0x0000000000003c1c       0xc8 /data/data/com.termux/files/home/arm-examples/decoders/incdec/GCC_Project/output/s3x_clock.o
                0x0000000000003c1c                _S3x_Clk_Disable
 .text._S3x_Clk_Get_Status
                0x0000000000003ce4       0x2c /data/data/com.termux/files/home/arm-examples/decoders/incdec/GCC_Project/output/s3x_clock.o
                0x0000000000003ce4                _S3x_Clk_Get_Status
 .text._S3x_Clk_Get_Rate
                0x0000000000003d10       0x28 /data/data/com.termux/files/home/arm-examples/decoders/incdec/GCC_Project/output/s3x_clock.o
                0x0000000000003d10                _S3x_Clk_Get_Rate
 .text._S3x_Clk_Set_Rate
                0x0000000000003d38       0x48 /data/data/com.termux/files/home/arm-examples/decoders/incdec/GCC_Project/output/s3x_clock.o
                0x0000000000003d38                _S3x_Clk_Set_Rate
 .text.S3x_Clk_Init
                0x0000000000003d80      0x15c /data/data/com.termux/files/home/arm-examples/decoders/incdec/GCC_Project/output/s3x_clock.o
                0x0000000000003d80                S3x_Clk_Init
 .text.S3x_Clk_Enable
                0x0000000000003edc        0x4 /data/data/com.termux/files/home/arm-examples/decoders/incdec/GCC_Project/output/s3x_clock_hal.o
                0x0000000000003edc                S3x_Clk_Enable
 .text.S3x_Clk_Disable
                0x0000000000003ee0        0x4 /data/data/com.termux/files/home/arm-examples/decoders/incdec/GCC_Project/output/s3x_clock_hal.o
                0x0000000000003ee0                S3x_Clk_Disable
 .text.S3x_Clk_Get_Rate
                0x0000000000003ee4        0x4 /data/data/com.termux/files/home/arm-examples/decoders/incdec/GCC_Project/output/s3x_clock_hal.o
                0x0000000000003ee4                S3x_Clk_Get_Rate
 .text.DFS_cpuload
                0x0000000000003ee8       0x4c /data/data/com.termux/files/home/arm-examples/decoders/incdec/GCC_Project/output/s3x_cpuload.o
                0x0000000000003ee8                DFS_cpuload
 .text.DFS_updatesleepticks
                0x0000000000003f34       0x10 /data/data/com.termux/files/home/arm-examples/decoders/incdec/GCC_Project/output/s3x_cpuload.o
                0x0000000000003f34                DFS_updatesleepticks
 .text.DFS_resetsleepticks
                0x0000000000003f44        0xc /data/data/com.termux/files/home/arm-examples/decoders/incdec/GCC_Project/output/s3x_cpuload.o
                0x0000000000003f44                DFS_resetsleepticks
 .text.DFS_UpdateTimer
                0x0000000000003f50       0x5c /data/data/com.termux/files/home/arm-examples/decoders/incdec/GCC_Project/output/s3x_dfs.o
 .text.DFS_StartTimer
                0x0000000000003fac       0x88 /data/data/com.termux/files/home/arm-examples/decoders/incdec/GCC_Project/output/s3x_dfs.o
                0x0000000000003fac                DFS_StartTimer
 .text.s3x_suspend_dfs
                0x0000000000004034        0xc /data/data/com.termux/files/home/arm-examples/decoders/incdec/GCC_Project/output/s3x_dfs.o
                0x0000000000004034                s3x_suspend_dfs
 .text.S3x_Set_Policy
                0x0000000000004040      0x108 /data/data/com.termux/files/home/arm-examples/decoders/incdec/GCC_Project/output/s3x_dfs.o
                0x0000000000004040                S3x_Set_Policy
 .text.S3x_get_max_rate_dfs_node
                0x0000000000004148       0x28 /data/data/com.termux/files/home/arm-examples/decoders/incdec/GCC_Project/output/s3x_dfs.o
                0x0000000000004148                S3x_get_max_rate_dfs_node
 .text.S3x_Stepup_Policy
                0x0000000000004170       0x7c /data/data/com.termux/files/home/arm-examples/decoders/incdec/GCC_Project/output/s3x_dfs.o
 .text.DFS_TimerCB
                0x00000000000041ec        0xe /data/data/com.termux/files/home/arm-examples/decoders/incdec/GCC_Project/output/s3x_dfs.o
 *fill*         0x00000000000041fa        0x2 
 .text.DFS_AlignPolicy
                0x00000000000041fc       0x38 /data/data/com.termux/files/home/arm-examples/decoders/incdec/GCC_Project/output/s3x_dfs.o
                0x00000000000041fc                DFS_AlignPolicy
 .text.S3x_Reduce_Hsosc
                0x0000000000004234       0x50 /data/data/com.termux/files/home/arm-examples/decoders/incdec/GCC_Project/output/s3x_dfs.o
                0x0000000000004234                S3x_Reduce_Hsosc
 .text.DFS_fPolicyHasDeepSleep
                0x0000000000004284       0x1c /data/data/com.termux/files/home/arm-examples/decoders/incdec/GCC_Project/output/s3x_dfs.o
                0x0000000000004284                DFS_fPolicyHasDeepSleep
 .text.DFS_SwitchToSleepPolicy
                0x00000000000042a0       0x7c /data/data/com.termux/files/home/arm-examples/decoders/incdec/GCC_Project/output/s3x_dfs.o
                0x00000000000042a0                DFS_SwitchToSleepPolicy
 .text.DFS_RestoreFromSleep
                0x000000000000431c       0x34 /data/data/com.termux/files/home/arm-examples/decoders/incdec/GCC_Project/output/s3x_dfs.o
                0x000000000000431c                DFS_RestoreFromSleep
 .text.s3x_get_index_in_dfs_node
                0x0000000000004350       0x20 /data/data/com.termux/files/home/arm-examples/decoders/incdec/GCC_Project/output/s3x_dfs.o
                0x0000000000004350                s3x_get_index_in_dfs_node
 .text.s3x_get_policy_max_rate
                0x0000000000004370       0x2c /data/data/com.termux/files/home/arm-examples/decoders/incdec/GCC_Project/output/s3x_dfs.o
                0x0000000000004370                s3x_get_policy_max_rate
 .text.S3x_Is_Dfs_En
                0x000000000000439c       0x10 /data/data/com.termux/files/home/arm-examples/decoders/incdec/GCC_Project/output/s3x_dfs.o
                0x000000000000439c                S3x_Is_Dfs_En
 .text.S3x_Set_Dfs_st
                0x00000000000043ac        0xc /data/data/com.termux/files/home/arm-examples/decoders/incdec/GCC_Project/output/s3x_dfs.o
                0x00000000000043ac                S3x_Set_Dfs_st
 .text.DFS_Get_Curr_Policy
                0x00000000000043b8        0xc /data/data/com.termux/files/home/arm-examples/decoders/incdec/GCC_Project/output/s3x_dfs.o
                0x00000000000043b8                DFS_Get_Curr_Policy
 .text.DFS_Initialize
                0x00000000000043c4       0x14 /data/data/com.termux/files/home/arm-examples/decoders/incdec/GCC_Project/output/s3x_dfs.o
                0x00000000000043c4                DFS_Initialize
 .text.trace_this
                0x00000000000043d8       0x28 /data/data/com.termux/files/home/arm-examples/decoders/incdec/GCC_Project/output/s3x_lpm.o
 .text.S3x_Register_Lpm_Cb
                0x0000000000004400       0x40 /data/data/com.termux/files/home/arm-examples/decoders/incdec/GCC_Project/output/s3x_lpm.o
                0x0000000000004400                S3x_Register_Lpm_Cb
 .text.s3x_setup_systick_interrupt
                0x0000000000004440       0x54 /data/data/com.termux/files/home/arm-examples/decoders/incdec/GCC_Project/output/s3x_lpm.o
                0x0000000000004440                s3x_setup_systick_interrupt
 .text.prvStopTickInterruptTimer
                0x0000000000004494       0x10 /data/data/com.termux/files/home/arm-examples/decoders/incdec/GCC_Project/output/s3x_lpm.o
                0x0000000000004494                prvStopTickInterruptTimer
 .text.prvStartTickInterruptTimer
                0x00000000000044a4        0x8 /data/data/com.termux/files/home/arm-examples/decoders/incdec/GCC_Project/output/s3x_lpm.o
                0x00000000000044a4                prvStartTickInterruptTimer
 .text.SysTick_Handler
                0x00000000000044ac       0x12 /data/data/com.termux/files/home/arm-examples/decoders/incdec/GCC_Project/output/s3x_lpm.o
                0x00000000000044ac                SysTick_Handler
 .text.vPortSetupTimerInterrupt
                0x00000000000044be        0x6 /data/data/com.termux/files/home/arm-examples/decoders/incdec/GCC_Project/output/s3x_lpm.o
                0x00000000000044be                vPortSetupTimerInterrupt
 .text.S3x_Pre_Lpm
                0x00000000000044c4       0x20 /data/data/com.termux/files/home/arm-examples/decoders/incdec/GCC_Project/output/s3x_lpm.o
                0x00000000000044c4                S3x_Pre_Lpm
 .text.S3x_Post_Lpm
                0x00000000000044e4       0x18 /data/data/com.termux/files/home/arm-examples/decoders/incdec/GCC_Project/output/s3x_lpm.o
                0x00000000000044e4                S3x_Post_Lpm
 .text.S3x_Lpm_Handler
                0x00000000000044fc      0x3ac /data/data/com.termux/files/home/arm-examples/decoders/incdec/GCC_Project/output/s3x_lpm.o
                0x00000000000044fc                S3x_Lpm_Handler
 .text.s3x_get_pi
                0x00000000000048a8       0x20 /data/data/com.termux/files/home/arm-examples/decoders/incdec/GCC_Project/output/s3x_pi.o
                0x00000000000048a8                s3x_get_pi
 .text.s3x_get_pi_gindex
                0x00000000000048c8       0x14 /data/data/com.termux/files/home/arm-examples/decoders/incdec/GCC_Project/output/s3x_pi.o
                0x00000000000048c8                s3x_get_pi_gindex
 .text.s3x_pi_get_st
                0x00000000000048dc       0x24 /data/data/com.termux/files/home/arm-examples/decoders/incdec/GCC_Project/output/s3x_pi.o
                0x00000000000048dc                s3x_pi_get_st
 .text.s3x_pi_set_cfg_st
                0x0000000000004900       0x94 /data/data/com.termux/files/home/arm-examples/decoders/incdec/GCC_Project/output/s3x_pi.o
                0x0000000000004900                s3x_pi_set_cfg_st
 .text.s3x_pi_set_active_st
                0x0000000000004994       0xa4 /data/data/com.termux/files/home/arm-examples/decoders/incdec/GCC_Project/output/s3x_pi.o
                0x0000000000004994                s3x_pi_set_active_st
 .text.s3x_pi_get_clkg_st
                0x0000000000004a38       0x36 /data/data/com.termux/files/home/arm-examples/decoders/incdec/GCC_Project/output/s3x_pi.o
                0x0000000000004a38                s3x_pi_get_clkg_st
 .text.s3x_pi_set_clkg_st
                0x0000000000004a6e       0x26 /data/data/com.termux/files/home/arm-examples/decoders/incdec/GCC_Project/output/s3x_pi.o
                0x0000000000004a6e                s3x_pi_set_clkg_st
 .text.s3x_set_pi_state
                0x0000000000004a94        0xc /data/data/com.termux/files/home/arm-examples/decoders/incdec/GCC_Project/output/s3x_pi.o
                0x0000000000004a94                s3x_set_pi_state
 .text.s3x_get_pi_init_state
                0x0000000000004aa0       0x18 /data/data/com.termux/files/home/arm-examples/decoders/incdec/GCC_Project/output/s3x_pi.o
                0x0000000000004aa0                s3x_get_pi_init_state
 .text.S3x_pi_init
                0x0000000000004ab8       0x20 /data/data/com.termux/files/home/arm-examples/decoders/incdec/GCC_Project/output/s3x_pi.o
                0x0000000000004ab8                S3x_pi_init
 .text.S3x_pwrcfg_init
                0x0000000000004ad8       0x2c /data/data/com.termux/files/home/arm-examples/decoders/incdec/GCC_Project/output/s3x_pwrcfg.o
                0x0000000000004ad8                S3x_pwrcfg_init
 .text.s3x_sram_in_lpm
                0x0000000000004b04       0x1c /data/data/com.termux/files/home/arm-examples/decoders/incdec/GCC_Project/output/s3x_pwrcfg.o
                0x0000000000004b04                s3x_sram_in_lpm
 .text.S3x_get_qos_rate
                0x0000000000004b20       0x38 /data/data/com.termux/files/home/arm-examples/decoders/incdec/GCC_Project/output/s3x_qos.o
                0x0000000000004b20                S3x_get_qos_rate
 .text.save_assert_info
                0x0000000000004b58       0x74 /data/data/com.termux/files/home/arm-examples/decoders/incdec/GCC_Project/output/sec_debug.o
                0x0000000000004b58                save_assert_info
 .text.invoke_soft_fault
                0x0000000000004bcc       0x20 /data/data/com.termux/files/home/arm-examples/decoders/incdec/GCC_Project/output/sec_debug.o
                0x0000000000004bcc                invoke_soft_fault
 .text.Reset_Handler
                0x0000000000004bec       0x2c /data/data/com.termux/files/home/arm-examples/decoders/incdec/GCC_Project/output/startup_EOSS3B_GCC.o
                0x0000000000004bec                Reset_Handler
 .text.__semihost_call
                0x0000000000004c18        0x6 /data/data/com.termux/files/home/arm-examples/decoders/incdec/GCC_Project/output/startup_EOSS3B_GCC.o
                0x0000000000004c18                __semihost_call
 *fill*         0x0000000000004c1e        0x2 
 .text.prvGetExpectedIdleTime
                0x0000000000004c20       0x3c /data/data/com.termux/files/home/arm-examples/decoders/incdec/GCC_Project/output/tasks.o
 .text.prvResetNextTaskUnblockTime
                0x0000000000004c5c       0x24 /data/data/com.termux/files/home/arm-examples/decoders/incdec/GCC_Project/output/tasks.o
 .text.prvAddCurrentTaskToDelayedList
                0x0000000000004c80       0x8c /data/data/com.termux/files/home/arm-examples/decoders/incdec/GCC_Project/output/tasks.o
 .text.xTaskCreate
                0x0000000000004d0c      0x1e0 /data/data/com.termux/files/home/arm-examples/decoders/incdec/GCC_Project/output/tasks.o
                0x0000000000004d0c                xTaskCreate
 .text.vTaskStartScheduler
                0x0000000000004eec       0x98 /data/data/com.termux/files/home/arm-examples/decoders/incdec/GCC_Project/output/tasks.o
                0x0000000000004eec                vTaskStartScheduler
 .text.vTaskSuspendAll
                0x0000000000004f84       0x10 /data/data/com.termux/files/home/arm-examples/decoders/incdec/GCC_Project/output/tasks.o
                0x0000000000004f84                vTaskSuspendAll
 .text.xTaskGetTickCount
                0x0000000000004f94        0xc /data/data/com.termux/files/home/arm-examples/decoders/incdec/GCC_Project/output/tasks.o
                0x0000000000004f94                xTaskGetTickCount
 .text.vTaskStepTick
                0x0000000000004fa0       0x44 /data/data/com.termux/files/home/arm-examples/decoders/incdec/GCC_Project/output/tasks.o
                0x0000000000004fa0                vTaskStepTick
 .text.xTaskIncrementTick
                0x0000000000004fe4      0x14c /data/data/com.termux/files/home/arm-examples/decoders/incdec/GCC_Project/output/tasks.o
                0x0000000000004fe4                xTaskIncrementTick
 .text.xTaskResumeAll
                0x0000000000005130      0x100 /data/data/com.termux/files/home/arm-examples/decoders/incdec/GCC_Project/output/tasks.o
                0x0000000000005130                xTaskResumeAll
 .text.vTaskDelay
                0x0000000000005230       0x60 /data/data/com.termux/files/home/arm-examples/decoders/incdec/GCC_Project/output/tasks.o
                0x0000000000005230                vTaskDelay
 .text.prvIdleTask
                0x0000000000005290       0xc4 /data/data/com.termux/files/home/arm-examples/decoders/incdec/GCC_Project/output/tasks.o
 .text.vTaskSwitchContext
                0x0000000000005354       0xb8 /data/data/com.termux/files/home/arm-examples/decoders/incdec/GCC_Project/output/tasks.o
                0x0000000000005354                vTaskSwitchContext
 .text.vTaskPlaceOnEventList
                0x000000000000540c       0x48 /data/data/com.termux/files/home/arm-examples/decoders/incdec/GCC_Project/output/tasks.o
                0x000000000000540c                vTaskPlaceOnEventList
 .text.vTaskPlaceOnEventListRestricted
                0x0000000000005454       0x50 /data/data/com.termux/files/home/arm-examples/decoders/incdec/GCC_Project/output/tasks.o
                0x0000000000005454                vTaskPlaceOnEventListRestricted
 .text.xTaskRemoveFromEventList
                0x00000000000054a4       0x9c /data/data/com.termux/files/home/arm-examples/decoders/incdec/GCC_Project/output/tasks.o
                0x00000000000054a4                xTaskRemoveFromEventList
 .text.vTaskInternalSetTimeOutState
                0x0000000000005540       0x18 /data/data/com.termux/files/home/arm-examples/decoders/incdec/GCC_Project/output/tasks.o
                0x0000000000005540                vTaskInternalSetTimeOutState
 .text.xTaskCheckForTimeOut
                0x0000000000005558       0x94 /data/data/com.termux/files/home/arm-examples/decoders/incdec/GCC_Project/output/tasks.o
                0x0000000000005558                xTaskCheckForTimeOut
 .text.vTaskMissedYield
                0x00000000000055ec        0xc /data/data/com.termux/files/home/arm-examples/decoders/incdec/GCC_Project/output/tasks.o
                0x00000000000055ec                vTaskMissedYield
 .text.uxTaskGetTCBNumber
                0x00000000000055f8       0x14 /data/data/com.termux/files/home/arm-examples/decoders/incdec/GCC_Project/output/tasks.o
                0x00000000000055f8                uxTaskGetTCBNumber
 .text.eTaskConfirmSleepModeStatus
                0x000000000000560c       0x34 /data/data/com.termux/files/home/arm-examples/decoders/incdec/GCC_Project/output/tasks.o
                0x000000000000560c                eTaskConfirmSleepModeStatus
 .text.xTaskGetCurrentTaskHandle
                0x0000000000005640        0xc /data/data/com.termux/files/home/arm-examples/decoders/incdec/GCC_Project/output/tasks.o
                0x0000000000005640                xTaskGetCurrentTaskHandle
 .text.xTaskGetSchedulerState
                0x000000000000564c       0x20 /data/data/com.termux/files/home/arm-examples/decoders/incdec/GCC_Project/output/tasks.o
                0x000000000000564c                xTaskGetSchedulerState
 .text.xTaskPriorityInherit
                0x000000000000566c       0xa8 /data/data/com.termux/files/home/arm-examples/decoders/incdec/GCC_Project/output/tasks.o
                0x000000000000566c                xTaskPriorityInherit
 .text.xTaskPriorityDisinherit
                0x0000000000005714       0xc4 /data/data/com.termux/files/home/arm-examples/decoders/incdec/GCC_Project/output/tasks.o
                0x0000000000005714                xTaskPriorityDisinherit
 .text.vTaskPriorityDisinheritAfterTimeout
                0x00000000000057d8       0xd8 /data/data/com.termux/files/home/arm-examples/decoders/incdec/GCC_Project/output/tasks.o
                0x00000000000057d8                vTaskPriorityDisinheritAfterTimeout
 .text.pvTaskIncrementMutexHeldCount
                0x00000000000058b0       0x18 /data/data/com.termux/files/home/arm-examples/decoders/incdec/GCC_Project/output/tasks.o
                0x00000000000058b0                pvTaskIncrementMutexHeldCount
 .text.prvCheckForValidListAndQueue
                0x00000000000058c8       0x58 /data/data/com.termux/files/home/arm-examples/decoders/incdec/GCC_Project/output/timers.o
 .text.prvInsertTimerInActiveList
                0x0000000000005920       0x3c /data/data/com.termux/files/home/arm-examples/decoders/incdec/GCC_Project/output/timers.o
 .text.xTimerCreateTimerTask
                0x000000000000595c       0x64 /data/data/com.termux/files/home/arm-examples/decoders/incdec/GCC_Project/output/timers.o
                0x000000000000595c                xTimerCreateTimerTask
 .text.xTimerCreate
                0x00000000000059c0       0x58 /data/data/com.termux/files/home/arm-examples/decoders/incdec/GCC_Project/output/timers.o
                0x00000000000059c0                xTimerCreate
 .text.xTimerGenericCommand
                0x0000000000005a18       0x70 /data/data/com.termux/files/home/arm-examples/decoders/incdec/GCC_Project/output/timers.o
                0x0000000000005a18                xTimerGenericCommand
 .text.prvSwitchTimerLists
                0x0000000000005a88       0x90 /data/data/com.termux/files/home/arm-examples/decoders/incdec/GCC_Project/output/timers.o
 .text.prvTimerTask
                0x0000000000005b18      0x218 /data/data/com.termux/files/home/arm-examples/decoders/incdec/GCC_Project/output/timers.o
 .text          0x0000000000005d30       0x30 /usr/lib/gcc/arm-none-eabi/9.2.1/thumb/v7e-m+fp/hard/libgcc.a(_aeabi_uldivmod.o)
                0x0000000000005d30                __aeabi_uldivmod
 .text          0x0000000000005d60      0x2c4 /usr/lib/gcc/arm-none-eabi/9.2.1/thumb/v7e-m+fp/hard/libgcc.a(_udivmoddi4.o)
                0x0000000000005d60                __udivmoddi4
 .text          0x0000000000006024        0x4 /usr/lib/gcc/arm-none-eabi/9.2.1/thumb/v7e-m+fp/hard/libgcc.a(_dvmd_tls.o)
                0x0000000000006024                __aeabi_ldiv0
                0x0000000000006024                __aeabi_idiv0
 .text          0x0000000000006028        0xc /usr/lib/gcc/arm-none-eabi/9.2.1/../../../arm-none-eabi/lib/thumb/v7e-m+fp/hard/libg_nano.a(lib_a-atexit.o)
                0x0000000000006028                atexit
 .text          0x0000000000006034       0x28 /usr/lib/gcc/arm-none-eabi/9.2.1/../../../arm-none-eabi/lib/thumb/v7e-m+fp/hard/libg_nano.a(lib_a-exit.o)
                0x0000000000006034                exit
 .text          0x000000000000605c       0x34 /usr/lib/gcc/arm-none-eabi/9.2.1/../../../arm-none-eabi/lib/thumb/v7e-m+fp/hard/libg_nano.a(lib_a-fini.o)
                0x000000000000605c                __libc_fini_array
 .text          0x0000000000006090       0x48 /usr/lib/gcc/arm-none-eabi/9.2.1/../../../arm-none-eabi/lib/thumb/v7e-m+fp/hard/libg_nano.a(lib_a-init.o)
                0x0000000000006090                __libc_init_array
 .text          0x00000000000060d8       0x20 /usr/lib/gcc/arm-none-eabi/9.2.1/../../../arm-none-eabi/lib/thumb/v7e-m+fp/hard/libg_nano.a(lib_a-malloc.o)
                0x00000000000060d8                malloc
                0x00000000000060e8                free
 .text          0x00000000000060f8      0x134 /usr/lib/gcc/arm-none-eabi/9.2.1/../../../arm-none-eabi/lib/thumb/v7e-m+fp/hard/libg_nano.a(lib_a-memcpy.o)
                0x00000000000060f8                memcpy
 .text          0x000000000000622c       0xa0 /usr/lib/gcc/arm-none-eabi/9.2.1/../../../arm-none-eabi/lib/thumb/v7e-m+fp/hard/libg_nano.a(lib_a-memset.o)
                0x000000000000622c                memset
 .text          0x00000000000062cc       0xac /usr/lib/gcc/arm-none-eabi/9.2.1/../../../arm-none-eabi/lib/thumb/v7e-m+fp/hard/libg_nano.a(lib_a-nano-freer.o)
                0x00000000000062cc                _free_r
 .text          0x0000000000006378       0xc8 /usr/lib/gcc/arm-none-eabi/9.2.1/../../../arm-none-eabi/lib/thumb/v7e-m+fp/hard/libg_nano.a(lib_a-nano-mallocr.o)
                0x0000000000006378                _malloc_r
 .text          0x0000000000006440       0x68 /usr/lib/gcc/arm-none-eabi/9.2.1/../../../arm-none-eabi/lib/thumb/v7e-m+fp/hard/libg_nano.a(lib_a-printf.o)
                0x0000000000006440                _printf_r
                0x0000000000006440                _iprintf_r
                0x0000000000006470                printf
                0x0000000000006470                iprintf
 .text          0x00000000000064a8       0xe8 /usr/lib/gcc/arm-none-eabi/9.2.1/../../../arm-none-eabi/lib/thumb/v7e-m+fp/hard/libg_nano.a(lib_a-puts.o)
                0x00000000000064a8                _puts_r
                0x0000000000006580                puts
 .text          0x0000000000006590       0x24 /usr/lib/gcc/arm-none-eabi/9.2.1/../../../arm-none-eabi/lib/thumb/v7e-m+fp/hard/libg_nano.a(lib_a-sbrkr.o)
                0x0000000000006590                _sbrk_r
 .text          0x00000000000065b4       0x1c /usr/lib/gcc/arm-none-eabi/9.2.1/../../../arm-none-eabi/lib/thumb/v7e-m+fp/hard/libg_nano.a(lib_a-setjmp.o)
                0x00000000000065b4                setjmp
                0x00000000000065c0                longjmp
 .text          0x00000000000065d0      0x110 /usr/lib/gcc/arm-none-eabi/9.2.1/../../../arm-none-eabi/lib/thumb/v7e-m+fp/hard/libg_nano.a(lib_a-snprintf.o)
                0x00000000000065d0                _sniprintf_r
                0x00000000000065d0                _snprintf_r
                0x0000000000006654                snprintf
                0x0000000000006654                sniprintf
 .text          0x00000000000066e0       0x80 /usr/lib/gcc/arm-none-eabi/9.2.1/../../../arm-none-eabi/lib/thumb/v7e-m+fp/hard/libg_nano.a(lib_a-sprintf.o)
                0x00000000000066e0                _siprintf_r
                0x00000000000066e0                _sprintf_r
                0x000000000000671c                sprintf
                0x000000000000671c                siprintf
 .text          0x0000000000006760       0xc8 /usr/lib/gcc/arm-none-eabi/9.2.1/../../../arm-none-eabi/lib/thumb/v7e-m+fp/hard/libg_nano.a(lib_a-strchr.o)
                0x0000000000006760                strchr
 *fill*         0x0000000000006828       0x18 
 .text          0x0000000000006840      0x2dc /usr/lib/gcc/arm-none-eabi/9.2.1/../../../arm-none-eabi/lib/thumb/v7e-m+fp/hard/libg_nano.a(lib_a-strcmp.o)
                0x0000000000006848                strcmp
 .text          0x0000000000006b1c       0xbc /usr/lib/gcc/arm-none-eabi/9.2.1/../../../arm-none-eabi/lib/thumb/v7e-m+fp/hard/libg_nano.a(lib_a-strcpy.o)
                0x0000000000006b1c                strcpy
 *fill*         0x0000000000006bd8       0x28 
 .text          0x0000000000006c00       0xdc /usr/lib/gcc/arm-none-eabi/9.2.1/../../../arm-none-eabi/lib/thumb/v7e-m+fp/hard/libg_nano.a(lib_a-strlen.o)
                0x0000000000006c00                strlen
 .text          0x0000000000006cdc       0x74 /usr/lib/gcc/arm-none-eabi/9.2.1/../../../arm-none-eabi/lib/thumb/v7e-m+fp/hard/libg_nano.a(lib_a-strncpy.o)
                0x0000000000006cdc                strncpy
 .text          0x0000000000006d50       0x24 /usr/lib/gcc/arm-none-eabi/9.2.1/../../../arm-none-eabi/lib/thumb/v7e-m+fp/hard/libg_nano.a(lib_a-strrchr.o)
                0x0000000000006d50                strrchr
 .text          0x0000000000006d74       0x70 /usr/lib/gcc/arm-none-eabi/9.2.1/../../../arm-none-eabi/lib/thumb/v7e-m+fp/hard/libg_nano.a(lib_a-strtok_r.o)
                0x0000000000006d74                __strtok_r
                0x0000000000006ddc                strtok_r
 .text          0x0000000000006de4      0x1c4 /usr/lib/gcc/arm-none-eabi/9.2.1/../../../arm-none-eabi/lib/thumb/v7e-m+fp/hard/libg_nano.a(lib_a-strtoll.o)
                0x0000000000006f74                _strtoll_r
                0x0000000000006f78                strtoll_l
                0x0000000000006f90                strtoll
 .text          0x0000000000006fa8      0x1f8 /usr/lib/gcc/arm-none-eabi/9.2.1/../../../arm-none-eabi/lib/thumb/v7e-m+fp/hard/libg_nano.a(lib_a-strtoull.o)
                0x000000000000716c                _strtoull_r
                0x0000000000007170                strtoull_l
                0x0000000000007188                strtoull
 .text          0x00000000000071a0       0x88 /usr/lib/gcc/arm-none-eabi/9.2.1/../../../arm-none-eabi/lib/thumb/v7e-m+fp/hard/libg_nano.a(lib_a-vsnprintf.o)
                0x00000000000071a0                _vsnprintf_r
                0x00000000000071a0                _vsniprintf_r
                0x000000000000720c                vsnprintf
                0x000000000000720c                vsniprintf
 .text          0x0000000000007228       0xc0 /usr/lib/gcc/arm-none-eabi/9.2.1/../../../arm-none-eabi/lib/thumb/v7e-m+fp/hard/libg_nano.a(lib_a-wbuf.o)
                0x0000000000007228                __swbuf_r
                0x00000000000072d8                __swbuf
 .text          0x00000000000072e8      0x100 /usr/lib/gcc/arm-none-eabi/9.2.1/../../../arm-none-eabi/lib/thumb/v7e-m+fp/hard/libg_nano.a(lib_a-wsetup.o)
                0x00000000000072e8                __swsetup_r
 .text          0x00000000000073e8       0xa0 /usr/lib/gcc/arm-none-eabi/9.2.1/../../../arm-none-eabi/lib/thumb/v7e-m+fp/hard/libg_nano.a(lib_a-__atexit.o)
                0x00000000000073e8                __register_exitproc
 .text          0x0000000000007488       0x9c /usr/lib/gcc/arm-none-eabi/9.2.1/../../../arm-none-eabi/lib/thumb/v7e-m+fp/hard/libg_nano.a(lib_a-__call_atexit.o)
                0x0000000000007488                __call_exitprocs
 .text          0x0000000000007524      0x1b0 /usr/lib/gcc/arm-none-eabi/9.2.1/../../../arm-none-eabi/lib/thumb/v7e-m+fp/hard/libg_nano.a(lib_a-fflush.o)
                0x0000000000007524                __sflush_r
                0x0000000000007650                _fflush_r
                0x00000000000076b0                fflush
 .text          0x00000000000076d4      0x210 /usr/lib/gcc/arm-none-eabi/9.2.1/../../../arm-none-eabi/lib/thumb/v7e-m+fp/hard/libg_nano.a(lib_a-findfp.o)
                0x00000000000076d8                _cleanup_r
                0x00000000000076e8                __sfmoreglue
                0x0000000000007718                __sfp
                0x0000000000007890                _cleanup
                0x00000000000078a4                __sinit
                0x00000000000078ac                __sfp_lock_acquire
                0x00000000000078b0                __sfp_lock_release
                0x00000000000078b4                __sinit_lock_acquire
                0x00000000000078b8                __sinit_lock_release
                0x00000000000078bc                __fp_lock_all
                0x00000000000078d0                __fp_unlock_all
 .text          0x00000000000078e4       0xa0 /usr/lib/gcc/arm-none-eabi/9.2.1/../../../arm-none-eabi/lib/thumb/v7e-m+fp/hard/libg_nano.a(lib_a-fwalk.o)
                0x00000000000078e4                _fwalk
                0x0000000000007930                _fwalk_reent
 .text          0x0000000000007984       0xf0 /usr/lib/gcc/arm-none-eabi/9.2.1/../../../arm-none-eabi/lib/thumb/v7e-m+fp/hard/libg_nano.a(lib_a-makebuf.o)
                0x0000000000007984                __swhatbuf_r
                0x00000000000079e0                __smakebuf_r
 .text          0x0000000000007a74        0x8 /usr/lib/gcc/arm-none-eabi/9.2.1/../../../arm-none-eabi/lib/thumb/v7e-m+fp/hard/libg_nano.a(lib_a-mlock.o)
                0x0000000000007a74                __malloc_lock
                0x0000000000007a78                __malloc_unlock
 .text          0x0000000000007a7c      0x42c /usr/lib/gcc/arm-none-eabi/9.2.1/../../../arm-none-eabi/lib/thumb/v7e-m+fp/hard/libg_nano.a(lib_a-nano-svfprintf.o)
                0x0000000000007a7c                __ssputs_r
                0x0000000000007b3c                __ssprint_r
                0x0000000000007c34                _svfprintf_r
                0x0000000000007c34                _svfiprintf_r
 .text          0x0000000000007ea8      0x364 /usr/lib/gcc/arm-none-eabi/9.2.1/../../../arm-none-eabi/lib/thumb/v7e-m+fp/hard/libg_nano.a(lib_a-nano-vfprintf.o)
                0x0000000000007ee4                __sfputs_r
                0x0000000000007f14                __sprint_r
                0x0000000000007f30                _vfiprintf_r
                0x0000000000007f30                _vfprintf_r
                0x00000000000081f4                vfiprintf
                0x00000000000081f4                vfprintf
 .text          0x000000000000820c      0x3c4 /usr/lib/gcc/arm-none-eabi/9.2.1/../../../arm-none-eabi/lib/thumb/v7e-m+fp/hard/libg_nano.a(lib_a-nano-vfprintf_i.o)
                0x000000000000820c                _printf_common
                0x0000000000008338                _printf_i
 .text          0x00000000000085d0       0x90 /usr/lib/gcc/arm-none-eabi/9.2.1/../../../arm-none-eabi/lib/thumb/v7e-m+fp/hard/libg_nano.a(lib_a-stdio.o)
                0x00000000000085d0                __sread
                0x00000000000085f4                __seofread
                0x00000000000085f8                __swrite
                0x0000000000008638                __sseek
                0x0000000000008658                __sclose
 .text          0x0000000000008660       0x2c /usr/lib/gcc/arm-none-eabi/9.2.1/../../../arm-none-eabi/lib/thumb/v7e-m+fp/hard/libg_nano.a(lib_a-writer.o)
                0x0000000000008660                _write_r
 .text          0x000000000000868c       0x24 /usr/lib/gcc/arm-none-eabi/9.2.1/../../../arm-none-eabi/lib/thumb/v7e-m+fp/hard/libg_nano.a(lib_a-closer.o)
                0x000000000000868c                _close_r
 .text          0x00000000000086b0       0x28 /usr/lib/gcc/arm-none-eabi/9.2.1/../../../arm-none-eabi/lib/thumb/v7e-m+fp/hard/libg_nano.a(lib_a-fstatr.o)
                0x00000000000086b0                _fstat_r
 .text          0x00000000000086d8      0x308 /usr/lib/gcc/arm-none-eabi/9.2.1/../../../arm-none-eabi/lib/thumb/v7e-m+fp/hard/libg_nano.a(lib_a-fvwrite.o)
                0x00000000000086d8                __sfvwrite_r
 .text          0x00000000000089e0       0x24 /usr/lib/gcc/arm-none-eabi/9.2.1/../../../arm-none-eabi/lib/thumb/v7e-m+fp/hard/libg_nano.a(lib_a-isattyr.o)
                0x00000000000089e0                _isatty_r
 .text          0x0000000000008a04       0x2c /usr/lib/gcc/arm-none-eabi/9.2.1/../../../arm-none-eabi/lib/thumb/v7e-m+fp/hard/libg_nano.a(lib_a-lseekr.o)
                0x0000000000008a04                _lseek_r
 .text          0x0000000000008a30       0xa0 /usr/lib/gcc/arm-none-eabi/9.2.1/../../../arm-none-eabi/lib/thumb/v7e-m+fp/hard/libg_nano.a(lib_a-memchr.o)
                0x0000000000008a30                memchr
 .text          0x0000000000008ad0       0xd0 /usr/lib/gcc/arm-none-eabi/9.2.1/../../../arm-none-eabi/lib/thumb/v7e-m+fp/hard/libg_nano.a(lib_a-memmove.o)
                0x0000000000008ad0                memmove
 .text          0x0000000000008ba0       0x4c /usr/lib/gcc/arm-none-eabi/9.2.1/../../../arm-none-eabi/lib/thumb/v7e-m+fp/hard/libg_nano.a(lib_a-nano-reallocr.o)
                0x0000000000008ba0                _realloc_r
 .text          0x0000000000008bec       0x2c /usr/lib/gcc/arm-none-eabi/9.2.1/../../../arm-none-eabi/lib/thumb/v7e-m+fp/hard/libg_nano.a(lib_a-readr.o)
                0x0000000000008bec                _read_r
 .text          0x0000000000008c18       0x10 /usr/lib/gcc/arm-none-eabi/9.2.1/../../../arm-none-eabi/lib/thumb/v7e-m+fp/hard/libg_nano.a(lib_a-nano-msizer.o)
                0x0000000000008c18                _malloc_usable_size_r
 .text          0x0000000000008c28       0x10 /usr/lib/gcc/arm-none-eabi/9.2.1/../../../arm-none-eabi/lib/thumb/v7e-m+fp/hard/libnosys.a(fstat.o)
                0x0000000000008c28                _fstat
 .text          0x0000000000008c38       0x10 /usr/lib/gcc/arm-none-eabi/9.2.1/../../../arm-none-eabi/lib/thumb/v7e-m+fp/hard/libnosys.a(isatty.o)
                0x0000000000008c38                _isatty
 .text          0x0000000000008c48       0x1c /usr/lib/gcc/arm-none-eabi/9.2.1/../../../arm-none-eabi/lib/thumb/v7e-m+fp/hard/libnosys.a(sbrk.o)
                0x0000000000008c48                _sbrk
 .text          0x0000000000008c64        0x4 /usr/lib/gcc/arm-none-eabi/9.2.1/../../../arm-none-eabi/lib/thumb/v7e-m+fp/hard/libnosys.a(_exit.o)
                0x0000000000008c64                _exit
 *(.init)
 .init          0x0000000000008c68        0x4 /usr/lib/gcc/arm-none-eabi/9.2.1/thumb/v7e-m+fp/hard/crti.o
                0x0000000000008c68                _init
 .init          0x0000000000008c6c        0x8 /usr/lib/gcc/arm-none-eabi/9.2.1/thumb/v7e-m+fp/hard/crtn.o
 *(.fini)
 .fini          0x0000000000008c74        0x4 /usr/lib/gcc/arm-none-eabi/9.2.1/thumb/v7e-m+fp/hard/crti.o
                0x0000000000008c74                _fini
 .fini          0x0000000000008c78        0x8 /usr/lib/gcc/arm-none-eabi/9.2.1/thumb/v7e-m+fp/hard/crtn.o
 *crtbegin.o(.ctors)
 *crtbegin?.o(.ctors)
 *(EXCLUDE_FILE(*crtend.o *crtend?.o) .ctors)
 *(SORT_BY_NAME(.ctors.*))
 *(.ctors)
 *crtbegin.o(.dtors)
 *crtbegin?.o(.dtors)
 *(EXCLUDE_FILE(*crtend.o *crtend?.o) .dtors)
 *(SORT_BY_NAME(.dtors.*))
 *(.dtors)
 *(.rodata*)
 .rodata.CLI_string_ptr_get_subcmd.str1.1
                0x0000000000008c80        0xc /data/data/com.termux/files/home/arm-examples/decoders/incdec/GCC_Project/output/cli_args.o
 .rodata.CLI_numX_getshow_X.str1.1
                0x0000000000008c8c       0x23 /data/data/com.termux/files/home/arm-examples/decoders/incdec/GCC_Project/output/cli_args.o
 .rodata.handle_help.str1.1
                0x0000000000008caf       0x2e /data/data/com.termux/files/home/arm-examples/decoders/incdec/GCC_Project/output/cli_loop.o
                                         0x33 (size before relaxing)
 .rodata.CLI_cmd_stack_push.str1.1
                0x0000000000008cdd       0x1a /data/data/com.termux/files/home/arm-examples/decoders/incdec/GCC_Project/output/cli_loop.o
 .rodata.CLI_cmd_stack_pop.str1.1
                0x0000000000008cf7       0x16 /data/data/com.termux/files/home/arm-examples/decoders/incdec/GCC_Project/output/cli_loop.o
 .rodata.handle_exit.str1.1
                0x0000000000008d0d        0xa /data/data/com.termux/files/home/arm-examples/decoders/incdec/GCC_Project/output/cli_loop.o
 .rodata.CLI_print_prompt.str1.1
                0x0000000000008d17        0xd /data/data/com.termux/files/home/arm-examples/decoders/incdec/GCC_Project/output/cli_loop.o
 .rodata.CLI_dispatch_subcmd.str1.1
                0x0000000000008d24       0x2a /data/data/com.termux/files/home/arm-examples/decoders/incdec/GCC_Project/output/cli_loop.o
 .rodata.CLI_dispatch.str1.1
                0x0000000000008d4e       0x21 /data/data/com.termux/files/home/arm-examples/decoders/incdec/GCC_Project/output/cli_loop.o
 .rodata.CLI_verror.str1.1