Archive member included to satisfy reference by file (symbol)

/home/somesh/qorc-sdk/arm_toolchain_install/gcc-arm-none-eabi-9-2020-q2-update/bin/../lib/gcc/arm-none-eabi/9.3.1/thumb/v7e-m+fp/hard/libgcc.a(_arm_muldf3.o)
                              /home/somesh/pygmy-dev/pygmy-sdk/onion-apps/qorc_gpiocontroller_wb/m4/GCC_Project/output/ql_test_signals.o (__aeabi_dmul)
/home/somesh/qorc-sdk/arm_toolchain_install/gcc-arm-none-eabi-9-2020-q2-update/bin/../lib/gcc/arm-none-eabi/9.3.1/thumb/v7e-m+fp/hard/libgcc.a(_arm_addsubdf3.o)
                              /home/somesh/pygmy-dev/pygmy-sdk/onion-apps/qorc_gpiocontroller_wb/m4/GCC_Project/output/ql_test_signals.o (__aeabi_dadd)
/home/somesh/qorc-sdk/arm_toolchain_install/gcc-arm-none-eabi-9-2020-q2-update/bin/../lib/gcc/arm-none-eabi/9.3.1/thumb/v7e-m+fp/hard/libgcc.a(_arm_muldivdf3.o)
                              /home/somesh/pygmy-dev/pygmy-sdk/onion-apps/qorc_gpiocontroller_wb/m4/GCC_Project/output/eoss3_hal_i2c.o (__aeabi_ddiv)
/home/somesh/qorc-sdk/arm_toolchain_install/gcc-arm-none-eabi-9-2020-q2-update/bin/../lib/gcc/arm-none-eabi/9.3.1/thumb/v7e-m+fp/hard/libgcc.a(_arm_fixdfsi.o)
                              /home/somesh/pygmy-dev/pygmy-sdk/onion-apps/qorc_gpiocontroller_wb/m4/GCC_Project/output/ql_test_signals.o (__aeabi_d2iz)
/home/somesh/qorc-sdk/arm_toolchain_install/gcc-arm-none-eabi-9-2020-q2-update/bin/../lib/gcc/arm-none-eabi/9.3.1/thumb/v7e-m+fp/hard/libgcc.a(_arm_truncdfsf2.o)
                              /home/somesh/pygmy-dev/pygmy-sdk/onion-apps/qorc_gpiocontroller_wb/m4/GCC_Project/output/eoss3_hal_i2c.o (__aeabi_d2f)
/home/somesh/qorc-sdk/arm_toolchain_install/gcc-arm-none-eabi-9-2020-q2-update/bin/../lib/gcc/arm-none-eabi/9.3.1/thumb/v7e-m+fp/hard/libgcc.a(_aeabi_ldivmod.o)
                              /home/somesh/pygmy-dev/pygmy-sdk/onion-apps/qorc_gpiocontroller_wb/m4/GCC_Project/output/dbg_uart.o (__aeabi_ldivmod)
/home/somesh/qorc-sdk/arm_toolchain_install/gcc-arm-none-eabi-9-2020-q2-update/bin/../lib/gcc/arm-none-eabi/9.3.1/thumb/v7e-m+fp/hard/libgcc.a(_aeabi_uldivmod.o)
                              /home/somesh/pygmy-dev/pygmy-sdk/onion-apps/qorc_gpiocontroller_wb/m4/GCC_Project/output/s3x_lpm.o (__aeabi_uldivmod)
/home/somesh/qorc-sdk/arm_toolchain_install/gcc-arm-none-eabi-9-2020-q2-update/bin/../lib/gcc/arm-none-eabi/9.3.1/thumb/v7e-m+fp/hard/libgcc.a(_udivmoddi4.o)
                              /home/somesh/qorc-sdk/arm_toolchain_install/gcc-arm-none-eabi-9-2020-q2-update/bin/../lib/gcc/arm-none-eabi/9.3.1/thumb/v7e-m+fp/hard/libgcc.a(_aeabi_ldivmod.o) (__udivmoddi4)
/home/somesh/qorc-sdk/arm_toolchain_install/gcc-arm-none-eabi-9-2020-q2-update/bin/../lib/gcc/arm-none-eabi/9.3.1/thumb/v7e-m+fp/hard/libgcc.a(_dvmd_tls.o)
                              /home/somesh/qorc-sdk/arm_toolchain_install/gcc-arm-none-eabi-9-2020-q2-update/bin/../lib/gcc/arm-none-eabi/9.3.1/thumb/v7e-m+fp/hard/libgcc.a(_aeabi_ldivmod.o) (__aeabi_ldiv0)
/home/somesh/qorc-sdk/arm_toolchain_install/gcc-arm-none-eabi-9-2020-q2-update/bin/../lib/gcc/arm-none-eabi/9.3.1/../../../../arm-none-eabi/lib/thumb/v7e-m+fp/hard/libg_nano.a(lib_a-exit.o)
                              /home/somesh/qorc-sdk/arm_toolchain_install/gcc-arm-none-eabi-9-2020-q2-update/bin/../lib/gcc/arm-none-eabi/9.3.1/../../../../arm-none-eabi/lib/thumb/v7e-m+fp/hard/crt0.o (exit)
/home/somesh/qorc-sdk/arm_toolchain_install/gcc-arm-none-eabi-9-2020-q2-update/bin/../lib/gcc/arm-none-eabi/9.3.1/../../../../arm-none-eabi/lib/thumb/v7e-m+fp/hard/libg_nano.a(lib_a-impure.o)
                              /home/somesh/qorc-sdk/arm_toolchain_install/gcc-arm-none-eabi-9-2020-q2-update/bin/../lib/gcc/arm-none-eabi/9.3.1/../../../../arm-none-eabi/lib/thumb/v7e-m+fp/hard/libg_nano.a(lib_a-exit.o) (_global_impure_ptr)
/home/somesh/qorc-sdk/arm_toolchain_install/gcc-arm-none-eabi-9-2020-q2-update/bin/../lib/gcc/arm-none-eabi/9.3.1/../../../../arm-none-eabi/lib/thumb/v7e-m+fp/hard/libg_nano.a(lib_a-init.o)
                              /home/somesh/qorc-sdk/arm_toolchain_install/gcc-arm-none-eabi-9-2020-q2-update/bin/../lib/gcc/arm-none-eabi/9.3.1/../../../../arm-none-eabi/lib/thumb/v7e-m+fp/hard/crt0.o (__libc_init_array)
/home/somesh/qorc-sdk/arm_toolchain_install/gcc-arm-none-eabi-9-2020-q2-update/bin/../lib/gcc/arm-none-eabi/9.3.1/../../../../arm-none-eabi/lib/thumb/v7e-m+fp/hard/libg_nano.a(lib_a-malloc.o)
                              /home/somesh/pygmy-dev/pygmy-sdk/onion-apps/qorc_gpiocontroller_wb/m4/GCC_Project/output/circularBuffQueue.o (malloc)
/home/somesh/qorc-sdk/arm_toolchain_install/gcc-arm-none-eabi-9-2020-q2-update/bin/../lib/gcc/arm-none-eabi/9.3.1/../../../../arm-none-eabi/lib/thumb/v7e-m+fp/hard/libg_nano.a(lib_a-memcpy-stub.o)
                              /home/somesh/pygmy-dev/pygmy-sdk/onion-apps/qorc_gpiocontroller_wb/m4/GCC_Project/output/cli_args.o (memcpy)
[...]
Memory Configuration

Name             Origin             Length             Attributes
rom              0x0000000000000000 0x0000000000027000 xr
ram              0x0000000020027000 0x000000000003c800 xrw
spiram           0x0000000020063800 0x0000000000000800 rw
HWA              0x0000000020064000 0x0000000000018000 rw
shm              0x000000002007c000 0x0000000000004000
*default*        0x0000000000000000 0xffffffffffffffff

Linker script and memory map

LOAD /home/somesh/qorc-sdk/arm_toolchain_install/gcc-arm-none-eabi-9-2020-q2-update/bin/../lib/gcc/arm-none-eabi/9.3.1/thumb/v7e-m+fp/hard/crti.o
LOAD /home/somesh/qorc-sdk/arm_toolchain_install/gcc-arm-none-eabi-9-2020-q2-update/bin/../lib/gcc/arm-none-eabi/9.3.1/thumb/v7e-m+fp/hard/crtbegin.o
LOAD /home/somesh/qorc-sdk/arm_toolchain_install/gcc-arm-none-eabi-9-2020-q2-update/bin/../lib/gcc/arm-none-eabi/9.3.1/../../../../arm-none-eabi/lib/thumb/v7e-m+fp/hard/crt0.o
LOAD /home/somesh/pygmy-dev/pygmy-sdk/onion-apps/qorc_gpiocontroller_wb/m4/GCC_Project/output/c_lib_retarget.o
LOAD /home/somesh/pygmy-dev/pygmy-sdk/onion-apps/qorc_gpiocontroller_wb/m4/GCC_Project/output/circularBuffQueue.o
LOAD /home/somesh/pygmy-dev/pygmy-sdk/onion-apps/qorc_gpiocontroller_wb/m4/GCC_Project/output/cli_args.o
LOAD /home/somesh/pygmy-dev/pygmy-sdk/onion-apps/qorc_gpiocontroller_wb/m4/GCC_Project/output/cli_hexdump.o
LOAD /home/somesh/pygmy-dev/pygmy-sdk/onion-apps/qorc_gpiocontroller_wb/m4/GCC_Project/output/cli_io.o
LOAD /home/somesh/pygmy-dev/pygmy-sdk/onion-apps/qorc_gpiocontroller_wb/m4/GCC_Project/output/cli_loop.o
LOAD /home/somesh/pygmy-dev/pygmy-sdk/onion-apps/qorc_gpiocontroller_wb/m4/GCC_Project/output/cli_misc.o
LOAD /home/somesh/pygmy-dev/pygmy-sdk/onion-apps/qorc_gpiocontroller_wb/m4/GCC_Project/output/cli_platform.o
LOAD /home/somesh/pygmy-dev/pygmy-sdk/onion-apps/qorc_gpiocontroller_wb/m4/GCC_Project/output/cli_stdcmds.o
LOAD /home/somesh/pygmy-dev/pygmy-sdk/onion-apps/qorc_gpiocontroller_wb/m4/GCC_Project/output/crc16.o
LOAD /home/somesh/pygmy-dev/pygmy-sdk/onion-apps/qorc_gpiocontroller_wb/m4/GCC_Project/output/crc32.o
LOAD /home/somesh/pygmy-dev/pygmy-sdk/onion-apps/qorc_gpiocontroller_wb/m4/GCC_Project/output/croutine.o
LOAD /home/somesh/pygmy-dev/pygmy-sdk/onion-apps/qorc_gpiocontroller_wb/m4/GCC_Project/output/dbg_bufferedprinttask.o
LOAD /home/somesh/pygmy-dev/pygmy-sdk/onion-apps/qorc_gpiocontroller_wb/m4/GCC_Project/output/dbg_queue_monitor.o
LOAD /home/somesh/pygmy-dev/pygmy-sdk/onion-apps/qorc_gpiocontroller_wb/m4/GCC_Project/output/dbg_uart.o
LOAD /home/somesh/pygmy-dev/pygmy-sdk/onion-apps/qorc_gpiocontroller_wb/m4/GCC_Project/output/dbgtrace.o
LOAD /home/somesh/pygmy-dev/pygmy-sdk/onion-apps/qorc_gpiocontroller_wb/m4/GCC_Project/output/eoss3_hal_adc.o
LOAD /home/somesh/pygmy-dev/pygmy-sdk/onion-apps/qorc_gpiocontroller_wb/m4/GCC_Project/output/eoss3_hal_gpio.o
LOAD /home/somesh/pygmy-dev/pygmy-sdk/onion-apps/qorc_gpiocontroller_wb/m4/GCC_Project/output/eoss3_hal_i2c.o
LOAD /home/somesh/pygmy-dev/pygmy-sdk/onion-apps/qorc_gpiocontroller_wb/m4/GCC_Project/output/eoss3_hal_i2s.o
LOAD /home/somesh/pygmy-dev/pygmy-sdk/onion-apps/qorc_gpiocontroller_wb/m4/GCC_Project/output/eoss3_hal_i2s_slave_assp.o
LOAD /home/somesh/pygmy-dev/pygmy-sdk/onion-apps/qorc_gpiocontroller_wb/m4/GCC_Project/output/eoss3_hal_pad_config.o
LOAD /home/somesh/pygmy-dev/pygmy-sdk/onion-apps/qorc_gpiocontroller_wb/m4/GCC_Project/output/eoss3_hal_pkfb.o
LOAD /home/somesh/pygmy-dev/pygmy-sdk/onion-apps/qorc_gpiocontroller_wb/m4/GCC_Project/output/eoss3_hal_rtc.o
LOAD /home/somesh/pygmy-dev/pygmy-sdk/onion-apps/qorc_gpiocontroller_wb/m4/GCC_Project/output/eoss3_hal_sdma.o
LOAD /home/somesh/pygmy-dev/pygmy-sdk/onion-apps/qorc_gpiocontroller_wb/m4/GCC_Project/output/eoss3_hal_spi.o
LOAD /home/somesh/pygmy-dev/pygmy-sdk/onion-apps/qorc_gpiocontroller_wb/m4/GCC_Project/output/eoss3_hal_timer.o
LOAD /home/somesh/pygmy-dev/pygmy-sdk/onion-apps/qorc_gpiocontroller_wb/m4/GCC_Project/output/eoss3_hal_uart.o
LOAD /home/somesh/pygmy-dev/pygmy-sdk/onion-apps/qorc_gpiocontroller_wb/m4/GCC_Project/output/eoss3_hal_wb.o
LOAD /home/somesh/pygmy-dev/pygmy-sdk/onion-apps/qorc_gpiocontroller_wb/m4/GCC_Project/output/eoss3_hal_wdt.o
LOAD /home/somesh/pygmy-dev/pygmy-sdk/onion-apps/qorc_gpiocontroller_wb/m4/GCC_Project/output/event_groups.o
LOAD /home/somesh/pygmy-dev/pygmy-sdk/onion-apps/qorc_gpiocontroller_wb/m4/GCC_Project/output/exceptions.o
LOAD /home/somesh/pygmy-dev/pygmy-sdk/onion-apps/qorc_gpiocontroller_wb/m4/GCC_Project/output/freertos_static_memory.o
LOAD /home/somesh/pygmy-dev/pygmy-sdk/onion-apps/qorc_gpiocontroller_wb/m4/GCC_Project/output/heap_4.o
LOAD /home/somesh/pygmy-dev/pygmy-sdk/onion-apps/qorc_gpiocontroller_wb/m4/GCC_Project/output/hearable_pwrcfg.o
LOAD /home/somesh/pygmy-dev/pygmy-sdk/onion-apps/qorc_gpiocontroller_wb/m4/GCC_Project/output/leds.o
LOAD /home/somesh/pygmy-dev/pygmy-sdk/onion-apps/qorc_gpiocontroller_wb/m4/GCC_Project/output/list.o
LOAD /home/somesh/pygmy-dev/pygmy-sdk/onion-apps/qorc_gpiocontroller_wb/m4/GCC_Project/output/main.o
LOAD /home/somesh/pygmy-dev/pygmy-sdk/onion-apps/qorc_gpiocontroller_wb/m4/GCC_Project/output/main_dbg_cli_menu.o
LOAD /home/somesh/pygmy-dev/pygmy-sdk/onion-apps/qorc_gpiocontroller_wb/m4/GCC_Project/output/pincfg_table.o
LOAD /home/somesh/pygmy-dev/pygmy-sdk/onion-apps/qorc_gpiocontroller_wb/m4/GCC_Project/output/port.o
LOAD /home/somesh/pygmy-dev/pygmy-sdk/onion-apps/qorc_gpiocontroller_wb/m4/GCC_Project/output/qf_baremetalsetup.o
LOAD /home/somesh/pygmy-dev/pygmy-sdk/onion-apps/qorc_gpiocontroller_wb/m4/GCC_Project/output/qf_hardwaresetup.o
LOAD /home/somesh/pygmy-dev/pygmy-sdk/onion-apps/qorc_gpiocontroller_wb/m4/GCC_Project/output/ql_base64.o
LOAD /home/somesh/pygmy-dev/pygmy-sdk/onion-apps/qorc_gpiocontroller_wb/m4/GCC_Project/output/ql_stackwatermark.o
LOAD /home/somesh/pygmy-dev/pygmy-sdk/onion-apps/qorc_gpiocontroller_wb/m4/GCC_Project/output/ql_test_signals.o
LOAD /home/somesh/pygmy-dev/pygmy-sdk/onion-apps/qorc_gpiocontroller_wb/m4/GCC_Project/output/ql_time.o
LOAD /home/somesh/pygmy-dev/pygmy-sdk/onion-apps/qorc_gpiocontroller_wb/m4/GCC_Project/output/queue.o
LOAD /home/somesh/pygmy-dev/pygmy-sdk/onion-apps/qorc_gpiocontroller_wb/m4/GCC_Project/output/s3x_clock.o
LOAD /home/somesh/pygmy-dev/pygmy-sdk/onion-apps/qorc_gpiocontroller_wb/m4/GCC_Project/output/s3x_clock_hal.o
LOAD /home/somesh/pygmy-dev/pygmy-sdk/onion-apps/qorc_gpiocontroller_wb/m4/GCC_Project/output/s3x_cpuload.o
LOAD /home/somesh/pygmy-dev/pygmy-sdk/onion-apps/qorc_gpiocontroller_wb/m4/GCC_Project/output/s3x_dfs.o
LOAD /home/somesh/pygmy-dev/pygmy-sdk/onion-apps/qorc_gpiocontroller_wb/m4/GCC_Project/output/s3x_lpm.o
LOAD /home/somesh/pygmy-dev/pygmy-sdk/onion-apps/qorc_gpiocontroller_wb/m4/GCC_Project/output/s3x_pi.o
LOAD /home/somesh/pygmy-dev/pygmy-sdk/onion-apps/qorc_gpiocontroller_wb/m4/GCC_Project/output/s3x_pwrcfg.o
LOAD /home/somesh/pygmy-dev/pygmy-sdk/onion-apps/qorc_gpiocontroller_wb/m4/GCC_Project/output/s3x_qos.o
LOAD /home/somesh/pygmy-dev/pygmy-sdk/onion-apps/qorc_gpiocontroller_wb/m4/GCC_Project/output/sec_debug.o
LOAD /home/somesh/pygmy-dev/pygmy-sdk/onion-apps/qorc_gpiocontroller_wb/m4/GCC_Project/output/spi_flash.o
LOAD /home/somesh/pygmy-dev/pygmy-sdk/onion-apps/qorc_gpiocontroller_wb/m4/GCC_Project/output/startup_EOSS3B_GCC.o
LOAD /home/somesh/pygmy-dev/pygmy-sdk/onion-apps/qorc_gpiocontroller_wb/m4/GCC_Project/output/stream_buffer.o
LOAD /home/somesh/pygmy-dev/pygmy-sdk/onion-apps/qorc_gpiocontroller_wb/m4/GCC_Project/output/tasks.o
LOAD /home/somesh/pygmy-dev/pygmy-sdk/onion-apps/qorc_gpiocontroller_wb/m4/GCC_Project/output/timers.o
LOAD /home/somesh/pygmy-dev/pygmy-sdk/onion-apps/qorc_gpiocontroller_wb/m4/GCC_Project/output/vectors_CM4F_gcc.o
LOAD /home/somesh/pygmy-dev/pygmy-sdk/onion-apps/qorc_gpiocontroller_wb/m4/GCC_Project/output/watchdog.o
LOAD /home/somesh/qorc-sdk/arm_toolchain_install/gcc-arm-none-eabi-9-2020-q2-update/bin/../lib/gcc/arm-none-eabi/9.3.1/../../../../arm-none-eabi/lib/thumb/v7e-m+fp/hard/libm.a
LOAD /home/somesh/pygmy-dev/pygmy-sdk/onion-apps/qorc_gpiocontroller_wb/m4/GCC_Project/../../../../Libraries/CMSIS/lib/GCC/libarm_cortexM4lf_math.a
START GROUP
LOAD /home/somesh/qorc-sdk/arm_toolchain_install/gcc-arm-none-eabi-9-2020-q2-update/bin/../lib/gcc/arm-none-eabi/9.3.1/thumb/v7e-m+fp/hard/libgcc.a
LOAD /home/somesh/qorc-sdk/arm_toolchain_install/gcc-arm-none-eabi-9-2020-q2-update/bin/../lib/gcc/arm-none-eabi/9.3.1/../../../../arm-none-eabi/lib/thumb/v7e-m+fp/hard/libg_nano.a
LOAD /home/somesh/qorc-sdk/arm_toolchain_install/gcc-arm-none-eabi-9-2020-q2-update/bin/../lib/gcc/arm-none-eabi/9.3.1/../../../../arm-none-eabi/lib/thumb/v7e-m+fp/hard/libc_nano.a
END GROUP
START GROUP
LOAD /home/somesh/qorc-sdk/arm_toolchain_install/gcc-arm-none-eabi-9-2020-q2-update/bin/../lib/gcc/arm-none-eabi/9.3.1/thumb/v7e-m+fp/hard/libgcc.a
LOAD /home/somesh/qorc-sdk/arm_toolchain_install/gcc-arm-none-eabi-9-2020-q2-update/bin/../lib/gcc/arm-none-eabi/9.3.1/../../../../arm-none-eabi/lib/thumb/v7e-m+fp/hard/libc_nano.a
LOAD /home/somesh/qorc-sdk/arm_toolchain_install/gcc-arm-none-eabi-9-2020-q2-update/bin/../lib/gcc/arm-none-eabi/9.3.1/../../../../arm-none-eabi/lib/thumb/v7e-m+fp/hard/libnosys.a
END GROUP
START GROUP
LOAD /home/somesh/qorc-sdk/arm_toolchain_install/gcc-arm-none-eabi-9-2020-q2-update/bin/../lib/gcc/arm-none-eabi/9.3.1/thumb/v7e-m+fp/hard/libgcc.a
LOAD /home/somesh/qorc-sdk/arm_toolchain_install/gcc-arm-none-eabi-9-2020-q2-update/bin/../lib/gcc/arm-none-eabi/9.3.1/../../../../arm-none-eabi/lib/thumb/v7e-m+fp/hard/libc_nano.a
LOAD /home/somesh/qorc-sdk/arm_toolchain_install/gcc-arm-none-eabi-9-2020-q2-update/bin/../lib/gcc/arm-none-eabi/9.3.1/../../../../arm-none-eabi/lib/thumb/v7e-m+fp/hard/libnosys.a
END GROUP
LOAD /home/somesh/qorc-sdk/arm_toolchain_install/gcc-arm-none-eabi-9-2020-q2-update/bin/../lib/gcc/arm-none-eabi/9.3.1/thumb/v7e-m+fp/hard/crtend.o
LOAD /home/somesh/qorc-sdk/arm_toolchain_install/gcc-arm-none-eabi-9-2020-q2-update/bin/../lib/gcc/arm-none-eabi/9.3.1/thumb/v7e-m+fp/hard/crtn.o

.text           0x0000000000000000     0x876f
 *(.isr_vector)
 .isr_vector    0x0000000000000000      0x124 /home/somesh/pygmy-dev/pygmy-sdk/onion-apps/qorc_gpiocontroller_wb/m4/GCC_Project/output/vectors_CM4F_gcc.o
                0x0000000000000000                __Vectors
 *(.text*)
 .text          0x0000000000000124       0x40 /home/somesh/qorc-sdk/arm_toolchain_install/gcc-arm-none-eabi-9-2020-q2-update/bin/../lib/gcc/arm-none-eabi/9.3.1/thumb/v7e-m+fp/hard/crtbegin.o
 .text          0x0000000000000164       0x7c /home/somesh/qorc-sdk/arm_toolchain_install/gcc-arm-none-eabi-9-2020-q2-update/bin/../lib/gcc/arm-none-eabi/9.3.1/../../../../arm-none-eabi/lib/thumb/v7e-m+fp/hard/crt0.o
                0x0000000000000164                _stack_init
                0x000000000000016c                _mainCRTStartup
                0x000000000000016c                _start
 .text._write   0x00000000000001e0        0xe /home/somesh/pygmy-dev/pygmy-sdk/onion-apps/qorc_gpiocontroller_wb/m4/GCC_Project/output/c_lib_retarget.o
                0x00000000000001e0                _write
 .text._close   0x00000000000001ee        0x6 /home/somesh/pygmy-dev/pygmy-sdk/onion-apps/qorc_gpiocontroller_wb/m4/GCC_Project/output/c_lib_retarget.o
                0x00000000000001ee                _close
 .text._lseek   0x00000000000001f4        0x4 /home/somesh/pygmy-dev/pygmy-sdk/onion-apps/qorc_gpiocontroller_wb/m4/GCC_Project/output/c_lib_retarget.o
                0x00000000000001f4                _lseek
 .text._read    0x00000000000001f8        0x4 /home/somesh/pygmy-dev/pygmy-sdk/onion-apps/qorc_gpiocontroller_wb/m4/GCC_Project/output/c_lib_retarget.o
                0x00000000000001f8                _read
 .text.do_str_fetch
                0x00000000000001fc       0x38 /home/somesh/pygmy-dev/pygmy-sdk/onion-apps/qorc_gpiocontroller_wb/m4/GCC_Project/output/cli_args.o
 .text.CLI_string_ptr_get_subcmd
                0x0000000000000234       0x20 /home/somesh/pygmy-dev/pygmy-sdk/onion-apps/qorc_gpiocontroller_wb/m4/GCC_Project/output/cli_args.o
                0x0000000000000234                CLI_string_ptr_get_subcmd
 .text.CLI_numX_getshow_X
                0x0000000000000254      0x188 /home/somesh/pygmy-dev/pygmy-sdk/onion-apps/qorc_gpiocontroller_wb/m4/GCC_Project/output/cli_args.o
                0x0000000000000254                CLI_numX_getshow_X
 .text.CLI_uint8_getshow
                0x00000000000003dc        0x8 /home/somesh/pygmy-dev/pygmy-sdk/onion-apps/qorc_gpiocontroller_wb/m4/GCC_Project/output/cli_args.o
                0x00000000000003dc                CLI_uint8_getshow
 .text.append_key
                0x00000000000003e4       0x30 /home/somesh/pygmy-dev/pygmy-sdk/onion-apps/qorc_gpiocontroller_wb/m4/GCC_Project/output/cli_io.o
 .text.get_key_ignore_null
                0x0000000000000414       0x18 /home/somesh/pygmy-dev/pygmy-sdk/onion-apps/qorc_gpiocontroller_wb/m4/GCC_Project/output/cli_io.o
 .text.CLI_getkey_peek
                0x000000000000042c      0x110 /home/somesh/pygmy-dev/pygmy-sdk/onion-apps/qorc_gpiocontroller_wb/m4/GCC_Project/output/cli_io.o
                0x000000000000042c                CLI_getkey_peek
 .text.CLI_getkey
                0x000000000000053c       0x30 /home/somesh/pygmy-dev/pygmy-sdk/onion-apps/qorc_gpiocontroller_wb/m4/GCC_Project/output/cli_io.o
                0x000000000000053c                CLI_getkey
 .text.CLI_col0_timestamp
                0x000000000000056c       0x78 /home/somesh/pygmy-dev/pygmy-sdk/onion-apps/qorc_gpiocontroller_wb/m4/GCC_Project/output/cli_io.o
                0x000000000000056c                CLI_col0_timestamp
 .text.CLI_putc
                0x00000000000005e4       0x4c /home/somesh/pygmy-dev/pygmy-sdk/onion-apps/qorc_gpiocontroller_wb/m4/GCC_Project/output/cli_io.o
                0x00000000000005e4                CLI_putc
 .text.CLI_puts_no_nl
                0x0000000000000630       0x12 /home/somesh/pygmy-dev/pygmy-sdk/onion-apps/qorc_gpiocontroller_wb/m4/GCC_Project/output/cli_io.o
                0x0000000000000630                CLI_puts_no_nl
 *fill*         0x0000000000000642        0x2 
 .text.CLI_vprintf
                0x0000000000000644       0x24 /home/somesh/pygmy-dev/pygmy-sdk/onion-apps/qorc_gpiocontroller_wb/m4/GCC_Project/output/cli_io.o
                0x0000000000000644                CLI_vprintf
 .text.CLI_printf
                0x0000000000000668       0x1a /home/somesh/pygmy-dev/pygmy-sdk/onion-apps/qorc_gpiocontroller_wb/m4/GCC_Project/output/cli_io.o
                0x0000000000000668                CLI_printf
 *fill*         0x0000000000000682        0x2 
 .text.handle_help
                0x0000000000000684       0xc4 /home/somesh/pygmy-dev/pygmy-sdk/onion-apps/qorc_gpiocontroller_wb/m4/GCC_Project/output/cli_loop.o
 .text.CLI_cmd_stack_replace
                0x0000000000000748       0x10 /home/somesh/pygmy-dev/pygmy-sdk/onion-apps/qorc_gpiocontroller_wb/m4/GCC_Project/output/cli_loop.o
                0x0000000000000748                CLI_cmd_stack_replace
 .text.CLI_cmd_stack_push
                0x0000000000000758       0x30 /home/somesh/pygmy-dev/pygmy-sdk/onion-apps/qorc_gpiocontroller_wb/m4/GCC_Project/output/cli_loop.o
                0x0000000000000758                CLI_cmd_stack_push
 .text.CLI_cmd_stack_clear
                0x0000000000000788       0x24 /home/somesh/pygmy-dev/pygmy-sdk/onion-apps/qorc_gpiocontroller_wb/m4/GCC_Project/output/cli_loop.o
                0x0000000000000788                CLI_cmd_stack_clear
 .text.CLI_cmd_stack_pop
                0x00000000000007ac       0x40 /home/somesh/pygmy-dev/pygmy-sdk/onion-apps/qorc_gpiocontroller_wb/m4/GCC_Project/output/cli_loop.o
                0x00000000000007ac                CLI_cmd_stack_pop
 .text.handle_exit
                0x00000000000007ec       0x1c /home/somesh/pygmy-dev/pygmy-sdk/onion-apps/qorc_gpiocontroller_wb/m4/GCC_Project/output/cli_loop.o
 .text.CLI_init
                0x0000000000000808       0x24 /home/somesh/pygmy-dev/pygmy-sdk/onion-apps/qorc_gpiocontroller_wb/m4/GCC_Project/output/cli_loop.o
                0x0000000000000808                CLI_init
 .text.CLI_print_prompt
                0x000000000000082c       0x44 /home/somesh/pygmy-dev/pygmy-sdk/onion-apps/qorc_gpiocontroller_wb/m4/GCC_Project/output/cli_loop.o
                0x000000000000082c                CLI_print_prompt
 .text.CLI_dispatch_subcmd
                0x0000000000000870       0x84 /home/somesh/pygmy-dev/pygmy-sdk/onion-apps/qorc_gpiocontroller_wb/m4/GCC_Project/output/cli_loop.o
                0x0000000000000870                CLI_dispatch_subcmd
 .text.CLI_dispatch
                0x00000000000008f4       0xc0 /home/somesh/pygmy-dev/pygmy-sdk/onion-apps/qorc_gpiocontroller_wb/m4/GCC_Project/output/cli_loop.o
 .text.CLI_submenu_handler
                0x00000000000009b4       0x30 /home/somesh/pygmy-dev/pygmy-sdk/onion-apps/qorc_gpiocontroller_wb/m4/GCC_Project/output/cli_loop.o
                0x00000000000009b4                CLI_submenu_handler
 .text.CLI_verror
                0x00000000000009e4       0x40 /home/somesh/pygmy-dev/pygmy-sdk/onion-apps/qorc_gpiocontroller_wb/m4/GCC_Project/output/cli_loop.o
                0x00000000000009e4                CLI_verror
 .text.CLI_rx_byte
                0x0000000000000a24       0xec /home/somesh/pygmy-dev/pygmy-sdk/onion-apps/qorc_gpiocontroller_wb/m4/GCC_Project/output/cli_loop.o
                0x0000000000000a24                CLI_rx_byte
 .text.CLI_is_more_args
                0x0000000000000b10       0x14 /home/somesh/pygmy-dev/pygmy-sdk/onion-apps/qorc_gpiocontroller_wb/m4/GCC_Project/output/cli_misc.o
                0x0000000000000b10                CLI_is_more_args
 .text.CLI_error
                0x0000000000000b24       0x1a /home/somesh/pygmy-dev/pygmy-sdk/onion-apps/qorc_gpiocontroller_wb/m4/GCC_Project/output/cli_misc.o
                0x0000000000000b24                CLI_error
 *fill*         0x0000000000000b3e        0x2 
 .text.CLI_error_missing_parameter
                0x0000000000000b40        0xc /home/somesh/pygmy-dev/pygmy-sdk/onion-apps/qorc_gpiocontroller_wb/m4/GCC_Project/output/cli_misc.o
                0x0000000000000b40                CLI_error_missing_parameter
 .text.CLI_error_not_a_number
                0x0000000000000b4c       0x10 /home/somesh/pygmy-dev/pygmy-sdk/onion-apps/qorc_gpiocontroller_wb/m4/GCC_Project/output/cli_misc.o
                0x0000000000000b4c                CLI_error_not_a_number
 .text.CLI_task
                0x0000000000000b5c       0x54 /home/somesh/pygmy-dev/pygmy-sdk/onion-apps/qorc_gpiocontroller_wb/m4/GCC_Project/output/cli_platform.o
                0x0000000000000b5c                CLI_task
 .text.CLI_time_now
                0x0000000000000bb0        0x4 /home/somesh/pygmy-dev/pygmy-sdk/onion-apps/qorc_gpiocontroller_wb/m4/GCC_Project/output/cli_platform.o
                0x0000000000000bb0                CLI_time_now
 .text.CLI_beep
                0x0000000000000bb4        0x6 /home/somesh/pygmy-dev/pygmy-sdk/onion-apps/qorc_gpiocontroller_wb/m4/GCC_Project/output/cli_platform.o
                0x0000000000000bb4                CLI_beep
 .text.CLI_timeout_expired
                0x0000000000000bba       0x22 /home/somesh/pygmy-dev/pygmy-sdk/onion-apps/qorc_gpiocontroller_wb/m4/GCC_Project/output/cli_platform.o
                0x0000000000000bba                CLI_timeout_expired
 .text.CLI_putc_raw
                0x0000000000000bdc        0x8 /home/somesh/pygmy-dev/pygmy-sdk/onion-apps/qorc_gpiocontroller_wb/m4/GCC_Project/output/cli_platform.o
                0x0000000000000bdc                CLI_putc_raw
 .text.CLI_getkey_raw
                0x0000000000000be4       0x3c /home/somesh/pygmy-dev/pygmy-sdk/onion-apps/qorc_gpiocontroller_wb/m4/GCC_Project/output/cli_platform.o
                0x0000000000000be4                CLI_getkey_raw
 .text.CLI_start_task
                0x0000000000000c20       0x58 /home/somesh/pygmy-dev/pygmy-sdk/onion-apps/qorc_gpiocontroller_wb/m4/GCC_Project/output/cli_platform.o
                0x0000000000000c20                CLI_start_task
 .text.__debug_lockup
                0x0000000000000c78       0x14 /home/somesh/pygmy-dev/pygmy-sdk/onion-apps/qorc_gpiocontroller_wb/m4/GCC_Project/output/dbg_uart.o
 .text._semihost_write
                0x0000000000000c8c       0x54 /home/somesh/pygmy-dev/pygmy-sdk/onion-apps/qorc_gpiocontroller_wb/m4/GCC_Project/output/dbg_uart.o
                0x0000000000000c8c                _semihost_write
 .text.dbg_ch_raw
                0x0000000000000ce0       0x74 /home/somesh/pygmy-dev/pygmy-sdk/onion-apps/qorc_gpiocontroller_wb/m4/GCC_Project/output/dbg_uart.o
                0x0000000000000ce0                dbg_ch_raw
 .text.dbg_nl   0x0000000000000d54       0x12 /home/somesh/pygmy-dev/pygmy-sdk/onion-apps/qorc_gpiocontroller_wb/m4/GCC_Project/output/dbg_uart.o
                0x0000000000000d54                dbg_nl
 .text.dbg_ch   0x0000000000000d66        0xc /home/somesh/pygmy-dev/pygmy-sdk/onion-apps/qorc_gpiocontroller_wb/m4/GCC_Project/output/dbg_uart.o
                0x0000000000000d66                dbg_ch
 .text.dbg_hex4
                0x0000000000000d72       0x14 /home/somesh/pygmy-dev/pygmy-sdk/onion-apps/qorc_gpiocontroller_wb/m4/GCC_Project/output/dbg_uart.o
 .text.dbg_hex8
                0x0000000000000d86       0x14 /home/somesh/pygmy-dev/pygmy-sdk/onion-apps/qorc_gpiocontroller_wb/m4/GCC_Project/output/dbg_uart.o
                0x0000000000000d86                dbg_hex8
 .text.dbg_hex16
                0x0000000000000d9a       0x14 /home/somesh/pygmy-dev/pygmy-sdk/onion-apps/qorc_gpiocontroller_wb/m4/GCC_Project/output/dbg_uart.o
                0x0000000000000d9a                dbg_hex16
 .text.dbg_hex32
                0x0000000000000dae       0x14 /home/somesh/pygmy-dev/pygmy-sdk/onion-apps/qorc_gpiocontroller_wb/m4/GCC_Project/output/dbg_uart.o
                0x0000000000000dae                dbg_hex32
 .text._dbg_int
                0x0000000000000dc2       0x20 /home/somesh/pygmy-dev/pygmy-sdk/onion-apps/qorc_gpiocontroller_wb/m4/GCC_Project/output/dbg_uart.o
 .text.dbg_memdumpx
                0x0000000000000de2       0xea /home/somesh/pygmy-dev/pygmy-sdk/onion-apps/qorc_gpiocontroller_wb/m4/GCC_Project/output/dbg_uart.o
 .text.dbg_str  0x0000000000000ecc       0x84 /home/somesh/pygmy-dev/pygmy-sdk/onion-apps/qorc_gpiocontroller_wb/m4/GCC_Project/output/dbg_uart.o
                0x0000000000000ecc                dbg_str
 .text._dbg_str_xxx
                0x0000000000000f50       0x16 /home/somesh/pygmy-dev/pygmy-sdk/onion-apps/qorc_gpiocontroller_wb/m4/GCC_Project/output/dbg_uart.o
 .text.dbg_str_hexXX
                0x0000000000000f66       0x22 /home/somesh/pygmy-dev/pygmy-sdk/onion-apps/qorc_gpiocontroller_wb/m4/GCC_Project/output/dbg_uart.o
 .text.dbg_int  0x0000000000000f88       0x24 /home/somesh/pygmy-dev/pygmy-sdk/onion-apps/qorc_gpiocontroller_wb/m4/GCC_Project/output/dbg_uart.o
                0x0000000000000f88                dbg_int
 .text.dbg_str_str
                0x0000000000000fac       0x16 /home/somesh/pygmy-dev/pygmy-sdk/onion-apps/qorc_gpiocontroller_wb/m4/GCC_Project/output/dbg_uart.o
                0x0000000000000fac                dbg_str_str
 .text.dbg_str_int
                0x0000000000000fc2       0x16 /home/somesh/pygmy-dev/pygmy-sdk/onion-apps/qorc_gpiocontroller_wb/m4/GCC_Project/output/dbg_uart.o
                0x0000000000000fc2                dbg_str_int
 .text.dbg_str_int_noln
                0x0000000000000fd8       0x12 /home/somesh/pygmy-dev/pygmy-sdk/onion-apps/qorc_gpiocontroller_wb/m4/GCC_Project/output/dbg_uart.o
                0x0000000000000fd8                dbg_str_int_noln
 *fill*         0x0000000000000fea        0x2 
 .text.dbg_str_hex32
                0x0000000000000fec        0xc /home/somesh/pygmy-dev/pygmy-sdk/onion-apps/qorc_gpiocontroller_wb/m4/GCC_Project/output/dbg_uart.o
                0x0000000000000fec                dbg_str_hex32
 .text.dbg_fatal_error
                0x0000000000000ff8       0x12 /home/somesh/pygmy-dev/pygmy-sdk/onion-apps/qorc_gpiocontroller_wb/m4/GCC_Project/output/dbg_uart.o
                0x0000000000000ff8                dbg_fatal_error
 .text.dbg_fatal_error_int
                0x000000000000100a        0xe /home/somesh/pygmy-dev/pygmy-sdk/onion-apps/qorc_gpiocontroller_wb/m4/GCC_Project/output/dbg_uart.o
                0x000000000000100a                dbg_fatal_error_int
 .text.dbg_memdump32
                0x0000000000001018       0x1e /home/somesh/pygmy-dev/pygmy-sdk/onion-apps/qorc_gpiocontroller_wb/m4/GCC_Project/output/dbg_uart.o
                0x0000000000001018                dbg_memdump32
 *fill*         0x0000000000001036        0x2 
 .text.HAL_GPIO_Write
                0x0000000000001038       0x28 /home/somesh/pygmy-dev/pygmy-sdk/onion-apps/qorc_gpiocontroller_wb/m4/GCC_Project/output/eoss3_hal_gpio.o
                0x0000000000001038                HAL_GPIO_Write
 .text.HAL_PAD_Config
                0x0000000000001060      0x190 /home/somesh/pygmy-dev/pygmy-sdk/onion-apps/qorc_gpiocontroller_wb/m4/GCC_Project/output/eoss3_hal_pad_config.o
                0x0000000000001060                HAL_PAD_Config
 .text.configure_s3_pads
                0x00000000000011f0       0x1a /home/somesh/pygmy-dev/pygmy-sdk/onion-apps/qorc_gpiocontroller_wb/m4/GCC_Project/output/eoss3_hal_pad_config.o
                0x00000000000011f0                configure_s3_pads
 *fill*         0x000000000000120a        0x2 
 .text.eoss3_rtc_enable_irq
                0x000000000000120c       0x28 /home/somesh/pygmy-dev/pygmy-sdk/onion-apps/qorc_gpiocontroller_wb/m4/GCC_Project/output/eoss3_hal_rtc.o
 .text.write_rtc_reg
                0x0000000000001234       0x18 /home/somesh/pygmy-dev/pygmy-sdk/onion-apps/qorc_gpiocontroller_wb/m4/GCC_Project/output/eoss3_hal_rtc.o
 .text.__rtc_setup_alarm.isra.0
                0x000000000000124c       0x44 /home/somesh/pygmy-dev/pygmy-sdk/onion-apps/qorc_gpiocontroller_wb/m4/GCC_Project/output/eoss3_hal_rtc.o
 .text.HAL_RTC_ISR
                0x0000000000001290       0x24 /home/somesh/pygmy-dev/pygmy-sdk/onion-apps/qorc_gpiocontroller_wb/m4/GCC_Project/output/eoss3_hal_rtc.o
                0x0000000000001290                HAL_RTC_ISR
 .text.unlock_spi1_bus
                0x00000000000012b4       0x58 /home/somesh/pygmy-dev/pygmy-sdk/onion-apps/qorc_gpiocontroller_wb/m4/GCC_Project/output/eoss3_hal_spi.o
                0x00000000000012b4                unlock_spi1_bus
 .text.SPI_DMA_Complete
                0x000000000000130c       0x88 /home/somesh/pygmy-dev/pygmy-sdk/onion-apps/qorc_gpiocontroller_wb/m4/GCC_Project/output/eoss3_hal_spi.o
                0x000000000000130c                SPI_DMA_Complete
 .text.HAL_SPI_IRQHandler
                0x0000000000001394       0x6c /home/somesh/pygmy-dev/pygmy-sdk/onion-apps/qorc_gpiocontroller_wb/m4/GCC_Project/output/eoss3_hal_spi.o
                0x0000000000001394                HAL_SPI_IRQHandler
 .text.HAL_Delay_Init
                0x0000000000001400       0x54 /home/somesh/pygmy-dev/pygmy-sdk/onion-apps/qorc_gpiocontroller_wb/m4/GCC_Project/output/eoss3_hal_timer.o
                0x0000000000001400                HAL_Delay_Init
 .text.HAL_DelayUSec
                0x0000000000001454       0x28 /home/somesh/pygmy-dev/pygmy-sdk/onion-apps/qorc_gpiocontroller_wb/m4/GCC_Project/output/eoss3_hal_timer.o
                0x0000000000001454                HAL_DelayUSec
 .text.HAL_Timer_ISR
                0x000000000000147c       0x88 /home/somesh/pygmy-dev/pygmy-sdk/onion-apps/qorc_gpiocontroller_wb/m4/GCC_Project/output/eoss3_hal_timer.o
                0x000000000000147c                HAL_Timer_ISR
 .text.uart_baud_rate
                0x0000000000001504       0x60 /home/somesh/pygmy-dev/pygmy-sdk/onion-apps/qorc_gpiocontroller_wb/m4/GCC_Project/output/eoss3_hal_uart.o
 .text.is_hw_uart_enabled
                0x0000000000001564       0x20 /home/somesh/pygmy-dev/pygmy-sdk/onion-apps/qorc_gpiocontroller_wb/m4/GCC_Project/output/eoss3_hal_uart.o
 .text.uart_disable
                0x0000000000001584       0x1c /home/somesh/pygmy-dev/pygmy-sdk/onion-apps/qorc_gpiocontroller_wb/m4/GCC_Project/output/eoss3_hal_uart.o
 .text.uart_lpm_callback
                0x00000000000015a0       0x70 /home/somesh/pygmy-dev/pygmy-sdk/onion-apps/qorc_gpiocontroller_wb/m4/GCC_Project/output/eoss3_hal_uart.o
 .text.uart_init
                0x0000000000001610      0x168 /home/somesh/pygmy-dev/pygmy-sdk/onion-apps/qorc_gpiocontroller_wb/m4/GCC_Project/output/eoss3_hal_uart.o
                0x0000000000001610                uart_init
 .text.uart_isr_handler
                0x0000000000001778       0x84 /home/somesh/pygmy-dev/pygmy-sdk/onion-apps/qorc_gpiocontroller_wb/m4/GCC_Project/output/eoss3_hal_uart.o
                0x0000000000001778                uart_isr_handler
 .text.uart_tx_raw
                0x00000000000017fc       0x38 /home/somesh/pygmy-dev/pygmy-sdk/onion-apps/qorc_gpiocontroller_wb/m4/GCC_Project/output/eoss3_hal_uart.o
                0x00000000000017fc                uart_tx_raw
 .text.uart_tx  0x0000000000001834       0x1c /home/somesh/pygmy-dev/pygmy-sdk/onion-apps/qorc_gpiocontroller_wb/m4/GCC_Project/output/eoss3_hal_uart.o
                0x0000000000001834                uart_tx
 .text.uart_tx_buf
                0x0000000000001850       0x1a /home/somesh/pygmy-dev/pygmy-sdk/onion-apps/qorc_gpiocontroller_wb/m4/GCC_Project/output/eoss3_hal_uart.o
                0x0000000000001850                uart_tx_buf
 *fill*         0x000000000000186a        0x2 
 .text.uart_rx_wait
                0x000000000000186c       0x34 /home/somesh/pygmy-dev/pygmy-sdk/onion-apps/qorc_gpiocontroller_wb/m4/GCC_Project/output/eoss3_hal_uart.o
                0x000000000000186c                uart_rx_wait
 .text.uart_rx_available
                0x00000000000018a0       0x34 /home/somesh/pygmy-dev/pygmy-sdk/onion-apps/qorc_gpiocontroller_wb/m4/GCC_Project/output/eoss3_hal_uart.o
                0x00000000000018a0                uart_rx_available
 .text.uart_rx  0x00000000000018d4       0x60 /home/somesh/pygmy-dev/pygmy-sdk/onion-apps/qorc_gpiocontroller_wb/m4/GCC_Project/output/eoss3_hal_uart.o
                0x00000000000018d4                uart_rx
 .text.WDT_ISR  0x0000000000001934       0x8c /home/somesh/pygmy-dev/pygmy-sdk/onion-apps/qorc_gpiocontroller_wb/m4/GCC_Project/output/eoss3_hal_wdt.o
                0x0000000000001934                WDT_ISR
 .text.spurious_interrupt
                0x00000000000019c0        0xc /home/somesh/pygmy-dev/pygmy-sdk/onion-apps/qorc_gpiocontroller_wb/m4/GCC_Project/output/exceptions.o
 .text.prvGetRegistersFromStack
                0x00000000000019cc       0xf0 /home/somesh/pygmy-dev/pygmy-sdk/onion-apps/qorc_gpiocontroller_wb/m4/GCC_Project/output/exceptions.o
                0x00000000000019cc                prvGetRegistersFromStack
 .text.HardFault_Handler
                0x0000000000001abc       0x16 /home/somesh/pygmy-dev/pygmy-sdk/onion-apps/qorc_gpiocontroller_wb/m4/GCC_Project/output/exceptions.o
                0x0000000000001abc                HardFault_Handler
 .text.NMI_Handler
                0x0000000000001ad2        0x6 /home/somesh/pygmy-dev/pygmy-sdk/onion-apps/qorc_gpiocontroller_wb/m4/GCC_Project/output/exceptions.o
                0x0000000000001ad2                NMI_Handler
 .text.MemManage_Handler
                0x0000000000001ad8        0x6 /home/somesh/pygmy-dev/pygmy-sdk/onion-apps/qorc_gpiocontroller_wb/m4/GCC_Project/output/exceptions.o
                0x0000000000001ad8                MemManage_Handler
 .text.BusFault_Handler
                0x0000000000001ade        0x6 /home/somesh/pygmy-dev/pygmy-sdk/onion-apps/qorc_gpiocontroller_wb/m4/GCC_Project/output/exceptions.o
                0x0000000000001ade                BusFault_Handler
 .text.UsageFault_Handler
                0x0000000000001ae4        0x6 /home/somesh/pygmy-dev/pygmy-sdk/onion-apps/qorc_gpiocontroller_wb/m4/GCC_Project/output/exceptions.o
                0x0000000000001ae4                UsageFault_Handler
 .text.DebugMon_Handler
                0x0000000000001aea        0x6 /home/somesh/pygmy-dev/pygmy-sdk/onion-apps/qorc_gpiocontroller_wb/m4/GCC_Project/output/exceptions.o
                0x0000000000001aea                DebugMon_Handler
 .text.Uart_Handler
                0x0000000000001af0       0x50 /home/somesh/pygmy-dev/pygmy-sdk/onion-apps/qorc_gpiocontroller_wb/m4/GCC_Project/output/exceptions.o
                0x0000000000001af0                Uart_Handler
 .text.Timer_Handler
                0x0000000000001b40       0x24 /home/somesh/pygmy-dev/pygmy-sdk/onion-apps/qorc_gpiocontroller_wb/m4/GCC_Project/output/exceptions.o
                0x0000000000001b40                Timer_Handler
 .text.CpuWdtInt_Handler
                0x0000000000001b64       0x24 /home/somesh/pygmy-dev/pygmy-sdk/onion-apps/qorc_gpiocontroller_wb/m4/GCC_Project/output/exceptions.o
                0x0000000000001b64                CpuWdtInt_Handler
 .text.CpuWdtRst_Handler
                0x0000000000001b88        0x6 /home/somesh/pygmy-dev/pygmy-sdk/onion-apps/qorc_gpiocontroller_wb/m4/GCC_Project/output/exceptions.o
                0x0000000000001b88                CpuWdtRst_Handler
 .text.BusTimeout_Handler
                0x0000000000001b8e        0x6 /home/somesh/pygmy-dev/pygmy-sdk/onion-apps/qorc_gpiocontroller_wb/m4/GCC_Project/output/exceptions.o
                0x0000000000001b8e                BusTimeout_Handler
 .text.Fpu_Handler
                0x0000000000001b94        0x6 /home/somesh/pygmy-dev/pygmy-sdk/onion-apps/qorc_gpiocontroller_wb/m4/GCC_Project/output/exceptions.o
                0x0000000000001b94                Fpu_Handler
 *fill*         0x0000000000001b9a        0x2 
 .text.Pkfb_Handler
                0x0000000000001b9c       0x10 /home/somesh/pygmy-dev/pygmy-sdk/onion-apps/qorc_gpiocontroller_wb/m4/GCC_Project/output/exceptions.o
                0x0000000000001b9c                Pkfb_Handler
 .text.I2s_Handler
                0x0000000000001bac        0x6 /home/somesh/pygmy-dev/pygmy-sdk/onion-apps/qorc_gpiocontroller_wb/m4/GCC_Project/output/exceptions.o
                0x0000000000001bac                I2s_Handler
 .text.Audio_Handler
                0x0000000000001bb2        0x6 /home/somesh/pygmy-dev/pygmy-sdk/onion-apps/qorc_gpiocontroller_wb/m4/GCC_Project/output/exceptions.o
                0x0000000000001bb2                Audio_Handler
 .text.SpiMs_Handler
                0x0000000000001bb8       0x5c /home/somesh/pygmy-dev/pygmy-sdk/onion-apps/qorc_gpiocontroller_wb/m4/GCC_Project/output/exceptions.o
                0x0000000000001bb8                SpiMs_Handler
 .text.CfgDma_Handler
                0x0000000000001c14       0x28 /home/somesh/pygmy-dev/pygmy-sdk/onion-apps/qorc_gpiocontroller_wb/m4/GCC_Project/output/exceptions.o
                0x0000000000001c14                CfgDma_Handler
 .text.PmuTimer_Handler
                0x0000000000001c3c        0x2 /home/somesh/pygmy-dev/pygmy-sdk/onion-apps/qorc_gpiocontroller_wb/m4/GCC_Project/output/exceptions.o
                0x0000000000001c3c                PmuTimer_Handler
 .text.AdcDone_Handler
                0x0000000000001c3e        0x8 /home/somesh/pygmy-dev/pygmy-sdk/onion-apps/qorc_gpiocontroller_wb/m4/GCC_Project/output/exceptions.o
                0x0000000000001c3e                AdcDone_Handler
 *fill*         0x0000000000001c46        0x2 
 .text.RtcAlarm_Handler
                0x0000000000001c48       0x1c /home/somesh/pygmy-dev/pygmy-sdk/onion-apps/qorc_gpiocontroller_wb/m4/GCC_Project/output/exceptions.o
                0x0000000000001c48                RtcAlarm_Handler
 .text.ResetInt_Handler
                0x0000000000001c64        0x8 /home/somesh/pygmy-dev/pygmy-sdk/onion-apps/qorc_gpiocontroller_wb/m4/GCC_Project/output/exceptions.o
                0x0000000000001c64                ResetInt_Handler
 .text.Ffe0_Handler
                0x0000000000001c6c       0x18 /home/somesh/pygmy-dev/pygmy-sdk/onion-apps/qorc_gpiocontroller_wb/m4/GCC_Project/output/exceptions.o
                0x0000000000001c6c                Ffe0_Handler
 .text.FbMsg_Handler
                0x0000000000001c84       0x6c /home/somesh/pygmy-dev/pygmy-sdk/onion-apps/qorc_gpiocontroller_wb/m4/GCC_Project/output/exceptions.o
                0x0000000000001c84                FbMsg_Handler
 .text.SensorGpio_Handler
                0x0000000000001cf0        0x8 /home/somesh/pygmy-dev/pygmy-sdk/onion-apps/qorc_gpiocontroller_wb/m4/GCC_Project/output/exceptions.o
                0x0000000000001cf0                SensorGpio_Handler
 .text.M4SramSleep_Handler
                0x0000000000001cf8        0x8 /home/somesh/pygmy-dev/pygmy-sdk/onion-apps/qorc_gpiocontroller_wb/m4/GCC_Project/output/exceptions.o
                0x0000000000001cf8                M4SramSleep_Handler
 .text.LDO30_PG_Handler
                0x0000000000001d00        0x8 /home/somesh/pygmy-dev/pygmy-sdk/onion-apps/qorc_gpiocontroller_wb/m4/GCC_Project/output/exceptions.o
                0x0000000000001d00                LDO30_PG_Handler
 .text.LDO50_PG_Handler
                0x0000000000001d08        0x8 /home/somesh/pygmy-dev/pygmy-sdk/onion-apps/qorc_gpiocontroller_wb/m4/GCC_Project/output/exceptions.o
                0x0000000000001d08                LDO50_PG_Handler
 .text.DMIC_Voice_Det_Handler
                0x0000000000001d10        0x8 /home/somesh/pygmy-dev/pygmy-sdk/onion-apps/qorc_gpiocontroller_wb/m4/GCC_Project/output/exceptions.o
                0x0000000000001d10                DMIC_Voice_Det_Handler
 .text.ApPDMClkOn_Handler
                0x0000000000001d18        0x8 /home/somesh/pygmy-dev/pygmy-sdk/onion-apps/qorc_gpiocontroller_wb/m4/GCC_Project/output/exceptions.o
                0x0000000000001d18                ApPDMClkOn_Handler
 .text.ApPDMClkOff_Handler
                0x0000000000001d20        0x8 /home/somesh/pygmy-dev/pygmy-sdk/onion-apps/qorc_gpiocontroller_wb/m4/GCC_Project/output/exceptions.o
                0x0000000000001d20                ApPDMClkOff_Handler
 .text.Dmac0BlkDone_Handler
                0x0000000000001d28        0x8 /home/somesh/pygmy-dev/pygmy-sdk/onion-apps/qorc_gpiocontroller_wb/m4/GCC_Project/output/exceptions.o
                0x0000000000001d28                Dmac0BlkDone_Handler
 .text.Dmac0BufDone_Handler
                0x0000000000001d30        0x8 /home/somesh/pygmy-dev/pygmy-sdk/onion-apps/qorc_gpiocontroller_wb/m4/GCC_Project/output/exceptions.o
                0x0000000000001d30                Dmac0BufDone_Handler
 .text.Dmac1BlkDone_Handler
                0x0000000000001d38        0x8 /home/somesh/pygmy-dev/pygmy-sdk/onion-apps/qorc_gpiocontroller_wb/m4/GCC_Project/output/exceptions.o
                0x0000000000001d38                Dmac1BlkDone_Handler
 .text.Dmac1BufDone_Handler
                0x0000000000001d40        0x8 /home/somesh/pygmy-dev/pygmy-sdk/onion-apps/qorc_gpiocontroller_wb/m4/GCC_Project/output/exceptions.o
                0x0000000000001d40                Dmac1BufDone_Handler
 .text.Sdma0Done_Handler
                0x0000000000001d48        0x8 /home/somesh/pygmy-dev/pygmy-sdk/onion-apps/qorc_gpiocontroller_wb/m4/GCC_Project/output/exceptions.o
                0x0000000000001d48                Sdma0Done_Handler
 .text.Sdma1Done_Handler
                0x0000000000001d50        0x8 /home/somesh/pygmy-dev/pygmy-sdk/onion-apps/qorc_gpiocontroller_wb/m4/GCC_Project/output/exceptions.o
                0x0000000000001d50                Sdma1Done_Handler
 .text.Sdma2Done_Handler
                0x0000000000001d58        0x8 /home/somesh/pygmy-dev/pygmy-sdk/onion-apps/qorc_gpiocontroller_wb/m4/GCC_Project/output/exceptions.o
                0x0000000000001d58                Sdma2Done_Handler
 .text.Sdma3Done_Handler
                0x0000000000001d60        0x8 /home/somesh/pygmy-dev/pygmy-sdk/onion-apps/qorc_gpiocontroller_wb/m4/GCC_Project/output/exceptions.o
                0x0000000000001d60                Sdma3Done_Handler
 .text.Sdma4Done_Handler
                0x0000000000001d68        0x8 /home/somesh/pygmy-dev/pygmy-sdk/onion-apps/qorc_gpiocontroller_wb/m4/GCC_Project/output/exceptions.o
                0x0000000000001d68                Sdma4Done_Handler
 .text.Sdma5Done_Handler
                0x0000000000001d70        0x8 /home/somesh/pygmy-dev/pygmy-sdk/onion-apps/qorc_gpiocontroller_wb/m4/GCC_Project/output/exceptions.o
                0x0000000000001d70                Sdma5Done_Handler
 .text.Sdma6Done_Handler
                0x0000000000001d78        0x8 /home/somesh/pygmy-dev/pygmy-sdk/onion-apps/qorc_gpiocontroller_wb/m4/GCC_Project/output/exceptions.o
                0x0000000000001d78                Sdma6Done_Handler
 .text.Sdma7Done_Handler
                0x0000000000001d80        0x8 /home/somesh/pygmy-dev/pygmy-sdk/onion-apps/qorc_gpiocontroller_wb/m4/GCC_Project/output/exceptions.o
                0x0000000000001d80                Sdma7Done_Handler
 .text.Sdma8Done_Handler
                0x0000000000001d88        0x8 /home/somesh/pygmy-dev/pygmy-sdk/onion-apps/qorc_gpiocontroller_wb/m4/GCC_Project/output/exceptions.o
                0x0000000000001d88                Sdma8Done_Handler
 .text.Sdma9Done_Handler
                0x0000000000001d90        0x8 /home/somesh/pygmy-dev/pygmy-sdk/onion-apps/qorc_gpiocontroller_wb/m4/GCC_Project/output/exceptions.o
                0x0000000000001d90                Sdma9Done_Handler
 .text.Sdma10Done_Handler
                0x0000000000001d98        0x8 /home/somesh/pygmy-dev/pygmy-sdk/onion-apps/qorc_gpiocontroller_wb/m4/GCC_Project/output/exceptions.o
                0x0000000000001d98                Sdma10Done_Handler
 .text.Sdma11Done_Handler
                0x0000000000001da0        0x8 /home/somesh/pygmy-dev/pygmy-sdk/onion-apps/qorc_gpiocontroller_wb/m4/GCC_Project/output/exceptions.o
                0x0000000000001da0                Sdma11Done_Handler
 .text.SdmaErr_Handler
                0x0000000000001da8        0x8 /home/somesh/pygmy-dev/pygmy-sdk/onion-apps/qorc_gpiocontroller_wb/m4/GCC_Project/output/exceptions.o
                0x0000000000001da8                SdmaErr_Handler
 .text.I2S_SlvM4TxOr_Handler
                0x0000000000001db0        0x8 /home/somesh/pygmy-dev/pygmy-sdk/onion-apps/qorc_gpiocontroller_wb/m4/GCC_Project/output/exceptions.o
                0x0000000000001db0                I2S_SlvM4TxOr_Handler
 .text.SRAM_128KB_Handler
                0x0000000000001db8        0x8 /home/somesh/pygmy-dev/pygmy-sdk/onion-apps/qorc_gpiocontroller_wb/m4/GCC_Project/output/exceptions.o
                0x0000000000001db8                SRAM_128KB_Handler
 .text.LPSD_Voice_Det_Handler
                0x0000000000001dc0        0x8 /home/somesh/pygmy-dev/pygmy-sdk/onion-apps/qorc_gpiocontroller_wb/m4/GCC_Project/output/exceptions.o
                0x0000000000001dc0                LPSD_Voice_Det_Handler
 .text.FfeWdt_Handler
                0x0000000000001dc8        0x8 /home/somesh/pygmy-dev/pygmy-sdk/onion-apps/qorc_gpiocontroller_wb/m4/GCC_Project/output/exceptions.o
                0x0000000000001dc8                FfeWdt_Handler
 .text.ApBoot_Handler
                0x0000000000001dd0        0x8 /home/somesh/pygmy-dev/pygmy-sdk/onion-apps/qorc_gpiocontroller_wb/m4/GCC_Project/output/exceptions.o
                0x0000000000001dd0                ApBoot_Handler
 .text.SwInt2_Handler
                0x0000000000001dd8        0x8 /home/somesh/pygmy-dev/pygmy-sdk/onion-apps/qorc_gpiocontroller_wb/m4/GCC_Project/output/exceptions.o
                0x0000000000001dd8                SwInt2_Handler
 .text.SwInt1_Handler
                0x0000000000001de0       0x24 /home/somesh/pygmy-dev/pygmy-sdk/onion-apps/qorc_gpiocontroller_wb/m4/GCC_Project/output/exceptions.o
                0x0000000000001de0                SwInt1_Handler
 .text.Ffe0Msg_Handler
                0x0000000000001e04        0x8 /home/somesh/pygmy-dev/pygmy-sdk/onion-apps/qorc_gpiocontroller_wb/m4/GCC_Project/output/exceptions.o
                0x0000000000001e04                Ffe0Msg_Handler
 .text.lpsdVoiceOffHandler
                0x0000000000001e0c        0x8 /home/somesh/pygmy-dev/pygmy-sdk/onion-apps/qorc_gpiocontroller_wb/m4/GCC_Project/output/exceptions.o
                0x0000000000001e0c                lpsdVoiceOffHandler
 .text.dmicVoiceOffHandler
                0x0000000000001e14        0x8 /home/somesh/pygmy-dev/pygmy-sdk/onion-apps/qorc_gpiocontroller_wb/m4/GCC_Project/output/exceptions.o
                0x0000000000001e14                dmicVoiceOffHandler
 .text.vApplicationMallocFailedHook
                0x0000000000001e1c       0x24 /home/somesh/pygmy-dev/pygmy-sdk/onion-apps/qorc_gpiocontroller_wb/m4/GCC_Project/output/exceptions.o
                0x0000000000001e1c                vApplicationMallocFailedHook
 .text.vApplicationStackOverflowHook
                0x0000000000001e40       0x24 /home/somesh/pygmy-dev/pygmy-sdk/onion-apps/qorc_gpiocontroller_wb/m4/GCC_Project/output/exceptions.o
                0x0000000000001e40                vApplicationStackOverflowHook
 .text.vApplicationTickHook
                0x0000000000001e64        0x2 /home/somesh/pygmy-dev/pygmy-sdk/onion-apps/qorc_gpiocontroller_wb/m4/GCC_Project/output/exceptions.o
                0x0000000000001e64                vApplicationTickHook
 .text.vApplicationIdleHook
                0x0000000000001e66        0x2 /home/somesh/pygmy-dev/pygmy-sdk/onion-apps/qorc_gpiocontroller_wb/m4/GCC_Project/output/exceptions.o
                0x0000000000001e66                vApplicationIdleHook
 .text.prvInsertBlockIntoFreeList
                0x0000000000001e68       0x74 /home/somesh/pygmy-dev/pygmy-sdk/onion-apps/qorc_gpiocontroller_wb/m4/GCC_Project/output/heap_4.o
 .text.pvPortMalloc
                0x0000000000001edc      0x198 /home/somesh/pygmy-dev/pygmy-sdk/onion-apps/qorc_gpiocontroller_wb/m4/GCC_Project/output/heap_4.o
                0x0000000000001edc                pvPortMalloc
 .text.vPortFree
                0x0000000000002074       0xa0 /home/somesh/pygmy-dev/pygmy-sdk/onion-apps/qorc_gpiocontroller_wb/m4/GCC_Project/output/heap_4.o
                0x0000000000002074                vPortFree
 .text.vListInitialise
                0x0000000000002114       0x16 /home/somesh/pygmy-dev/pygmy-sdk/onion-apps/qorc_gpiocontroller_wb/m4/GCC_Project/output/list.o
                0x0000000000002114                vListInitialise
 .text.vListInitialiseItem
                0x000000000000212a        0x6 /home/somesh/pygmy-dev/pygmy-sdk/onion-apps/qorc_gpiocontroller_wb/m4/GCC_Project/output/list.o
                0x000000000000212a                vListInitialiseItem
 .text.vListInsertEnd
                0x0000000000002130       0x18 /home/somesh/pygmy-dev/pygmy-sdk/onion-apps/qorc_gpiocontroller_wb/m4/GCC_Project/output/list.o
                0x0000000000002130                vListInsertEnd
 .text.vListInsert
                0x0000000000002148       0x2e /home/somesh/pygmy-dev/pygmy-sdk/onion-apps/qorc_gpiocontroller_wb/m4/GCC_Project/output/list.o
                0x0000000000002148                vListInsert
 .text.uxListRemove
                0x0000000000002176       0x20 /home/somesh/pygmy-dev/pygmy-sdk/onion-apps/qorc_gpiocontroller_wb/m4/GCC_Project/output/list.o
                0x0000000000002176                uxListRemove
 *fill*         0x0000000000002196        0x2 
 .text.PyHal_Set_GPIO.part.0
                0x0000000000002198       0x28 /home/somesh/pygmy-dev/pygmy-sdk/onion-apps/qorc_gpiocontroller_wb/m4/GCC_Project/output/main.o
 .text.startup.main
                0x00000000000021c0       0xd8 /home/somesh/pygmy-dev/pygmy-sdk/onion-apps/qorc_gpiocontroller_wb/m4/GCC_Project/output/main.o
                0x00000000000021c0                main
 .text.SystemInit
                0x0000000000002298        0x2 /home/somesh/pygmy-dev/pygmy-sdk/onion-apps/qorc_gpiocontroller_wb/m4/GCC_Project/output/main.o
                0x0000000000002298                SystemInit
 *fill*         0x000000000000229a        0x2 
 .text.set_gpio_input
                0x000000000000229c       0x34 /home/somesh/pygmy-dev/pygmy-sdk/onion-apps/qorc_gpiocontroller_wb/m4/GCC_Project/output/main_dbg_cli_menu.o
 .text.set_gpio_output
                0x00000000000022d0       0x60 /home/somesh/pygmy-dev/pygmy-sdk/onion-apps/qorc_gpiocontroller_wb/m4/GCC_Project/output/main_dbg_cli_menu.o
 .text.get_gpio_value
                0x0000000000002330       0x50 /home/somesh/pygmy-dev/pygmy-sdk/onion-apps/qorc_gpiocontroller_wb/m4/GCC_Project/output/main_dbg_cli_menu.o
 .text.prvPortStartFirstTask
                0x0000000000002380       0x28 /home/somesh/pygmy-dev/pygmy-sdk/onion-apps/qorc_gpiocontroller_wb/m4/GCC_Project/output/port.o
 .text.vPortEnableVFP
                0x00000000000023a8       0x14 /home/somesh/pygmy-dev/pygmy-sdk/onion-apps/qorc_gpiocontroller_wb/m4/GCC_Project/output/port.o
 .text.prvTaskExitError
                0x00000000000023bc       0x50 /home/somesh/pygmy-dev/pygmy-sdk/onion-apps/qorc_gpiocontroller_wb/m4/GCC_Project/output/port.o
 .text.pxPortInitialiseStack
                0x000000000000240c       0x2c /home/somesh/pygmy-dev/pygmy-sdk/onion-apps/qorc_gpiocontroller_wb/m4/GCC_Project/output/port.o
                0x000000000000240c                pxPortInitialiseStack
 *fill*         0x0000000000002438        0x8 
 .text.SVC_Handler
                0x0000000000002440       0x24 /home/somesh/pygmy-dev/pygmy-sdk/onion-apps/qorc_gpiocontroller_wb/m4/GCC_Project/output/port.o
                0x0000000000002440                SVC_Handler
 .text.vPortEnterCritical
                0x0000000000002464       0x58 /home/somesh/pygmy-dev/pygmy-sdk/onion-apps/qorc_gpiocontroller_wb/m4/GCC_Project/output/port.o
                0x0000000000002464                vPortEnterCritical
 .text.vPortExitCritical
                0x00000000000024bc       0x3c /home/somesh/pygmy-dev/pygmy-sdk/onion-apps/qorc_gpiocontroller_wb/m4/GCC_Project/output/port.o
                0x00000000000024bc                vPortExitCritical
 *fill*         0x00000000000024f8        0x8 
 .text.PendSV_Handler
                0x0000000000002500       0x64 /home/somesh/pygmy-dev/pygmy-sdk/onion-apps/qorc_gpiocontroller_wb/m4/GCC_Project/output/port.o
                0x0000000000002500                PendSV_Handler
 .text.xPortSysTickHandler
                0x0000000000002564       0x2c /home/somesh/pygmy-dev/pygmy-sdk/onion-apps/qorc_gpiocontroller_wb/m4/GCC_Project/output/port.o
                0x0000000000002564                xPortSysTickHandler
 .text.xPortStartScheduler
                0x0000000000002590      0x158 /home/somesh/pygmy-dev/pygmy-sdk/onion-apps/qorc_gpiocontroller_wb/m4/GCC_Project/output/port.o
                0x0000000000002590                xPortStartScheduler
 .text.vPortValidateInterruptPriority
                0x00000000000026e8       0x7c /home/somesh/pygmy-dev/pygmy-sdk/onion-apps/qorc_gpiocontroller_wb/m4/GCC_Project/output/port.o
                0x00000000000026e8                vPortValidateInterruptPriority
 .text.system_init
                0x0000000000002764       0x6c /home/somesh/pygmy-dev/pygmy-sdk/onion-apps/qorc_gpiocontroller_wb/m4/GCC_Project/output/qf_hardwaresetup.o
                0x0000000000002764                system_init
 .text.qf_hardwareSetup
                0x00000000000027d0       0x78 /home/somesh/pygmy-dev/pygmy-sdk/onion-apps/qorc_gpiocontroller_wb/m4/GCC_Project/output/qf_hardwaresetup.o
                0x00000000000027d0                qf_hardwareSetup
 .text.prvIsQueueEmpty
                0x0000000000002848       0x16 /home/somesh/pygmy-dev/pygmy-sdk/onion-apps/qorc_gpiocontroller_wb/m4/GCC_Project/output/queue.o
 .text.prvCopyDataToQueue
                0x000000000000285e       0x78 /home/somesh/pygmy-dev/pygmy-sdk/onion-apps/qorc_gpiocontroller_wb/m4/GCC_Project/output/queue.o
 .text.prvCopyDataFromQueue
                0x00000000000028d6       0x2c /home/somesh/pygmy-dev/pygmy-sdk/onion-apps/qorc_gpiocontroller_wb/m4/GCC_Project/output/queue.o
 .text.prvUnlockQueue
                0x0000000000002902       0x70 /home/somesh/pygmy-dev/pygmy-sdk/onion-apps/qorc_gpiocontroller_wb/m4/GCC_Project/output/queue.o
 *fill*         0x0000000000002972        0x2 
 .text.xQueueGenericReset
                0x0000000000002974       0x90 /home/somesh/pygmy-dev/pygmy-sdk/onion-apps/qorc_gpiocontroller_wb/m4/GCC_Project/output/queue.o
                0x0000000000002974                xQueueGenericReset
 .text.xQueueGenericCreate
                0x0000000000002a04       0x74 /home/somesh/pygmy-dev/pygmy-sdk/onion-apps/qorc_gpiocontroller_wb/m4/GCC_Project/output/queue.o
                0x0000000000002a04                xQueueGenericCreate
 .text.xQueueGenericSend
                0x0000000000002a78      0x19c /home/somesh/pygmy-dev/pygmy-sdk/onion-apps/qorc_gpiocontroller_wb/m4/GCC_Project/output/queue.o
                0x0000000000002a78                xQueueGenericSend
 .text.xQueueGenericSendFromISR
                0x0000000000002c14       0xf0 /home/somesh/pygmy-dev/pygmy-sdk/onion-apps/qorc_gpiocontroller_wb/m4/GCC_Project/output/queue.o
                0x0000000000002c14                xQueueGenericSendFromISR
 .text.xQueueGenericSendFromISRDebug
                0x0000000000002d04       0x30 /home/somesh/pygmy-dev/pygmy-sdk/onion-apps/qorc_gpiocontroller_wb/m4/GCC_Project/output/queue.o
                0x0000000000002d04                xQueueGenericSendFromISRDebug
 .text.xQueueGiveFromISR
                0x0000000000002d34       0xdc /home/somesh/pygmy-dev/pygmy-sdk/onion-apps/qorc_gpiocontroller_wb/m4/GCC_Project/output/queue.o
                0x0000000000002d34                xQueueGiveFromISR
 .text.xQueueReceive
                0x0000000000002e10      0x160 /home/somesh/pygmy-dev/pygmy-sdk/onion-apps/qorc_gpiocontroller_wb/m4/GCC_Project/output/queue.o
                0x0000000000002e10                xQueueReceive
 .text.xQueueSemaphoreTake
                0x0000000000002f70      0x1b0 /home/somesh/pygmy-dev/pygmy-sdk/onion-apps/qorc_gpiocontroller_wb/m4/GCC_Project/output/queue.o
                0x0000000000002f70                xQueueSemaphoreTake
 .text.xQueuePeek
                0x0000000000003120      0x160 /home/somesh/pygmy-dev/pygmy-sdk/onion-apps/qorc_gpiocontroller_wb/m4/GCC_Project/output/queue.o
                0x0000000000003120                xQueuePeek
 .text.uxQueueMessagesWaiting
                0x0000000000003280       0x3c /home/somesh/pygmy-dev/pygmy-sdk/onion-apps/qorc_gpiocontroller_wb/m4/GCC_Project/output/queue.o
                0x0000000000003280                uxQueueMessagesWaiting
 .text.vQueueAddToRegistry
                0x00000000000032bc       0x24 /home/somesh/pygmy-dev/pygmy-sdk/onion-apps/qorc_gpiocontroller_wb/m4/GCC_Project/output/queue.o
                0x00000000000032bc                vQueueAddToRegistry
 .text.vQueueWaitForMessageRestricted
                0x00000000000032e0       0x46 /home/somesh/pygmy-dev/pygmy-sdk/onion-apps/qorc_gpiocontroller_wb/m4/GCC_Project/output/queue.o
                0x00000000000032e0                vQueueWaitForMessageRestricted
 .text.s3x_clkd_write_div
                0x0000000000003326       0xa8 /home/somesh/pygmy-dev/pygmy-sdk/onion-apps/qorc_gpiocontroller_wb/m4/GCC_Project/output/s3x_clock.o
 .text.s3x_clkd_read_div
                0x00000000000033ce       0x44 /home/somesh/pygmy-dev/pygmy-sdk/onion-apps/qorc_gpiocontroller_wb/m4/GCC_Project/output/s3x_clock.o
 *fill*         0x0000000000003412        0x2 
 .text.s3x_clkd_cal_div.part.0
                0x0000000000003414       0x30 /home/somesh/pygmy-dev/pygmy-sdk/onion-apps/qorc_gpiocontroller_wb/m4/GCC_Project/output/s3x_clock.o
 .text.S3x_Id_To_Domain
                0x0000000000003444       0x1c /home/somesh/pygmy-dev/pygmy-sdk/onion-apps/qorc_gpiocontroller_wb/m4/GCC_Project/output/s3x_clock.o
                0x0000000000003444                S3x_Id_To_Domain
 .text.S3x_Clkd_Get_Cpu_Rate
                0x0000000000003460        0xc /home/somesh/pygmy-dev/pygmy-sdk/onion-apps/qorc_gpiocontroller_wb/m4/GCC_Project/output/s3x_clock.o
                0x0000000000003460                S3x_Clkd_Get_Cpu_Rate
 .text.s3x_clkd_get_init_rate
                0x000000000000346c       0x28 /home/somesh/pygmy-dev/pygmy-sdk/onion-apps/qorc_gpiocontroller_wb/m4/GCC_Project/output/s3x_clock.o
                0x000000000000346c                s3x_clkd_get_init_rate
 .text.s3x_clkd_update_div_val
                0x0000000000003494       0x4c /home/somesh/pygmy-dev/pygmy-sdk/onion-apps/qorc_gpiocontroller_wb/m4/GCC_Project/output/s3x_clock.o
                0x0000000000003494                s3x_clkd_update_div_val
 .text.s3x_clkd_update_fd_rate
                0x00000000000034e0        0xe /home/somesh/pygmy-dev/pygmy-sdk/onion-apps/qorc_gpiocontroller_wb/m4/GCC_Project/output/s3x_clock.o
                0x00000000000034e0                s3x_clkd_update_fd_rate
 *fill*         0x00000000000034ee        0x2 
 .text.s3x_clkd_update_sd_div
                0x00000000000034f0       0x5c /home/somesh/pygmy-dev/pygmy-sdk/onion-apps/qorc_gpiocontroller_wb/m4/GCC_Project/output/s3x_clock.o
 .text.s3x_clkd_update_all_src_div
                0x000000000000354c       0xd0 /home/somesh/pygmy-dev/pygmy-sdk/onion-apps/qorc_gpiocontroller_wb/m4/GCC_Project/output/s3x_clock.o
                0x000000000000354c                s3x_clkd_update_all_src_div
 .text.S3x_Clkd_Get_Hsosc_Rate
                0x000000000000361c       0x34 /home/somesh/pygmy-dev/pygmy-sdk/onion-apps/qorc_gpiocontroller_wb/m4/GCC_Project/output/s3x_clock.o
                0x000000000000361c                S3x_Clkd_Get_Hsosc_Rate
 .text.s3x_clkd_get_active_HSOSC_qos
                0x0000000000003650        0xc /home/somesh/pygmy-dev/pygmy-sdk/onion-apps/qorc_gpiocontroller_wb/m4/GCC_Project/output/s3x_clock.o
                0x0000000000003650                s3x_clkd_get_active_HSOSC_qos
 .text.S3x_Clkd_Change_Hsosc
                0x000000000000365c       0x70 /home/somesh/pygmy-dev/pygmy-sdk/onion-apps/qorc_gpiocontroller_wb/m4/GCC_Project/output/s3x_clock.o
                0x000000000000365c                S3x_Clkd_Change_Hsosc
 .text.s3x_clkd_get_src_rate
                0x00000000000036cc       0x12 /home/somesh/pygmy-dev/pygmy-sdk/onion-apps/qorc_gpiocontroller_wb/m4/GCC_Project/output/s3x_clock.o
                0x00000000000036cc                s3x_clkd_get_src_rate
 *fill*         0x00000000000036de        0x2 
 .text.s3x_clkd_get_div
                0x00000000000036e0       0x74 /home/somesh/pygmy-dev/pygmy-sdk/onion-apps/qorc_gpiocontroller_wb/m4/GCC_Project/output/s3x_clock.o
                0x00000000000036e0                s3x_clkd_get_div
 .text.s3x_clkd_srate
                0x0000000000003754      0x134 /home/somesh/pygmy-dev/pygmy-sdk/onion-apps/qorc_gpiocontroller_wb/m4/GCC_Project/output/s3x_clock.o
 .text.s3x_clkd_grate
                0x0000000000003888       0x68 /home/somesh/pygmy-dev/pygmy-sdk/onion-apps/qorc_gpiocontroller_wb/m4/GCC_Project/output/s3x_clock.o
 .text.s3x_clkd_set_src_div_st
                0x00000000000038f0       0x4c /home/somesh/pygmy-dev/pygmy-sdk/onion-apps/qorc_gpiocontroller_wb/m4/GCC_Project/output/s3x_clock.o
 .text.s3x_update_clk_rate
                0x000000000000393c       0xb0 /home/somesh/pygmy-dev/pygmy-sdk/onion-apps/qorc_gpiocontroller_wb/m4/GCC_Project/output/s3x_clock.o
                0x000000000000393c                s3x_update_clk_rate
 .text.s3x_clkd_get_gate_mask_st
                0x00000000000039ec       0x16 /home/somesh/pygmy-dev/pygmy-sdk/onion-apps/qorc_gpiocontroller_wb/m4/GCC_Project/output/s3x_clock.o
                0x00000000000039ec                s3x_clkd_get_gate_mask_st
 *fill*         0x0000000000003a02        0x2 
 .text.s3x_clkd_set_gate_mask
                0x0000000000003a04       0x50 /home/somesh/pygmy-dev/pygmy-sdk/onion-apps/qorc_gpiocontroller_wb/m4/GCC_Project/output/s3x_clock.o
                0x0000000000003a04                s3x_clkd_set_gate_mask
 .text.s3x_clkd_enable_gate
                0x0000000000003a54       0x68 /home/somesh/pygmy-dev/pygmy-sdk/onion-apps/qorc_gpiocontroller_wb/m4/GCC_Project/output/s3x_clock.o
 .text.s3x_clkd_disable_gate
                0x0000000000003abc       0x54 /home/somesh/pygmy-dev/pygmy-sdk/onion-apps/qorc_gpiocontroller_wb/m4/GCC_Project/output/s3x_clock.o
 .text._S3x_Clk_Enable
                0x0000000000003b10       0xb8 /home/somesh/pygmy-dev/pygmy-sdk/onion-apps/qorc_gpiocontroller_wb/m4/GCC_Project/output/s3x_clock.o
                0x0000000000003b10                _S3x_Clk_Enable
 .text._S3x_Clk_Disable
                0x0000000000003bc8       0xc8 /home/somesh/pygmy-dev/pygmy-sdk/onion-apps/qorc_gpiocontroller_wb/m4/GCC_Project/output/s3x_clock.o
                0x0000000000003bc8                _S3x_Clk_Disable
 .text._S3x_Clk_Get_Status
                0x0000000000003c90       0x2c /home/somesh/pygmy-dev/pygmy-sdk/onion-apps/qorc_gpiocontroller_wb/m4/GCC_Project/output/s3x_clock.o
                0x0000000000003c90                _S3x_Clk_Get_Status
 .text._S3x_Clk_Get_Rate
                0x0000000000003cbc       0x28 /home/somesh/pygmy-dev/pygmy-sdk/onion-apps/qorc_gpiocontroller_wb/m4/GCC_Project/output/s3x_clock.o
                0x0000000000003cbc                _S3x_Clk_Get_Rate
 .text._S3x_Clk_Set_Rate
                0x0000000000003ce4       0x48 /home/somesh/pygmy-dev/pygmy-sdk/onion-apps/qorc_gpiocontroller_wb/m4/GCC_Project/output/s3x_clock.o
                0x0000000000003ce4                _S3x_Clk_Set_Rate
 .text.S3x_Clk_Init
                0x0000000000003d2c      0x15c /home/somesh/pygmy-dev/pygmy-sdk/onion-apps/qorc_gpiocontroller_wb/m4/GCC_Project/output/s3x_clock.o
                0x0000000000003d2c                S3x_Clk_Init
 .text.S3x_Clk_Enable
                0x0000000000003e88        0x4 /home/somesh/pygmy-dev/pygmy-sdk/onion-apps/qorc_gpiocontroller_wb/m4/GCC_Project/output/s3x_clock_hal.o
                0x0000000000003e88                S3x_Clk_Enable
 .text.S3x_Clk_Disable
                0x0000000000003e8c        0x4 /home/somesh/pygmy-dev/pygmy-sdk/onion-apps/qorc_gpiocontroller_wb/m4/GCC_Project/output/s3x_clock_hal.o
                0x0000000000003e8c                S3x_Clk_Disable
 .text.S3x_Clk_Get_Rate
                0x0000000000003e90        0x4 /home/somesh/pygmy-dev/pygmy-sdk/onion-apps/qorc_gpiocontroller_wb/m4/GCC_Project/output/s3x_clock_hal.o
                0x0000000000003e90                S3x_Clk_Get_Rate
 .text.DFS_cpuload
                0x0000000000003e94       0x4c /home/somesh/pygmy-dev/pygmy-sdk/onion-apps/qorc_gpiocontroller_wb/m4/GCC_Project/output/s3x_cpuload.o
                0x0000000000003e94                DFS_cpuload
 .text.DFS_updatesleepticks
                0x0000000000003ee0       0x10 /home/somesh/pygmy-dev/pygmy-sdk/onion-apps/qorc_gpiocontroller_wb/m4/GCC_Project/output/s3x_cpuload.o
                0x0000000000003ee0                DFS_updatesleepticks
 .text.DFS_resetsleepticks
                0x0000000000003ef0        0xc /home/somesh/pygmy-dev/pygmy-sdk/onion-apps/qorc_gpiocontroller_wb/m4/GCC_Project/output/s3x_cpuload.o
                0x0000000000003ef0                DFS_resetsleepticks
 .text.DFS_UpdateTimer
                0x0000000000003efc       0x5c /home/somesh/pygmy-dev/pygmy-sdk/onion-apps/qorc_gpiocontroller_wb/m4/GCC_Project/output/s3x_dfs.o
 .text.DFS_StartTimer
                0x0000000000003f58       0x88 /home/somesh/pygmy-dev/pygmy-sdk/onion-apps/qorc_gpiocontroller_wb/m4/GCC_Project/output/s3x_dfs.o
                0x0000000000003f58                DFS_StartTimer
 .text.s3x_suspend_dfs
                0x0000000000003fe0        0xc /home/somesh/pygmy-dev/pygmy-sdk/onion-apps/qorc_gpiocontroller_wb/m4/GCC_Project/output/s3x_dfs.o
                0x0000000000003fe0                s3x_suspend_dfs
 .text.S3x_Set_Policy
                0x0000000000003fec      0x108 /home/somesh/pygmy-dev/pygmy-sdk/onion-apps/qorc_gpiocontroller_wb/m4/GCC_Project/output/s3x_dfs.o
                0x0000000000003fec                S3x_Set_Policy
 .text.S3x_get_max_rate_dfs_node
                0x00000000000040f4       0x28 /home/somesh/pygmy-dev/pygmy-sdk/onion-apps/qorc_gpiocontroller_wb/m4/GCC_Project/output/s3x_dfs.o
                0x00000000000040f4                S3x_get_max_rate_dfs_node
 .text.S3x_Stepup_Policy
                0x000000000000411c       0x7c /home/somesh/pygmy-dev/pygmy-sdk/onion-apps/qorc_gpiocontroller_wb/m4/GCC_Project/output/s3x_dfs.o
 .text.DFS_TimerCB
                0x0000000000004198        0xe /home/somesh/pygmy-dev/pygmy-sdk/onion-apps/qorc_gpiocontroller_wb/m4/GCC_Project/output/s3x_dfs.o
 *fill*         0x00000000000041a6        0x2 
 .text.DFS_AlignPolicy
                0x00000000000041a8       0x38 /home/somesh/pygmy-dev/pygmy-sdk/onion-apps/qorc_gpiocontroller_wb/m4/GCC_Project/output/s3x_dfs.o
                0x00000000000041a8                DFS_AlignPolicy
 .text.S3x_Reduce_Hsosc
                0x00000000000041e0       0x50 /home/somesh/pygmy-dev/pygmy-sdk/onion-apps/qorc_gpiocontroller_wb/m4/GCC_Project/output/s3x_dfs.o
                0x00000000000041e0                S3x_Reduce_Hsosc
 .text.DFS_fPolicyHasDeepSleep
                0x0000000000004230       0x1c /home/somesh/pygmy-dev/pygmy-sdk/onion-apps/qorc_gpiocontroller_wb/m4/GCC_Project/output/s3x_dfs.o
                0x0000000000004230                DFS_fPolicyHasDeepSleep
 .text.DFS_SwitchToSleepPolicy
                0x000000000000424c       0x7c /home/somesh/pygmy-dev/pygmy-sdk/onion-apps/qorc_gpiocontroller_wb/m4/GCC_Project/output/s3x_dfs.o
                0x000000000000424c                DFS_SwitchToSleepPolicy
 .text.DFS_RestoreFromSleep
                0x00000000000042c8       0x34 /home/somesh/pygmy-dev/pygmy-sdk/onion-apps/qorc_gpiocontroller_wb/m4/GCC_Project/output/s3x_dfs.o
                0x00000000000042c8                DFS_RestoreFromSleep
 .text.s3x_get_index_in_dfs_node
                0x00000000000042fc       0x20 /home/somesh/pygmy-dev/pygmy-sdk/onion-apps/qorc_gpiocontroller_wb/m4/GCC_Project/output/s3x_dfs.o
                0x00000000000042fc                s3x_get_index_in_dfs_node
 .text.s3x_get_policy_max_rate
                0x000000000000431c       0x2c /home/somesh/pygmy-dev/pygmy-sdk/onion-apps/qorc_gpiocontroller_wb/m4/GCC_Project/output/s3x_dfs.o
                0x000000000000431c                s3x_get_policy_max_rate
 .text.S3x_Is_Dfs_En
                0x0000000000004348       0x10 /home/somesh/pygmy-dev/pygmy-sdk/onion-apps/qorc_gpiocontroller_wb/m4/GCC_Project/output/s3x_dfs.o
                0x0000000000004348                S3x_Is_Dfs_En
 .text.S3x_Set_Dfs_st
                0x0000000000004358        0xc /home/somesh/pygmy-dev/pygmy-sdk/onion-apps/qorc_gpiocontroller_wb/m4/GCC_Project/output/s3x_dfs.o
                0x0000000000004358                S3x_Set_Dfs_st
 .text.DFS_Get_Curr_Policy
                0x0000000000004364        0xc /home/somesh/pygmy-dev/pygmy-sdk/onion-apps/qorc_gpiocontroller_wb/m4/GCC_Project/output/s3x_dfs.o
                0x0000000000004364                DFS_Get_Curr_Policy
 .text.DFS_Initialize
                0x0000000000004370       0x14 /home/somesh/pygmy-dev/pygmy-sdk/onion-apps/qorc_gpiocontroller_wb/m4/GCC_Project/output/s3x_dfs.o
                0x0000000000004370                DFS_Initialize
 .text.trace_this
                0x0000000000004384       0x28 /home/somesh/pygmy-dev/pygmy-sdk/onion-apps/qorc_gpiocontroller_wb/m4/GCC_Project/output/s3x_lpm.o
 .text.S3x_Register_Lpm_Cb
                0x00000000000043ac       0x40 /home/somesh/pygmy-dev/pygmy-sdk/onion-apps/qorc_gpiocontroller_wb/m4/GCC_Project/output/s3x_lpm.o
                0x00000000000043ac                S3x_Register_Lpm_Cb
 .text.s3x_setup_systick_interrupt
                0x00000000000043ec       0x54 /home/somesh/pygmy-dev/pygmy-sdk/onion-apps/qorc_gpiocontroller_wb/m4/GCC_Project/output/s3x_lpm.o
                0x00000000000043ec                s3x_setup_systick_interrupt
 .text.prvStopTickInterruptTimer
                0x0000000000004440       0x10 /home/somesh/pygmy-dev/pygmy-sdk/onion-apps/qorc_gpiocontroller_wb/m4/GCC_Project/output/s3x_lpm.o
                0x0000000000004440                prvStopTickInterruptTimer
 .text.prvStartTickInterruptTimer
                0x0000000000004450        0x8 /home/somesh/pygmy-dev/pygmy-sdk/onion-apps/qorc_gpiocontroller_wb/m4/GCC_Project/output/s3x_lpm.o
                0x0000000000004450                prvStartTickInterruptTimer
 .text.SysTick_Handler
                0x0000000000004458       0x12 /home/somesh/pygmy-dev/pygmy-sdk/onion-apps/qorc_gpiocontroller_wb/m4/GCC_Project/output/s3x_lpm.o
                0x0000000000004458                SysTick_Handler
 .text.vPortSetupTimerInterrupt
                0x000000000000446a        0x6 /home/somesh/pygmy-dev/pygmy-sdk/onion-apps/qorc_gpiocontroller_wb/m4/GCC_Project/output/s3x_lpm.o
                0x000000000000446a                vPortSetupTimerInterrupt
 .text.S3x_Pre_Lpm
                0x0000000000004470       0x20 /home/somesh/pygmy-dev/pygmy-sdk/onion-apps/qorc_gpiocontroller_wb/m4/GCC_Project/output/s3x_lpm.o
                0x0000000000004470                S3x_Pre_Lpm
 .text.S3x_Post_Lpm
                0x0000000000004490       0x18 /home/somesh/pygmy-dev/pygmy-sdk/onion-apps/qorc_gpiocontroller_wb/m4/GCC_Project/output/s3x_lpm.o
                0x0000000000004490                S3x_Post_Lpm
 .text.S3x_Lpm_Handler
                0x00000000000044a8      0x3ac /home/somesh/pygmy-dev/pygmy-sdk/onion-apps/qorc_gpiocontroller_wb/m4/GCC_Project/output/s3x_lpm.o
                0x00000000000044a8                S3x_Lpm_Handler
 .text.s3x_get_pi
                0x0000000000004854       0x20 /home/somesh/pygmy-dev/pygmy-sdk/onion-apps/qorc_gpiocontroller_wb/m4/GCC_Project/output/s3x_pi.o
                0x0000000000004854                s3x_get_pi
 .text.s3x_get_pi_gindex
                0x0000000000004874       0x14 /home/somesh/pygmy-dev/pygmy-sdk/onion-apps/qorc_gpiocontroller_wb/m4/GCC_Project/output/s3x_pi.o
                0x0000000000004874                s3x_get_pi_gindex
 .text.s3x_pi_get_st
                0x0000000000004888       0x24 /home/somesh/pygmy-dev/pygmy-sdk/onion-apps/qorc_gpiocontroller_wb/m4/GCC_Project/output/s3x_pi.o
                0x0000000000004888                s3x_pi_get_st
 .text.s3x_pi_set_cfg_st
                0x00000000000048ac       0x94 /home/somesh/pygmy-dev/pygmy-sdk/onion-apps/qorc_gpiocontroller_wb/m4/GCC_Project/output/s3x_pi.o
                0x00000000000048ac                s3x_pi_set_cfg_st
 .text.s3x_pi_set_active_st
                0x0000000000004940       0xa4 /home/somesh/pygmy-dev/pygmy-sdk/onion-apps/qorc_gpiocontroller_wb/m4/GCC_Project/output/s3x_pi.o
                0x0000000000004940                s3x_pi_set_active_st
 .text.s3x_pi_get_clkg_st
                0x00000000000049e4       0x36 /home/somesh/pygmy-dev/pygmy-sdk/onion-apps/qorc_gpiocontroller_wb/m4/GCC_Project/output/s3x_pi.o
                0x00000000000049e4                s3x_pi_get_clkg_st
 .text.s3x_pi_set_clkg_st
                0x0000000000004a1a       0x26 /home/somesh/pygmy-dev/pygmy-sdk/onion-apps/qorc_gpiocontroller_wb/m4/GCC_Project/output/s3x_pi.o
                0x0000000000004a1a                s3x_pi_set_clkg_st
 .text.s3x_set_pi_state
                0x0000000000004a40        0xc /home/somesh/pygmy-dev/pygmy-sdk/onion-apps/qorc_gpiocontroller_wb/m4/GCC_Project/output/s3x_pi.o
                0x0000000000004a40                s3x_set_pi_state
 .text.s3x_get_pi_init_state
                0x0000000000004a4c       0x18 /home/somesh/pygmy-dev/pygmy-sdk/onion-apps/qorc_gpiocontroller_wb/m4/GCC_Project/output/s3x_pi.o
                0x0000000000004a4c                s3x_get_pi_init_state
 .text.S3x_pi_init
                0x0000000000004a64       0x20 /home/somesh/pygmy-dev/pygmy-sdk/onion-apps/qorc_gpiocontroller_wb/m4/GCC_Project/output/s3x_pi.o
                0x0000000000004a64                S3x_pi_init
 .text.S3x_pwrcfg_init
                0x0000000000004a84       0x2c /home/somesh/pygmy-dev/pygmy-sdk/onion-apps/qorc_gpiocontroller_wb/m4/GCC_Project/output/s3x_pwrcfg.o
                0x0000000000004a84                S3x_pwrcfg_init
 .text.s3x_sram_in_lpm
                0x0000000000004ab0       0x1c /home/somesh/pygmy-dev/pygmy-sdk/onion-apps/qorc_gpiocontroller_wb/m4/GCC_Project/output/s3x_pwrcfg.o
                0x0000000000004ab0                s3x_sram_in_lpm
 .text.S3x_get_qos_rate
                0x0000000000004acc       0x38 /home/somesh/pygmy-dev/pygmy-sdk/onion-apps/qorc_gpiocontroller_wb/m4/GCC_Project/output/s3x_qos.o
                0x0000000000004acc                S3x_get_qos_rate
 .text.save_assert_info
                0x0000000000004b04       0x74 /home/somesh/pygmy-dev/pygmy-sdk/onion-apps/qorc_gpiocontroller_wb/m4/GCC_Project/output/sec_debug.o
                0x0000000000004b04                save_assert_info
 .text.invoke_soft_fault
                0x0000000000004b78       0x20 /home/somesh/pygmy-dev/pygmy-sdk/onion-apps/qorc_gpiocontroller_wb/m4/GCC_Project/output/sec_debug.o
                0x0000000000004b78                invoke_soft_fault
 .text.Reset_Handler
                0x0000000000004b98       0x2c /home/somesh/pygmy-dev/pygmy-sdk/onion-apps/qorc_gpiocontroller_wb/m4/GCC_Project/output/startup_EOSS3B_GCC.o
                0x0000000000004b98                Reset_Handler
 .text.__semihost_call
                0x0000000000004bc4        0x6 /home/somesh/pygmy-dev/pygmy-sdk/onion-apps/qorc_gpiocontroller_wb/m4/GCC_Project/output/startup_EOSS3B_GCC.o
                0x0000000000004bc4                __semihost_call
 *fill*         0x0000000000004bca        0x2 
 .text.prvGetExpectedIdleTime
                0x0000000000004bcc       0x3c /home/somesh/pygmy-dev/pygmy-sdk/onion-apps/qorc_gpiocontroller_wb/m4/GCC_Project/output/tasks.o
 .text.prvResetNextTaskUnblockTime
                0x0000000000004c08       0x24 /home/somesh/pygmy-dev/pygmy-sdk/onion-apps/qorc_gpiocontroller_wb/m4/GCC_Project/output/tasks.o
 .text.prvAddCurrentTaskToDelayedList
                0x0000000000004c2c       0x8c /home/somesh/pygmy-dev/pygmy-sdk/onion-apps/qorc_gpiocontroller_wb/m4/GCC_Project/output/tasks.o
 .text.xTaskCreate
                0x0000000000004cb8      0x1e0 /home/somesh/pygmy-dev/pygmy-sdk/onion-apps/qorc_gpiocontroller_wb/m4/GCC_Project/output/tasks.o
                0x0000000000004cb8                xTaskCreate
 .text.vTaskStartScheduler
                0x0000000000004e98       0x98 /home/somesh/pygmy-dev/pygmy-sdk/onion-apps/qorc_gpiocontroller_wb/m4/GCC_Project/output/tasks.o
                0x0000000000004e98                vTaskStartScheduler
 .text.vTaskSuspendAll
                0x0000000000004f30       0x10 /home/somesh/pygmy-dev/pygmy-sdk/onion-apps/qorc_gpiocontroller_wb/m4/GCC_Project/output/tasks.o
                0x0000000000004f30                vTaskSuspendAll
 .text.xTaskGetTickCount
                0x0000000000004f40        0xc /home/somesh/pygmy-dev/pygmy-sdk/onion-apps/qorc_gpiocontroller_wb/m4/GCC_Project/output/tasks.o
                0x0000000000004f40                xTaskGetTickCount
 .text.vTaskStepTick
                0x0000000000004f4c       0x44 /home/somesh/pygmy-dev/pygmy-sdk/onion-apps/qorc_gpiocontroller_wb/m4/GCC_Project/output/tasks.o
                0x0000000000004f4c                vTaskStepTick
 .text.xTaskIncrementTick
                0x0000000000004f90      0x14c /home/somesh/pygmy-dev/pygmy-sdk/onion-apps/qorc_gpiocontroller_wb/m4/GCC_Project/output/tasks.o
                0x0000000000004f90                xTaskIncrementTick
 .text.xTaskResumeAll
                0x00000000000050dc      0x100 /home/somesh/pygmy-dev/pygmy-sdk/onion-apps/qorc_gpiocontroller_wb/m4/GCC_Project/output/tasks.o
                0x00000000000050dc                xTaskResumeAll
 .text.vTaskDelay
                0x00000000000051dc       0x60 /home/somesh/pygmy-dev/pygmy-sdk/onion-apps/qorc_gpiocontroller_wb/m4/GCC_Project/output/tasks.o
                0x00000000000051dc                vTaskDelay
 .text.prvIdleTask
                0x000000000000523c       0xc4 /home/somesh/pygmy-dev/pygmy-sdk/onion-apps/qorc_gpiocontroller_wb/m4/GCC_Project/output/tasks.o
 .text.vTaskSwitchContext
                0x0000000000005300       0xb8 /home/somesh/pygmy-dev/pygmy-sdk/onion-apps/qorc_gpiocontroller_wb/m4/GCC_Project/output/tasks.o
                0x0000000000005300                vTaskSwitchContext
 .text.vTaskPlaceOnEventList
                0x00000000000053b8       0x48 /home/somesh/pygmy-dev/pygmy-sdk/onion-apps/qorc_gpiocontroller_wb/m4/GCC_Project/output/tasks.o
                0x00000000000053b8                vTaskPlaceOnEventList
 .text.vTaskPlaceOnEventListRestricted
                0x0000000000005400       0x50 /home/somesh/pygmy-dev/pygmy-sdk/onion-apps/qorc_gpiocontroller_wb/m4/GCC_Project/output/tasks.o
                0x0000000000005400                vTaskPlaceOnEventListRestricted
 .text.xTaskRemoveFromEventList
                0x0000000000005450       0x9c /home/somesh/pygmy-dev/pygmy-sdk/onion-apps/qorc_gpiocontroller_wb/m4/GCC_Project/output/tasks.o
                0x0000000000005450                xTaskRemoveFromEventList
 .text.vTaskInternalSetTimeOutState
                0x00000000000054ec       0x18 /home/somesh/pygmy-dev/pygmy-sdk/onion-apps/qorc_gpiocontroller_wb/m4/GCC_Project/output/tasks.o
                0x00000000000054ec                vTaskInternalSetTimeOutState
 .text.xTaskCheckForTimeOut
                0x0000000000005504       0x94 /home/somesh/pygmy-dev/pygmy-sdk/onion-apps/qorc_gpiocontroller_wb/m4/GCC_Project/output/tasks.o
                0x0000000000005504                xTaskCheckForTimeOut
 .text.vTaskMissedYield
                0x0000000000005598        0xc /home/somesh/pygmy-dev/pygmy-sdk/onion-apps/qorc_gpiocontroller_wb/m4/GCC_Project/output/tasks.o
                0x0000000000005598                vTaskMissedYield
 .text.uxTaskGetTCBNumber
                0x00000000000055a4       0x14 /home/somesh/pygmy-dev/pygmy-sdk/onion-apps/qorc_gpiocontroller_wb/m4/GCC_Project/output/tasks.o
                0x00000000000055a4                uxTaskGetTCBNumber
 .text.eTaskConfirmSleepModeStatus
                0x00000000000055b8       0x34 /home/somesh/pygmy-dev/pygmy-sdk/onion-apps/qorc_gpiocontroller_wb/m4/GCC_Project/output/tasks.o
                0x00000000000055b8                eTaskConfirmSleepModeStatus
 .text.xTaskGetCurrentTaskHandle
                0x00000000000055ec        0xc /home/somesh/pygmy-dev/pygmy-sdk/onion-apps/qorc_gpiocontroller_wb/m4/GCC_Project/output/tasks.o
                0x00000000000055ec                xTaskGetCurrentTaskHandle
 .text.xTaskGetSchedulerState
                0x00000000000055f8       0x20 /home/somesh/pygmy-dev/pygmy-sdk/onion-apps/qorc_gpiocontroller_wb/m4/GCC_Project/output/tasks.o
                0x00000000000055f8                xTaskGetSchedulerState
 .text.xTaskPriorityInherit
                0x0000000000005618       0xa8 /home/somesh/pygmy-dev/pygmy-sdk/onion-apps/qorc_gpiocontroller_wb/m4/GCC_Project/output/tasks.o
                0x0000000000005618                xTaskPriorityInherit
 .text.xTaskPriorityDisinherit
                0x00000000000056c0       0xc4 /home/somesh/pygmy-dev/pygmy-sdk/onion-apps/qorc_gpiocontroller_wb/m4/GCC_Project/output/tasks.o
                0x00000000000056c0                xTaskPriorityDisinherit
 .text.vTaskPriorityDisinheritAfterTimeout
                0x0000000000005784       0xd8 /home/somesh/pygmy-dev/pygmy-sdk/onion-apps/qorc_gpiocontroller_wb/m4/GCC_Project/output/tasks.o
                0x0000000000005784                vTaskPriorityDisinheritAfterTimeout
 .text.pvTaskIncrementMutexHeldCount
                0x000000000000585c       0x18 /home/somesh/pygmy-dev/pygmy-sdk/onion-apps/qorc_gpiocontroller_wb/m4/GCC_Project/output/tasks.o
                0x000000000000585c                pvTaskIncrementMutexHeldCount
 .text.prvCheckForValidListAndQueue
                0x0000000000005874       0x58 /home/somesh/pygmy-dev/pygmy-sdk/onion-apps/qorc_gpiocontroller_wb/m4/GCC_Project/output/timers.o
 .text.prvInsertTimerInActiveList
                0x00000000000058cc       0x3c /home/somesh/pygmy-dev/pygmy-sdk/onion-apps/qorc_gpiocontroller_wb/m4/GCC_Project/output/timers.o
 .text.xTimerCreateTimerTask
                0x0000000000005908       0x64 /home/somesh/pygmy-dev/pygmy-sdk/onion-apps/qorc_gpiocontroller_wb/m4/GCC_Project/output/timers.o
                0x0000000000005908                xTimerCreateTimerTask
 .text.xTimerCreate
                0x000000000000596c       0x58 /home/somesh/pygmy-dev/pygmy-sdk/onion-apps/qorc_gpiocontroller_wb/m4/GCC_Project/output/timers.o
                0x000000000000596c                xTimerCreate
 .text.xTimerGenericCommand
                0x00000000000059c4       0x70 /home/somesh/pygmy-dev/pygmy-sdk/onion-apps/qorc_gpiocontroller_wb/m4/GCC_Project/output/timers.o
                0x00000000000059c4                xTimerGenericCommand
 .text.prvSwitchTimerLists
                0x0000000000005a34       0x90 /home/somesh/pygmy-dev/pygmy-sdk/onion-apps/qorc_gpiocontroller_wb/m4/GCC_Project/output/timers.o
 .text.prvTimerTask
                0x0000000000005ac4      0x218 /home/somesh/pygmy-dev/pygmy-sdk/onion-apps/qorc_gpiocontroller_wb/m4/GCC_Project/output/timers.o
 .text          0x0000000000005cdc       0x30 /home/somesh/qorc-sdk/arm_toolchain_install/gcc-arm-none-eabi-9-2020-q2-update/bin/../lib/gcc/arm-none-eabi/9.3.1/thumb/v7e-m+fp/hard/libgcc.a(_aeabi_uldivmod.o)
                0x0000000000005cdc                __aeabi_uldivmod
 .text          0x0000000000005d0c      0x2c4 /home/somesh/qorc-sdk/arm_toolchain_install/gcc-arm-none-eabi-9-2020-q2-update/bin/../lib/gcc/arm-none-eabi/9.3.1/thumb/v7e-m+fp/hard/libgcc.a(_udivmoddi4.o)
                0x0000000000005d0c                __udivmoddi4
 .text          0x0000000000005fd0        0x4 /home/somesh/qorc-sdk/arm_toolchain_install/gcc-arm-none-eabi-9-2020-q2-update/bin/../lib/gcc/arm-none-eabi/9.3.1/thumb/v7e-m+fp/hard/libgcc.a(_dvmd_tls.o)
                0x0000000000005fd0                __aeabi_ldiv0
                0x0000000000005fd0                __aeabi_idiv0
 .text.exit     0x0000000000005fd4       0x28 /home/somesh/qorc-sdk/arm_toolchain_install/gcc-arm-none-eabi-9-2020-q2-update/bin/../lib/gcc/arm-none-eabi/9.3.1/../../../../arm-none-eabi/lib/thumb/v7e-m+fp/hard/libg_nano.a(lib_a-exit.o)
                0x0000000000005fd4                exit
 .text.__libc_init_array
                0x0000000000005ffc       0x48 /home/somesh/qorc-sdk/arm_toolchain_install/gcc-arm-none-eabi-9-2020-q2-update/bin/../lib/gcc/arm-none-eabi/9.3.1/../../../../arm-none-eabi/lib/thumb/v7e-m+fp/hard/libg_nano.a(lib_a-init.o)
                0x0000000000005ffc                __libc_init_array
 .text.memcpy   0x0000000000006044       0x1c /home/somesh/qorc-sdk/arm_toolchain_install/gcc-arm-none-eabi-9-2020-q2-update/bin/../lib/gcc/arm-none-eabi/9.3.1/../../../../arm-none-eabi/lib/thumb/v7e-m+fp/hard/libg_nano.a(lib_a-memcpy-stub.o)
                0x0000000000006044                memcpy
 .text.memset   0x0000000000006060       0x10 /home/somesh/qorc-sdk/arm_toolchain_install/gcc-arm-none-eabi-9-2020-q2-update/bin/../lib/gcc/arm-none-eabi/9.3.1/../../../../arm-none-eabi/lib/thumb/v7e-m+fp/hard/libg_nano.a(lib_a-memset.o)
                0x0000000000006060                memset
 .text._free_r  0x0000000000006070       0xa0 /home/somesh/qorc-sdk/arm_toolchain_install/gcc-arm-none-eabi-9-2020-q2-update/bin/../lib/gcc/arm-none-eabi/9.3.1/../../../../arm-none-eabi/lib/thumb/v7e-m+fp/hard/libg_nano.a(lib_a-nano-freer.o)
                0x0000000000006070                _free_r
 .text._malloc_r
                0x0000000000006110       0xb4 /home/somesh/qorc-sdk/arm_toolchain_install/gcc-arm-none-eabi-9-2020-q2-update/bin/../lib/gcc/arm-none-eabi/9.3.1/../../../../arm-none-eabi/lib/thumb/v7e-m+fp/hard/libg_nano.a(lib_a-nano-mallocr.o)
                0x0000000000006110                _malloc_r
 .text.printf   0x00000000000061c4       0x30 /home/somesh/qorc-sdk/arm_toolchain_install/gcc-arm-none-eabi-9-2020-q2-update/bin/../lib/gcc/arm-none-eabi/9.3.1/../../../../arm-none-eabi/lib/thumb/v7e-m+fp/hard/libg_nano.a(lib_a-printf.o)
                0x00000000000061c4                printf
                0x00000000000061c4                iprintf
 .text._puts_r  0x00000000000061f4       0xdc /home/somesh/qorc-sdk/arm_toolchain_install/gcc-arm-none-eabi-9-2020-q2-update/bin/../lib/gcc/arm-none-eabi/9.3.1/../../../../arm-none-eabi/lib/thumb/v7e-m+fp/hard/libg_nano.a(lib_a-puts.o)
                0x00000000000061f4                _puts_r
 .text.puts     0x00000000000062d0       0x10 /home/somesh/qorc-sdk/arm_toolchain_install/gcc-arm-none-eabi-9-2020-q2-update/bin/../lib/gcc/arm-none-eabi/9.3.1/../../../../arm-none-eabi/lib/thumb/v7e-m+fp/hard/libg_nano.a(lib_a-puts.o)
                0x00000000000062d0                puts
 .text._sbrk_r  0x00000000000062e0       0x20 /home/somesh/qorc-sdk/arm_toolchain_install/gcc-arm-none-eabi-9-2020-q2-update/bin/../lib/gcc/arm-none-eabi/9.3.1/../../../../arm-none-eabi/lib/thumb/v7e-m+fp/hard/libg_nano.a(lib_a-sbrkr.o)
                0x00000000000062e0                _sbrk_r
 .text          0x0000000000006300       0x1c /home/somesh/qorc-sdk/arm_toolchain_install/gcc-arm-none-eabi-9-2020-q2-update/bin/../lib/gcc/arm-none-eabi/9.3.1/../../../../arm-none-eabi/lib/thumb/v7e-m+fp/hard/libg_nano.a(lib_a-setjmp.o)
                0x0000000000006300                setjmp
                0x000000000000630c                longjmp
 .text.snprintf
                0x000000000000631c       0x68 /home/somesh/qorc-sdk/arm_toolchain_install/gcc-arm-none-eabi-9-2020-q2-update/bin/../lib/gcc/arm-none-eabi/9.3.1/../../../../arm-none-eabi/lib/thumb/v7e-m+fp/hard/libg_nano.a(lib_a-snprintf.o)
                0x000000000000631c                snprintf
                0x000000000000631c                sniprintf
 .text.sprintf  0x0000000000006384       0x40 /home/somesh/qorc-sdk/arm_toolchain_install/gcc-arm-none-eabi-9-2020-q2-update/bin/../lib/gcc/arm-none-eabi/9.3.1/../../../../arm-none-eabi/lib/thumb/v7e-m+fp/hard/libg_nano.a(lib_a-sprintf.o)
                0x0000000000006384                sprintf
                0x0000000000006384                siprintf
 .text.strchr   0x00000000000063c4       0x1a /home/somesh/qorc-sdk/arm_toolchain_install/gcc-arm-none-eabi-9-2020-q2-update/bin/../lib/gcc/arm-none-eabi/9.3.1/../../../../arm-none-eabi/lib/thumb/v7e-m+fp/hard/libg_nano.a(lib_a-strchr.o)
                0x00000000000063c4                strchr
 .text          0x00000000000063de       0x14 /home/somesh/qorc-sdk/arm_toolchain_install/gcc-arm-none-eabi-9-2020-q2-update/bin/../lib/gcc/arm-none-eabi/9.3.1/../../../../arm-none-eabi/lib/thumb/v7e-m+fp/hard/libg_nano.a(lib_a-strcmp.o)
                0x00000000000063de                strcmp
 .text.strcpy   0x00000000000063f2       0x10 /home/somesh/qorc-sdk/arm_toolchain_install/gcc-arm-none-eabi-9-2020-q2-update/bin/../lib/gcc/arm-none-eabi/9.3.1/../../../../arm-none-eabi/lib/thumb/v7e-m+fp/hard/libg_nano.a(lib_a-strcpy.o)
                0x00000000000063f2                strcpy
 .text          0x0000000000006402       0x10 /home/somesh/qorc-sdk/arm_toolchain_install/gcc-arm-none-eabi-9-2020-q2-update/bin/../lib/gcc/arm-none-eabi/9.3.1/../../../../arm-none-eabi/lib/thumb/v7e-m+fp/hard/libg_nano.a(lib_a-strlen.o)
                0x0000000000006402                strlen
 .text.strncpy  0x0000000000006412       0x26 /home/somesh/qorc-sdk/arm_toolchain_install/gcc-arm-none-eabi-9-2020-q2-update/bin/../lib/gcc/arm-none-eabi/9.3.1/../../../../arm-none-eabi/lib/thumb/v7e-m+fp/hard/libg_nano.a(lib_a-strncpy.o)
                0x0000000000006412                strncpy
 .text.strrchr  0x0000000000006438       0x28 /home/somesh/qorc-sdk/arm_toolchain_install/gcc-arm-none-eabi-9-2020-q2-update/bin/../lib/gcc/arm-none-eabi/9.3.1/../../../../arm-none-eabi/lib/thumb/v7e-m+fp/hard/libg_nano.a(lib_a-strrchr.o)
                0x0000000000006438                strrchr
 .text.__strtok_r
                0x0000000000006460       0x50 /home/somesh/qorc-sdk/arm_toolchain_install/gcc-arm-none-eabi-9-2020-q2-update/bin/../lib/gcc/arm-none-eabi/9.3.1/../../../../arm-none-eabi/lib/thumb/v7e-m+fp/hard/libg_nano.a(lib_a-strtok_r.o)
                0x0000000000006460                __strtok_r
 .text.strtok_r
                0x00000000000064b0        0x6 /home/somesh/qorc-sdk/arm_toolchain_install/gcc-arm-none-eabi-9-2020-q2-update/bin/../lib/gcc/arm-none-eabi/9.3.1/../../../../arm-none-eabi/lib/thumb/v7e-m+fp/hard/libg_nano.a(lib_a-strtok_r.o)
                0x00000000000064b0                strtok_r
 *fill*         0x00000000000064b6        0x2 
 .text._strtoll_l.isra.0
                0x00000000000064b8      0x12c /home/somesh/qorc-sdk/arm_toolchain_install/gcc-arm-none-eabi-9-2020-q2-update/bin/../lib/gcc/arm-none-eabi/9.3.1/../../../../arm-none-eabi/lib/thumb/v7e-m+fp/hard/libg_nano.a(lib_a-strtoll.o)
 .text.strtoll  0x00000000000065e4       0x14 /home/somesh/qorc-sdk/arm_toolchain_install/gcc-arm-none-eabi-9-2020-q2-update/bin/../lib/gcc/arm-none-eabi/9.3.1/../../../../arm-none-eabi/lib/thumb/v7e-m+fp/hard/libg_nano.a(lib_a-strtoll.o)
                0x00000000000065e4                strtoll
 .text._strtoull_l.isra.0
                0x00000000000065f8      0x134 /home/somesh/qorc-sdk/arm_toolchain_install/gcc-arm-none-eabi-9-2020-q2-update/bin/../lib/gcc/arm-none-eabi/9.3.1/../../../../arm-none-eabi/lib/thumb/v7e-m+fp/hard/libg_nano.a(lib_a-strtoull.o)
 .text.strtoull
                0x000000000000672c       0x14 /home/somesh/qorc-sdk/arm_toolchain_install/gcc-arm-none-eabi-9-2020-q2-update/bin/../lib/gcc/arm-none-eabi/9.3.1/../../../../arm-none-eabi/lib/thumb/v7e-m+fp/hard/libg_nano.a(lib_a-strtoull.o)
                0x000000000000672c                strtoull
 .text._vsnprintf_r
                0x0000000000006740       0x58 /home/somesh/qorc-sdk/arm_toolchain_install/gcc-arm-none-eabi-9-2020-q2-update/bin/../lib/gcc/arm-none-eabi/9.3.1/../../../../arm-none-eabi/lib/thumb/v7e-m+fp/hard/libg_nano.a(lib_a-vsnprintf.o)
                0x0000000000006740                _vsnprintf_r
                0x0000000000006740                _vsniprintf_r
 .text.vsnprintf
                0x0000000000006798       0x1c /home/somesh/qorc-sdk/arm_toolchain_install/gcc-arm-none-eabi-9-2020-q2-update/bin/../lib/gcc/arm-none-eabi/9.3.1/../../../../arm-none-eabi/lib/thumb/v7e-m+fp/hard/libg_nano.a(lib_a-vsnprintf.o)
                0x0000000000006798                vsnprintf
                0x0000000000006798                vsniprintf
 .text.__swbuf_r
                0x00000000000067b4       0xa4 /home/somesh/qorc-sdk/arm_toolchain_install/gcc-arm-none-eabi-9-2020-q2-update/bin/../lib/gcc/arm-none-eabi/9.3.1/../../../../arm-none-eabi/lib/thumb/v7e-m+fp/hard/libg_nano.a(lib_a-wbuf.o)
                0x00000000000067b4                __swbuf_r
 .text.__swsetup_r
                0x0000000000006858       0xdc /home/somesh/qorc-sdk/arm_toolchain_install/gcc-arm-none-eabi-9-2020-q2-update/bin/../lib/gcc/arm-none-eabi/9.3.1/../../../../arm-none-eabi/lib/thumb/v7e-m+fp/hard/libg_nano.a(lib_a-wsetup.o)
                0x0000000000006858                __swsetup_r
 .text.__sflush_r
                0x0000000000006934      0x10c /home/somesh/qorc-sdk/arm_toolchain_install/gcc-arm-none-eabi-9-2020-q2-update/bin/../lib/gcc/arm-none-eabi/9.3.1/../../../../arm-none-eabi/lib/thumb/v7e-m+fp/hard/libg_nano.a(lib_a-fflush.o)
                0x0000000000006934                __sflush_r
 .text._fflush_r
                0x0000000000006a40       0x78 /home/somesh/qorc-sdk/arm_toolchain_install/gcc-arm-none-eabi-9-2020-q2-update/bin/../lib/gcc/arm-none-eabi/9.3.1/../../../../arm-none-eabi/lib/thumb/v7e-m+fp/hard/libg_nano.a(lib_a-fflush.o)
                0x0000000000006a40                _fflush_r
 .text.std      0x0000000000006ab8       0x48 /home/somesh/qorc-sdk/arm_toolchain_install/gcc-arm-none-eabi-9-2020-q2-update/bin/../lib/gcc/arm-none-eabi/9.3.1/../../../../arm-none-eabi/lib/thumb/v7e-m+fp/hard/libg_nano.a(lib_a-findfp.o)
 .text._cleanup_r
                0x0000000000006b00        0xc /home/somesh/qorc-sdk/arm_toolchain_install/gcc-arm-none-eabi-9-2020-q2-update/bin/../lib/gcc/arm-none-eabi/9.3.1/../../../../arm-none-eabi/lib/thumb/v7e-m+fp/hard/libg_nano.a(lib_a-findfp.o)
                0x0000000000006b00                _cleanup_r
 .text.__sfmoreglue
                0x0000000000006b0c       0x2c /home/somesh/qorc-sdk/arm_toolchain_install/gcc-arm-none-eabi-9-2020-q2-update/bin/../lib/gcc/arm-none-eabi/9.3.1/../../../../arm-none-eabi/lib/thumb/v7e-m+fp/hard/libg_nano.a(lib_a-findfp.o)
                0x0000000000006b0c                __sfmoreglue
 .text.__sfp_lock_acquire
                0x0000000000006b38        0xc /home/somesh/qorc-sdk/arm_toolchain_install/gcc-arm-none-eabi-9-2020-q2-update/bin/../lib/gcc/arm-none-eabi/9.3.1/../../../../arm-none-eabi/lib/thumb/v7e-m+fp/hard/libg_nano.a(lib_a-findfp.o)
                0x0000000000006b38                __sfp_lock_acquire
 .text.__sfp_lock_release
                0x0000000000006b44        0xc /home/somesh/qorc-sdk/arm_toolchain_install/gcc-arm-none-eabi-9-2020-q2-update/bin/../lib/gcc/arm-none-eabi/9.3.1/../../../../arm-none-eabi/lib/thumb/v7e-m+fp/hard/libg_nano.a(lib_a-findfp.o)
                0x0000000000006b44                __sfp_lock_release
 .text.__sinit_lock_acquire
                0x0000000000006b50        0xc /home/somesh/qorc-sdk/arm_toolchain_install/gcc-arm-none-eabi-9-2020-q2-update/bin/../lib/gcc/arm-none-eabi/9.3.1/../../../../arm-none-eabi/lib/thumb/v7e-m+fp/hard/libg_nano.a(lib_a-findfp.o)
                0x0000000000006b50                __sinit_lock_acquire
 .text.__sinit_lock_release
                0x0000000000006b5c        0xc /home/somesh/qorc-sdk/arm_toolchain_install/gcc-arm-none-eabi-9-2020-q2-update/bin/../lib/gcc/arm-none-eabi/9.3.1/../../../../arm-none-eabi/lib/thumb/v7e-m+fp/hard/libg_nano.a(lib_a-findfp.o)
                0x0000000000006b5c                __sinit_lock_release
 .text.__sinit  0x0000000000006b68       0x70 /home/somesh/qorc-sdk/arm_toolchain_install/gcc-arm-none-eabi-9-2020-q2-update/bin/../lib/gcc/arm-none-eabi/9.3.1/../../../../arm-none-eabi/lib/thumb/v7e-m+fp/hard/libg_nano.a(lib_a-findfp.o)