Archive member included to satisfy reference by file (symbol)

/usr/lib/gcc/arm-none-eabi/9.2.1/thumb/v7e-m+fp/hard/libgcc.a(_arm_muldf3.o)
                              /storage/emulated/0/github/vaman/arm/codes/setup/onoff/GCC_Project/output/ql_test_signals.o (__aeabi_dmul)
/usr/lib/gcc/arm-none-eabi/9.2.1/thumb/v7e-m+fp/hard/libgcc.a(_arm_addsubdf3.o)
                              /storage/emulated/0/github/vaman/arm/codes/setup/onoff/GCC_Project/output/ql_test_signals.o (__aeabi_dadd)
/usr/lib/gcc/arm-none-eabi/9.2.1/thumb/v7e-m+fp/hard/libgcc.a(_arm_muldivdf3.o)
                              /storage/emulated/0/github/vaman/arm/codes/setup/onoff/GCC_Project/output/eoss3_hal_i2c.o (__aeabi_ddiv)
/usr/lib/gcc/arm-none-eabi/9.2.1/thumb/v7e-m+fp/hard/libgcc.a(_arm_fixdfsi.o)
                              /storage/emulated/0/github/vaman/arm/codes/setup/onoff/GCC_Project/output/ql_test_signals.o (__aeabi_d2iz)
/usr/lib/gcc/arm-none-eabi/9.2.1/thumb/v7e-m+fp/hard/libgcc.a(_arm_truncdfsf2.o)
                              /storage/emulated/0/github/vaman/arm/codes/setup/onoff/GCC_Project/output/eoss3_hal_i2c.o (__aeabi_d2f)
/usr/lib/gcc/arm-none-eabi/9.2.1/thumb/v7e-m+fp/hard/libgcc.a(_aeabi_ldivmod.o)
                              /storage/emulated/0/github/vaman/arm/codes/setup/onoff/GCC_Project/output/dbg_uart.o (__aeabi_ldivmod)
/usr/lib/gcc/arm-none-eabi/9.2.1/thumb/v7e-m+fp/hard/libgcc.a(_aeabi_uldivmod.o)
                              /storage/emulated/0/github/vaman/arm/codes/setup/onoff/GCC_Project/output/s3x_lpm.o (__aeabi_uldivmod)
/usr/lib/gcc/arm-none-eabi/9.2.1/thumb/v7e-m+fp/hard/libgcc.a(_udivmoddi4.o)
                              /usr/lib/gcc/arm-none-eabi/9.2.1/thumb/v7e-m+fp/hard/libgcc.a(_aeabi_ldivmod.o) (__udivmoddi4)
/usr/lib/gcc/arm-none-eabi/9.2.1/thumb/v7e-m+fp/hard/libgcc.a(_dvmd_tls.o)
                              /usr/lib/gcc/arm-none-eabi/9.2.1/thumb/v7e-m+fp/hard/libgcc.a(_aeabi_ldivmod.o) (__aeabi_ldiv0)
/usr/lib/gcc/arm-none-eabi/9.2.1/../../../arm-none-eabi/lib/thumb/v7e-m+fp/hard/libg_nano.a(lib_a-atexit.o)
                              /usr/lib/gcc/arm-none-eabi/9.2.1/../../../arm-none-eabi/lib/thumb/v7e-m+fp/hard/crt0.o (atexit)
/usr/lib/gcc/arm-none-eabi/9.2.1/../../../arm-none-eabi/lib/thumb/v7e-m+fp/hard/libg_nano.a(lib_a-exit.o)
                              /usr/lib/gcc/arm-none-eabi/9.2.1/../../../arm-none-eabi/lib/thumb/v7e-m+fp/hard/crt0.o (exit)
/usr/lib/gcc/arm-none-eabi/9.2.1/../../../arm-none-eabi/lib/thumb/v7e-m+fp/hard/libg_nano.a(lib_a-fini.o)
                              /usr/lib/gcc/arm-none-eabi/9.2.1/../../../arm-none-eabi/lib/thumb/v7e-m+fp/hard/crt0.o (__libc_fini_array)
/usr/lib/gcc/arm-none-eabi/9.2.1/../../../arm-none-eabi/lib/thumb/v7e-m+fp/hard/libg_nano.a(lib_a-impure.o)
                              /usr/lib/gcc/arm-none-eabi/9.2.1/../../../arm-none-eabi/lib/thumb/v7e-m+fp/hard/libg_nano.a(lib_a-exit.o) (_global_impure_ptr)
/usr/lib/gcc/arm-none-eabi/9.2.1/../../../arm-none-eabi/lib/thumb/v7e-m+fp/hard/libg_nano.a(lib_a-init.o)
                              /usr/lib/gcc/arm-none-eabi/9.2.1/../../../arm-none-eabi/lib/thumb/v7e-m+fp/hard/crt0.o (__libc_init_array)
/usr/lib/gcc/arm-none-eabi/9.2.1/../../../arm-none-eabi/lib/thumb/v7e-m+fp/hard/libg_nano.a(lib_a-malloc.o)
                              /storage/emulated/0/github/vaman/arm/codes/setup/onoff/GCC_Project/output/circularBuffQueue.o (malloc)
/usr/lib/gcc/arm-none-eabi/9.2.1/../../../arm-none-eabi/lib/thumb/v7e-m+fp/hard/libg_nano.a(lib_a-memcpy.o)
                              /storage/emulated/0/github/vaman/arm/codes/setup/onoff/GCC_Project/output/cli_args.o (memcpy)
/usr/lib/gcc/arm-none-eabi/9.2.1/../../../arm-none-eabi/lib/thumb/v7e-m+fp/hard/libg_nano.a(lib_a-memset.o)
                              /usr/lib/gcc/arm-none-eabi/9.2.1/../../../arm-none-eabi/lib/thumb/v7e-m+fp/hard/crt0.o (memset)
/usr/lib/gcc/arm-none-eabi/9.2.1/../../../arm-none-eabi/lib/thumb/v7e-m+fp/hard/libg_nano.a(lib_a-nano-freer.o)
                              /usr/lib/gcc/arm-none-eabi/9.2.1/../../../arm-none-eabi/lib/thumb/v7e-m+fp/hard/libg_nano.a(lib_a-malloc.o) (_free_r)
/usr/lib/gcc/arm-none-eabi/9.2.1/../../../arm-none-eabi/lib/thumb/v7e-m+fp/hard/libg_nano.a(lib_a-nano-mallocr.o)
                              /usr/lib/gcc/arm-none-eabi/9.2.1/../../../arm-none-eabi/lib/thumb/v7e-m+fp/hard/libg_nano.a(lib_a-malloc.o) (_malloc_r)
/usr/lib/gcc/arm-none-eabi/9.2.1/../../../arm-none-eabi/lib/thumb/v7e-m+fp/hard/libg_nano.a(lib_a-printf.o)
                              /storage/emulated/0/github/vaman/arm/codes/setup/onoff/GCC_Project/output/circularBuffQueue.o (printf)
/usr/lib/gcc/arm-none-eabi/9.2.1/../../../arm-none-eabi/lib/thumb/v7e-m+fp/hard/libg_nano.a(lib_a-puts.o)
                              /storage/emulated/0/github/vaman/arm/codes/setup/onoff/GCC_Project/output/eoss3_hal_i2s_slave_assp.o (puts)
[...]
Memory Configuration

Name             Origin             Length             Attributes
rom              0x0000000000000000 0x0000000000027000 xr
ram              0x0000000020027000 0x000000000003c800 xrw
spiram           0x0000000020063800 0x0000000000000800 rw
HWA              0x0000000020064000 0x0000000000018000 rw
shm              0x000000002007c000 0x0000000000004000
*default*        0x0000000000000000 0xffffffffffffffff

Linker script and memory map

LOAD /usr/lib/gcc/arm-none-eabi/9.2.1/thumb/v7e-m+fp/hard/crti.o
LOAD /usr/lib/gcc/arm-none-eabi/9.2.1/thumb/v7e-m+fp/hard/crtbegin.o
LOAD /usr/lib/gcc/arm-none-eabi/9.2.1/../../../arm-none-eabi/lib/thumb/v7e-m+fp/hard/crt0.o
LOAD /storage/emulated/0/github/vaman/arm/codes/setup/onoff/GCC_Project/output/c_lib_retarget.o
LOAD /storage/emulated/0/github/vaman/arm/codes/setup/onoff/GCC_Project/output/circularBuffQueue.o
LOAD /storage/emulated/0/github/vaman/arm/codes/setup/onoff/GCC_Project/output/cli_args.o
LOAD /storage/emulated/0/github/vaman/arm/codes/setup/onoff/GCC_Project/output/cli_hexdump.o
LOAD /storage/emulated/0/github/vaman/arm/codes/setup/onoff/GCC_Project/output/cli_io.o
LOAD /storage/emulated/0/github/vaman/arm/codes/setup/onoff/GCC_Project/output/cli_loop.o
LOAD /storage/emulated/0/github/vaman/arm/codes/setup/onoff/GCC_Project/output/cli_misc.o
LOAD /storage/emulated/0/github/vaman/arm/codes/setup/onoff/GCC_Project/output/cli_platform.o
LOAD /storage/emulated/0/github/vaman/arm/codes/setup/onoff/GCC_Project/output/cli_stdcmds.o
LOAD /storage/emulated/0/github/vaman/arm/codes/setup/onoff/GCC_Project/output/crc16.o
LOAD /storage/emulated/0/github/vaman/arm/codes/setup/onoff/GCC_Project/output/crc32.o
LOAD /storage/emulated/0/github/vaman/arm/codes/setup/onoff/GCC_Project/output/croutine.o
LOAD /storage/emulated/0/github/vaman/arm/codes/setup/onoff/GCC_Project/output/dbg_bufferedprinttask.o
LOAD /storage/emulated/0/github/vaman/arm/codes/setup/onoff/GCC_Project/output/dbg_queue_monitor.o
LOAD /storage/emulated/0/github/vaman/arm/codes/setup/onoff/GCC_Project/output/dbg_uart.o
LOAD /storage/emulated/0/github/vaman/arm/codes/setup/onoff/GCC_Project/output/dbgtrace.o
LOAD /storage/emulated/0/github/vaman/arm/codes/setup/onoff/GCC_Project/output/eoss3_hal_adc.o
LOAD /storage/emulated/0/github/vaman/arm/codes/setup/onoff/GCC_Project/output/eoss3_hal_fpga_usbserial.o
LOAD /storage/emulated/0/github/vaman/arm/codes/setup/onoff/GCC_Project/output/eoss3_hal_gpio.o
LOAD /storage/emulated/0/github/vaman/arm/codes/setup/onoff/GCC_Project/output/eoss3_hal_i2c.o
LOAD /storage/emulated/0/github/vaman/arm/codes/setup/onoff/GCC_Project/output/eoss3_hal_i2s.o
LOAD /storage/emulated/0/github/vaman/arm/codes/setup/onoff/GCC_Project/output/eoss3_hal_i2s_slave_assp.o
LOAD /storage/emulated/0/github/vaman/arm/codes/setup/onoff/GCC_Project/output/eoss3_hal_pad_config.o
LOAD /storage/emulated/0/github/vaman/arm/codes/setup/onoff/GCC_Project/output/eoss3_hal_pkfb.o
LOAD /storage/emulated/0/github/vaman/arm/codes/setup/onoff/GCC_Project/output/eoss3_hal_rtc.o
LOAD /storage/emulated/0/github/vaman/arm/codes/setup/onoff/GCC_Project/output/eoss3_hal_sdma.o
LOAD /storage/emulated/0/github/vaman/arm/codes/setup/onoff/GCC_Project/output/eoss3_hal_spi.o
LOAD /storage/emulated/0/github/vaman/arm/codes/setup/onoff/GCC_Project/output/eoss3_hal_timer.o
LOAD /storage/emulated/0/github/vaman/arm/codes/setup/onoff/GCC_Project/output/eoss3_hal_uart.o
LOAD /storage/emulated/0/github/vaman/arm/codes/setup/onoff/GCC_Project/output/eoss3_hal_wb.o
LOAD /storage/emulated/0/github/vaman/arm/codes/setup/onoff/GCC_Project/output/eoss3_hal_wdt.o
LOAD /storage/emulated/0/github/vaman/arm/codes/setup/onoff/GCC_Project/output/event_groups.o
LOAD /storage/emulated/0/github/vaman/arm/codes/setup/onoff/GCC_Project/output/exceptions.o
LOAD /storage/emulated/0/github/vaman/arm/codes/setup/onoff/GCC_Project/output/fpga_loader.o
LOAD /storage/emulated/0/github/vaman/arm/codes/setup/onoff/GCC_Project/output/freertos_static_memory.o
LOAD /storage/emulated/0/github/vaman/arm/codes/setup/onoff/GCC_Project/output/heap_4.o
LOAD /storage/emulated/0/github/vaman/arm/codes/setup/onoff/GCC_Project/output/hearable_pwrcfg.o
LOAD /storage/emulated/0/github/vaman/arm/codes/setup/onoff/GCC_Project/output/leds.o
LOAD /storage/emulated/0/github/vaman/arm/codes/setup/onoff/GCC_Project/output/list.o
LOAD /storage/emulated/0/github/vaman/arm/codes/setup/onoff/GCC_Project/output/main.o
LOAD /storage/emulated/0/github/vaman/arm/codes/setup/onoff/GCC_Project/output/main_dbg_cli_menu.o
LOAD /storage/emulated/0/github/vaman/arm/codes/setup/onoff/GCC_Project/output/pincfg_table.o
LOAD /storage/emulated/0/github/vaman/arm/codes/setup/onoff/GCC_Project/output/port.o
LOAD /storage/emulated/0/github/vaman/arm/codes/setup/onoff/GCC_Project/output/qf_baremetalsetup.o
LOAD /storage/emulated/0/github/vaman/arm/codes/setup/onoff/GCC_Project/output/qf_hardwaresetup.o
LOAD /storage/emulated/0/github/vaman/arm/codes/setup/onoff/GCC_Project/output/ql_base64.o
LOAD /storage/emulated/0/github/vaman/arm/codes/setup/onoff/GCC_Project/output/ql_stackwatermark.o
LOAD /storage/emulated/0/github/vaman/arm/codes/setup/onoff/GCC_Project/output/ql_test_signals.o
LOAD /storage/emulated/0/github/vaman/arm/codes/setup/onoff/GCC_Project/output/ql_time.o
LOAD /storage/emulated/0/github/vaman/arm/codes/setup/onoff/GCC_Project/output/queue.o
LOAD /storage/emulated/0/github/vaman/arm/codes/setup/onoff/GCC_Project/output/s3x_clock.o
LOAD /storage/emulated/0/github/vaman/arm/codes/setup/onoff/GCC_Project/output/s3x_clock_hal.o
LOAD /storage/emulated/0/github/vaman/arm/codes/setup/onoff/GCC_Project/output/s3x_cpuload.o
LOAD /storage/emulated/0/github/vaman/arm/codes/setup/onoff/GCC_Project/output/s3x_dfs.o
LOAD /storage/emulated/0/github/vaman/arm/codes/setup/onoff/GCC_Project/output/s3x_lpm.o
LOAD /storage/emulated/0/github/vaman/arm/codes/setup/onoff/GCC_Project/output/s3x_pi.o
LOAD /storage/emulated/0/github/vaman/arm/codes/setup/onoff/GCC_Project/output/s3x_pwrcfg.o
LOAD /storage/emulated/0/github/vaman/arm/codes/setup/onoff/GCC_Project/output/s3x_qos.o
LOAD /storage/emulated/0/github/vaman/arm/codes/setup/onoff/GCC_Project/output/sec_debug.o
LOAD /storage/emulated/0/github/vaman/arm/codes/setup/onoff/GCC_Project/output/spi_flash.o
LOAD /storage/emulated/0/github/vaman/arm/codes/setup/onoff/GCC_Project/output/startup_EOSS3B_GCC.o
LOAD /storage/emulated/0/github/vaman/arm/codes/setup/onoff/GCC_Project/output/stream_buffer.o
LOAD /storage/emulated/0/github/vaman/arm/codes/setup/onoff/GCC_Project/output/tasks.o
LOAD /storage/emulated/0/github/vaman/arm/codes/setup/onoff/GCC_Project/output/timers.o
LOAD /storage/emulated/0/github/vaman/arm/codes/setup/onoff/GCC_Project/output/usb2serial.o
LOAD /storage/emulated/0/github/vaman/arm/codes/setup/onoff/GCC_Project/output/vectors_CM4F_gcc.o
LOAD /storage/emulated/0/github/vaman/arm/codes/setup/onoff/GCC_Project/output/watchdog.o
LOAD /usr/lib/gcc/arm-none-eabi/9.2.1/../../../arm-none-eabi/lib/thumb/v7e-m+fp/hard/libm.a
LOAD /root/pygmy-dev/pygmy-sdk/Libraries/CMSIS/lib/GCC/libarm_cortexM4lf_math.a
START GROUP
LOAD /usr/lib/gcc/arm-none-eabi/9.2.1/thumb/v7e-m+fp/hard/libgcc.a
LOAD /usr/lib/gcc/arm-none-eabi/9.2.1/../../../arm-none-eabi/lib/thumb/v7e-m+fp/hard/libg_nano.a
LOAD /usr/lib/gcc/arm-none-eabi/9.2.1/../../../arm-none-eabi/lib/thumb/v7e-m+fp/hard/libc_nano.a
END GROUP
START GROUP
LOAD /usr/lib/gcc/arm-none-eabi/9.2.1/thumb/v7e-m+fp/hard/libgcc.a
LOAD /usr/lib/gcc/arm-none-eabi/9.2.1/../../../arm-none-eabi/lib/thumb/v7e-m+fp/hard/libc_nano.a
LOAD /usr/lib/gcc/arm-none-eabi/9.2.1/../../../arm-none-eabi/lib/thumb/v7e-m+fp/hard/libnosys.a
END GROUP
START GROUP
LOAD /usr/lib/gcc/arm-none-eabi/9.2.1/thumb/v7e-m+fp/hard/libgcc.a
LOAD /usr/lib/gcc/arm-none-eabi/9.2.1/../../../arm-none-eabi/lib/thumb/v7e-m+fp/hard/libc_nano.a
LOAD /usr/lib/gcc/arm-none-eabi/9.2.1/../../../arm-none-eabi/lib/thumb/v7e-m+fp/hard/libnosys.a
END GROUP
LOAD /usr/lib/gcc/arm-none-eabi/9.2.1/thumb/v7e-m+fp/hard/crtend.o
LOAD /usr/lib/gcc/arm-none-eabi/9.2.1/thumb/v7e-m+fp/hard/crtn.o

.text           0x0000000000000000    0x1bdd5
 *(.isr_vector)
 .isr_vector    0x0000000000000000      0x124 /storage/emulated/0/github/vaman/arm/codes/setup/onoff/GCC_Project/output/vectors_CM4F_gcc.o
                0x0000000000000000                __Vectors
 *(.text*)
 .text          0x0000000000000124       0x88 /usr/lib/gcc/arm-none-eabi/9.2.1/thumb/v7e-m+fp/hard/crtbegin.o
 .text          0x00000000000001ac       0x70 /usr/lib/gcc/arm-none-eabi/9.2.1/../../../arm-none-eabi/lib/thumb/v7e-m+fp/hard/crt0.o
                0x00000000000001ac                _stack_init
                0x00000000000001b4                _mainCRTStartup
                0x00000000000001b4                _start
 .text._write   0x000000000000021c        0xe /storage/emulated/0/github/vaman/arm/codes/setup/onoff/GCC_Project/output/c_lib_retarget.o
                0x000000000000021c                _write
 .text._close   0x000000000000022a        0x6 /storage/emulated/0/github/vaman/arm/codes/setup/onoff/GCC_Project/output/c_lib_retarget.o
                0x000000000000022a                _close
 .text._lseek   0x0000000000000230        0x4 /storage/emulated/0/github/vaman/arm/codes/setup/onoff/GCC_Project/output/c_lib_retarget.o
                0x0000000000000230                _lseek
 .text._read    0x0000000000000234        0x4 /storage/emulated/0/github/vaman/arm/codes/setup/onoff/GCC_Project/output/c_lib_retarget.o
                0x0000000000000234                _read
 .text.do_str_fetch
                0x0000000000000238       0x38 /storage/emulated/0/github/vaman/arm/codes/setup/onoff/GCC_Project/output/cli_args.o
 .text.CLI_string_ptr_get_subcmd
                0x0000000000000270       0x20 /storage/emulated/0/github/vaman/arm/codes/setup/onoff/GCC_Project/output/cli_args.o
                0x0000000000000270                CLI_string_ptr_get_subcmd
 .text.append_key
                0x0000000000000290       0x30 /storage/emulated/0/github/vaman/arm/codes/setup/onoff/GCC_Project/output/cli_io.o
 .text.get_key_ignore_null
                0x00000000000002c0       0x18 /storage/emulated/0/github/vaman/arm/codes/setup/onoff/GCC_Project/output/cli_io.o
 .text.CLI_getkey_peek
                0x00000000000002d8      0x110 /storage/emulated/0/github/vaman/arm/codes/setup/onoff/GCC_Project/output/cli_io.o
                0x00000000000002d8                CLI_getkey_peek
 .text.CLI_getkey
                0x00000000000003e8       0x30 /storage/emulated/0/github/vaman/arm/codes/setup/onoff/GCC_Project/output/cli_io.o
                0x00000000000003e8                CLI_getkey
 .text.CLI_col0_timestamp
                0x0000000000000418       0x78 /storage/emulated/0/github/vaman/arm/codes/setup/onoff/GCC_Project/output/cli_io.o
                0x0000000000000418                CLI_col0_timestamp
 .text.CLI_putc
                0x0000000000000490       0x4c /storage/emulated/0/github/vaman/arm/codes/setup/onoff/GCC_Project/output/cli_io.o
                0x0000000000000490                CLI_putc
 .text.CLI_puts_no_nl
                0x00000000000004dc       0x12 /storage/emulated/0/github/vaman/arm/codes/setup/onoff/GCC_Project/output/cli_io.o
                0x00000000000004dc                CLI_puts_no_nl
 .text.CLI_puts
                0x00000000000004ee       0x10 /storage/emulated/0/github/vaman/arm/codes/setup/onoff/GCC_Project/output/cli_io.o
                0x00000000000004ee                CLI_puts
 *fill*         0x00000000000004fe        0x2 
 .text.CLI_vprintf
                0x0000000000000500       0x24 /storage/emulated/0/github/vaman/arm/codes/setup/onoff/GCC_Project/output/cli_io.o
                0x0000000000000500                CLI_vprintf
 .text.CLI_printf
                0x0000000000000524       0x1a /storage/emulated/0/github/vaman/arm/codes/setup/onoff/GCC_Project/output/cli_io.o
                0x0000000000000524                CLI_printf
 *fill*         0x000000000000053e        0x2 
 .text.handle_help
                0x0000000000000540       0xc4 /storage/emulated/0/github/vaman/arm/codes/setup/onoff/GCC_Project/output/cli_loop.o
 .text.CLI_cmd_stack_replace
                0x0000000000000604       0x10 /storage/emulated/0/github/vaman/arm/codes/setup/onoff/GCC_Project/output/cli_loop.o
                0x0000000000000604                CLI_cmd_stack_replace
 .text.CLI_cmd_stack_push
                0x0000000000000614       0x30 /storage/emulated/0/github/vaman/arm/codes/setup/onoff/GCC_Project/output/cli_loop.o
                0x0000000000000614                CLI_cmd_stack_push
 .text.CLI_cmd_stack_clear
                0x0000000000000644       0x24 /storage/emulated/0/github/vaman/arm/codes/setup/onoff/GCC_Project/output/cli_loop.o
                0x0000000000000644                CLI_cmd_stack_clear
 .text.CLI_cmd_stack_pop
                0x0000000000000668       0x40 /storage/emulated/0/github/vaman/arm/codes/setup/onoff/GCC_Project/output/cli_loop.o
                0x0000000000000668                CLI_cmd_stack_pop
 .text.handle_exit
                0x00000000000006a8       0x1c /storage/emulated/0/github/vaman/arm/codes/setup/onoff/GCC_Project/output/cli_loop.o
 .text.CLI_init
                0x00000000000006c4       0x24 /storage/emulated/0/github/vaman/arm/codes/setup/onoff/GCC_Project/output/cli_loop.o
                0x00000000000006c4                CLI_init
 .text.CLI_print_prompt
                0x00000000000006e8       0x44 /storage/emulated/0/github/vaman/arm/codes/setup/onoff/GCC_Project/output/cli_loop.o
                0x00000000000006e8                CLI_print_prompt
 .text.CLI_dispatch_subcmd
                0x000000000000072c       0x84 /storage/emulated/0/github/vaman/arm/codes/setup/onoff/GCC_Project/output/cli_loop.o
                0x000000000000072c                CLI_dispatch_subcmd
 .text.CLI_dispatch
                0x00000000000007b0       0xc0 /storage/emulated/0/github/vaman/arm/codes/setup/onoff/GCC_Project/output/cli_loop.o
 .text.CLI_submenu_handler
                0x0000000000000870       0x30 /storage/emulated/0/github/vaman/arm/codes/setup/onoff/GCC_Project/output/cli_loop.o
                0x0000000000000870                CLI_submenu_handler
 .text.CLI_verror
                0x00000000000008a0       0x40 /storage/emulated/0/github/vaman/arm/codes/setup/onoff/GCC_Project/output/cli_loop.o
                0x00000000000008a0                CLI_verror
 .text.CLI_rx_byte
                0x00000000000008e0       0xec /storage/emulated/0/github/vaman/arm/codes/setup/onoff/GCC_Project/output/cli_loop.o
                0x00000000000008e0                CLI_rx_byte
 .text.CLI_is_more_args
                0x00000000000009cc       0x14 /storage/emulated/0/github/vaman/arm/codes/setup/onoff/GCC_Project/output/cli_misc.o
                0x00000000000009cc                CLI_is_more_args
 .text.CLI_error
                0x00000000000009e0       0x1a /storage/emulated/0/github/vaman/arm/codes/setup/onoff/GCC_Project/output/cli_misc.o
                0x00000000000009e0                CLI_error
 *fill*         0x00000000000009fa        0x2 
 .text.CLI_error_missing_parameter
                0x00000000000009fc        0xc /storage/emulated/0/github/vaman/arm/codes/setup/onoff/GCC_Project/output/cli_misc.o
                0x00000000000009fc                CLI_error_missing_parameter
 .text.CLI_task
                0x0000000000000a08       0x54 /storage/emulated/0/github/vaman/arm/codes/setup/onoff/GCC_Project/output/cli_platform.o
                0x0000000000000a08                CLI_task
 .text.CLI_time_now
                0x0000000000000a5c        0x4 /storage/emulated/0/github/vaman/arm/codes/setup/onoff/GCC_Project/output/cli_platform.o
                0x0000000000000a5c                CLI_time_now
 .text.CLI_beep
                0x0000000000000a60        0x6 /storage/emulated/0/github/vaman/arm/codes/setup/onoff/GCC_Project/output/cli_platform.o
                0x0000000000000a60                CLI_beep
 .text.CLI_timeout_expired
                0x0000000000000a66       0x22 /storage/emulated/0/github/vaman/arm/codes/setup/onoff/GCC_Project/output/cli_platform.o
                0x0000000000000a66                CLI_timeout_expired
 .text.CLI_putc_raw
                0x0000000000000a88        0x8 /storage/emulated/0/github/vaman/arm/codes/setup/onoff/GCC_Project/output/cli_platform.o
                0x0000000000000a88                CLI_putc_raw
 .text.CLI_getkey_raw
                0x0000000000000a90       0x3c /storage/emulated/0/github/vaman/arm/codes/setup/onoff/GCC_Project/output/cli_platform.o
                0x0000000000000a90                CLI_getkey_raw
 .text.CLI_start_task
                0x0000000000000acc       0x58 /storage/emulated/0/github/vaman/arm/codes/setup/onoff/GCC_Project/output/cli_platform.o
                0x0000000000000acc                CLI_start_task
 .text.__debug_lockup
                0x0000000000000b24       0x14 /storage/emulated/0/github/vaman/arm/codes/setup/onoff/GCC_Project/output/dbg_uart.o
 .text._semihost_write
                0x0000000000000b38       0x54 /storage/emulated/0/github/vaman/arm/codes/setup/onoff/GCC_Project/output/dbg_uart.o
                0x0000000000000b38                _semihost_write
 .text.dbg_ch_raw
                0x0000000000000b8c       0x74 /storage/emulated/0/github/vaman/arm/codes/setup/onoff/GCC_Project/output/dbg_uart.o
                0x0000000000000b8c                dbg_ch_raw
 .text.dbg_nl   0x0000000000000c00       0x12 /storage/emulated/0/github/vaman/arm/codes/setup/onoff/GCC_Project/output/dbg_uart.o
                0x0000000000000c00                dbg_nl
 .text.dbg_ch   0x0000000000000c12        0xc /storage/emulated/0/github/vaman/arm/codes/setup/onoff/GCC_Project/output/dbg_uart.o
                0x0000000000000c12                dbg_ch
 .text.dbg_hex4
                0x0000000000000c1e       0x14 /storage/emulated/0/github/vaman/arm/codes/setup/onoff/GCC_Project/output/dbg_uart.o
 .text.dbg_hex8
                0x0000000000000c32       0x14 /storage/emulated/0/github/vaman/arm/codes/setup/onoff/GCC_Project/output/dbg_uart.o
                0x0000000000000c32                dbg_hex8
 .text.dbg_hex16
                0x0000000000000c46       0x14 /storage/emulated/0/github/vaman/arm/codes/setup/onoff/GCC_Project/output/dbg_uart.o
                0x0000000000000c46                dbg_hex16
 .text.dbg_hex32
                0x0000000000000c5a       0x14 /storage/emulated/0/github/vaman/arm/codes/setup/onoff/GCC_Project/output/dbg_uart.o
                0x0000000000000c5a                dbg_hex32
 .text._dbg_int
                0x0000000000000c6e       0x20 /storage/emulated/0/github/vaman/arm/codes/setup/onoff/GCC_Project/output/dbg_uart.o
 .text.dbg_memdumpx
                0x0000000000000c8e       0xea /storage/emulated/0/github/vaman/arm/codes/setup/onoff/GCC_Project/output/dbg_uart.o
 .text.dbg_str  0x0000000000000d78       0x84 /storage/emulated/0/github/vaman/arm/codes/setup/onoff/GCC_Project/output/dbg_uart.o
                0x0000000000000d78                dbg_str
 .text._dbg_str_xxx
                0x0000000000000dfc       0x16 /storage/emulated/0/github/vaman/arm/codes/setup/onoff/GCC_Project/output/dbg_uart.o
 .text.dbg_str_hexXX
                0x0000000000000e12       0x22 /storage/emulated/0/github/vaman/arm/codes/setup/onoff/GCC_Project/output/dbg_uart.o
 .text.dbg_int  0x0000000000000e34       0x24 /storage/emulated/0/github/vaman/arm/codes/setup/onoff/GCC_Project/output/dbg_uart.o
                0x0000000000000e34                dbg_int
 .text.dbg_str_str
                0x0000000000000e58       0x16 /storage/emulated/0/github/vaman/arm/codes/setup/onoff/GCC_Project/output/dbg_uart.o
                0x0000000000000e58                dbg_str_str
 .text.dbg_str_int
                0x0000000000000e6e       0x16 /storage/emulated/0/github/vaman/arm/codes/setup/onoff/GCC_Project/output/dbg_uart.o
                0x0000000000000e6e                dbg_str_int
 .text.dbg_str_int_noln
                0x0000000000000e84       0x12 /storage/emulated/0/github/vaman/arm/codes/setup/onoff/GCC_Project/output/dbg_uart.o
                0x0000000000000e84                dbg_str_int_noln
 *fill*         0x0000000000000e96        0x2 
 .text.dbg_str_hex32
                0x0000000000000e98        0xc /storage/emulated/0/github/vaman/arm/codes/setup/onoff/GCC_Project/output/dbg_uart.o
                0x0000000000000e98                dbg_str_hex32
 .text.dbg_fatal_error
                0x0000000000000ea4       0x12 /storage/emulated/0/github/vaman/arm/codes/setup/onoff/GCC_Project/output/dbg_uart.o
                0x0000000000000ea4                dbg_fatal_error
 .text.dbg_fatal_error_int
                0x0000000000000eb6        0xe /storage/emulated/0/github/vaman/arm/codes/setup/onoff/GCC_Project/output/dbg_uart.o
                0x0000000000000eb6                dbg_fatal_error_int
 .text.dbg_memdump32
                0x0000000000000ec4       0x1e /storage/emulated/0/github/vaman/arm/codes/setup/onoff/GCC_Project/output/dbg_uart.o
                0x0000000000000ec4                dbg_memdump32
 *fill*         0x0000000000000ee2        0x2 
 .text.HAL_usbserial_init_common
                0x0000000000000ee4      0x108 /storage/emulated/0/github/vaman/arm/codes/setup/onoff/GCC_Project/output/eoss3_hal_fpga_usbserial.o
 .text.HAL_usbserial_isrfunc
                0x0000000000000fec       0x4c /storage/emulated/0/github/vaman/arm/codes/setup/onoff/GCC_Project/output/eoss3_hal_fpga_usbserial.o
 .text.HAL_usbserial_init2
                0x0000000000001038        0x8 /storage/emulated/0/github/vaman/arm/codes/setup/onoff/GCC_Project/output/eoss3_hal_fpga_usbserial.o
                0x0000000000001038                HAL_usbserial_init2
 .text.HAL_usbserial_init
                0x0000000000001040        0xa /storage/emulated/0/github/vaman/arm/codes/setup/onoff/GCC_Project/output/eoss3_hal_fpga_usbserial.o
                0x0000000000001040                HAL_usbserial_init
 *fill*         0x000000000000104a        0x2 
 .text.HAL_usbserial_getc
                0x000000000000104c       0x18 /storage/emulated/0/github/vaman/arm/codes/setup/onoff/GCC_Project/output/eoss3_hal_fpga_usbserial.o
                0x000000000000104c                HAL_usbserial_getc
 .text.HAL_usbserial_putc
                0x0000000000001064       0x20 /storage/emulated/0/github/vaman/arm/codes/setup/onoff/GCC_Project/output/eoss3_hal_fpga_usbserial.o
                0x0000000000001064                HAL_usbserial_putc
 .text.HAL_usbserial_dataavailable
                0x0000000000001084       0x10 /storage/emulated/0/github/vaman/arm/codes/setup/onoff/GCC_Project/output/eoss3_hal_fpga_usbserial.o
                0x0000000000001084                HAL_usbserial_dataavailable
 .text.HAL_usbserial_rxwait
                0x0000000000001094       0x48 /storage/emulated/0/github/vaman/arm/codes/setup/onoff/GCC_Project/output/eoss3_hal_fpga_usbserial.o
                0x0000000000001094                HAL_usbserial_rxwait
 .text.HAL_GPIO_Read
                0x00000000000010dc       0x1c /storage/emulated/0/github/vaman/arm/codes/setup/onoff/GCC_Project/output/eoss3_hal_gpio.o
                0x00000000000010dc                HAL_GPIO_Read
 .text.HAL_GPIO_Write
                0x00000000000010f8       0x28 /storage/emulated/0/github/vaman/arm/codes/setup/onoff/GCC_Project/output/eoss3_hal_gpio.o
                0x00000000000010f8                HAL_GPIO_Write
 .text.HAL_PAD_Config
                0x0000000000001120      0x190 /storage/emulated/0/github/vaman/arm/codes/setup/onoff/GCC_Project/output/eoss3_hal_pad_config.o
                0x0000000000001120                HAL_PAD_Config
 .text.configure_s3_pads
                0x00000000000012b0       0x1a /storage/emulated/0/github/vaman/arm/codes/setup/onoff/GCC_Project/output/eoss3_hal_pad_config.o
                0x00000000000012b0                configure_s3_pads
 *fill*         0x00000000000012ca        0x2 
 .text.eoss3_rtc_enable_irq
                0x00000000000012cc       0x28 /storage/emulated/0/github/vaman/arm/codes/setup/onoff/GCC_Project/output/eoss3_hal_rtc.o
 .text.write_rtc_reg
                0x00000000000012f4       0x18 /storage/emulated/0/github/vaman/arm/codes/setup/onoff/GCC_Project/output/eoss3_hal_rtc.o
 .text.__rtc_setup_alarm.isra.0
                0x000000000000130c       0x44 /storage/emulated/0/github/vaman/arm/codes/setup/onoff/GCC_Project/output/eoss3_hal_rtc.o
 .text.HAL_RTC_ISR
                0x0000000000001350       0x24 /storage/emulated/0/github/vaman/arm/codes/setup/onoff/GCC_Project/output/eoss3_hal_rtc.o
                0x0000000000001350                HAL_RTC_ISR
 .text.unlock_spi1_bus
                0x0000000000001374       0x58 /storage/emulated/0/github/vaman/arm/codes/setup/onoff/GCC_Project/output/eoss3_hal_spi.o
                0x0000000000001374                unlock_spi1_bus
 .text.SPI_DMA_Complete
                0x00000000000013cc       0x88 /storage/emulated/0/github/vaman/arm/codes/setup/onoff/GCC_Project/output/eoss3_hal_spi.o
                0x00000000000013cc                SPI_DMA_Complete
 .text.HAL_SPI_IRQHandler
                0x0000000000001454       0x6c /storage/emulated/0/github/vaman/arm/codes/setup/onoff/GCC_Project/output/eoss3_hal_spi.o
                0x0000000000001454                HAL_SPI_IRQHandler
 .text.HAL_Timer_ISR
                0x00000000000014c0       0x88 /storage/emulated/0/github/vaman/arm/codes/setup/onoff/GCC_Project/output/eoss3_hal_timer.o
                0x00000000000014c0                HAL_Timer_ISR
 .text.uart_baud_rate
                0x0000000000001548       0x60 /storage/emulated/0/github/vaman/arm/codes/setup/onoff/GCC_Project/output/eoss3_hal_uart.o
 .text.is_hw_uart_enabled
                0x00000000000015a8       0x20 /storage/emulated/0/github/vaman/arm/codes/setup/onoff/GCC_Project/output/eoss3_hal_uart.o
 .text.uart_disable
                0x00000000000015c8       0x1c /storage/emulated/0/github/vaman/arm/codes/setup/onoff/GCC_Project/output/eoss3_hal_uart.o
 .text.uart_lpm_callback
                0x00000000000015e4       0x70 /storage/emulated/0/github/vaman/arm/codes/setup/onoff/GCC_Project/output/eoss3_hal_uart.o
 .text.uart_init
                0x0000000000001654      0x17c /storage/emulated/0/github/vaman/arm/codes/setup/onoff/GCC_Project/output/eoss3_hal_uart.o
                0x0000000000001654                uart_init
 .text.uart_isr_handler
                0x00000000000017d0       0x84 /storage/emulated/0/github/vaman/arm/codes/setup/onoff/GCC_Project/output/eoss3_hal_uart.o
                0x00000000000017d0                uart_isr_handler
 .text.uart_tx_raw
                0x0000000000001854       0x48 /storage/emulated/0/github/vaman/arm/codes/setup/onoff/GCC_Project/output/eoss3_hal_uart.o
                0x0000000000001854                uart_tx_raw
 .text.uart_tx  0x000000000000189c       0x1c /storage/emulated/0/github/vaman/arm/codes/setup/onoff/GCC_Project/output/eoss3_hal_uart.o
                0x000000000000189c                uart_tx
 .text.uart_tx_buf
                0x00000000000018b8       0x1a /storage/emulated/0/github/vaman/arm/codes/setup/onoff/GCC_Project/output/eoss3_hal_uart.o
                0x00000000000018b8                uart_tx_buf
 *fill*         0x00000000000018d2        0x2 
 .text.uart_rx_wait
                0x00000000000018d4       0x40 /storage/emulated/0/github/vaman/arm/codes/setup/onoff/GCC_Project/output/eoss3_hal_uart.o
                0x00000000000018d4                uart_rx_wait
 .text.uart_rx_available
                0x0000000000001914       0x40 /storage/emulated/0/github/vaman/arm/codes/setup/onoff/GCC_Project/output/eoss3_hal_uart.o
                0x0000000000001914                uart_rx_available
 .text.uart_rx  0x0000000000001954       0x6c /storage/emulated/0/github/vaman/arm/codes/setup/onoff/GCC_Project/output/eoss3_hal_uart.o
                0x0000000000001954                uart_rx
 .text.WDT_ISR  0x00000000000019c0       0x8c /storage/emulated/0/github/vaman/arm/codes/setup/onoff/GCC_Project/output/eoss3_hal_wdt.o
                0x00000000000019c0                WDT_ISR
 .text.spurious_interrupt
                0x0000000000001a4c        0xc /storage/emulated/0/github/vaman/arm/codes/setup/onoff/GCC_Project/output/exceptions.o
 .text.prvGetRegistersFromStack
                0x0000000000001a58       0xf0 /storage/emulated/0/github/vaman/arm/codes/setup/onoff/GCC_Project/output/exceptions.o
                0x0000000000001a58                prvGetRegistersFromStack
 .text.HardFault_Handler
                0x0000000000001b48       0x16 /storage/emulated/0/github/vaman/arm/codes/setup/onoff/GCC_Project/output/exceptions.o
                0x0000000000001b48                HardFault_Handler
 .text.NMI_Handler
                0x0000000000001b5e        0x6 /storage/emulated/0/github/vaman/arm/codes/setup/onoff/GCC_Project/output/exceptions.o
                0x0000000000001b5e                NMI_Handler
 .text.MemManage_Handler
                0x0000000000001b64        0x6 /storage/emulated/0/github/vaman/arm/codes/setup/onoff/GCC_Project/output/exceptions.o
                0x0000000000001b64                MemManage_Handler
 .text.BusFault_Handler
                0x0000000000001b6a        0x6 /storage/emulated/0/github/vaman/arm/codes/setup/onoff/GCC_Project/output/exceptions.o
                0x0000000000001b6a                BusFault_Handler
 .text.UsageFault_Handler
                0x0000000000001b70        0x6 /storage/emulated/0/github/vaman/arm/codes/setup/onoff/GCC_Project/output/exceptions.o
                0x0000000000001b70                UsageFault_Handler
 .text.DebugMon_Handler
                0x0000000000001b76        0x6 /storage/emulated/0/github/vaman/arm/codes/setup/onoff/GCC_Project/output/exceptions.o
                0x0000000000001b76                DebugMon_Handler
 .text.Uart_Handler
                0x0000000000001b7c       0x50 /storage/emulated/0/github/vaman/arm/codes/setup/onoff/GCC_Project/output/exceptions.o
                0x0000000000001b7c                Uart_Handler
 .text.Timer_Handler
                0x0000000000001bcc       0x24 /storage/emulated/0/github/vaman/arm/codes/setup/onoff/GCC_Project/output/exceptions.o
                0x0000000000001bcc                Timer_Handler
 .text.CpuWdtInt_Handler
                0x0000000000001bf0       0x24 /storage/emulated/0/github/vaman/arm/codes/setup/onoff/GCC_Project/output/exceptions.o
                0x0000000000001bf0                CpuWdtInt_Handler
 .text.CpuWdtRst_Handler
                0x0000000000001c14        0x6 /storage/emulated/0/github/vaman/arm/codes/setup/onoff/GCC_Project/output/exceptions.o
                0x0000000000001c14                CpuWdtRst_Handler
 .text.BusTimeout_Handler
                0x0000000000001c1a        0x6 /storage/emulated/0/github/vaman/arm/codes/setup/onoff/GCC_Project/output/exceptions.o
                0x0000000000001c1a                BusTimeout_Handler
 .text.Fpu_Handler
                0x0000000000001c20        0x6 /storage/emulated/0/github/vaman/arm/codes/setup/onoff/GCC_Project/output/exceptions.o
                0x0000000000001c20                Fpu_Handler
 *fill*         0x0000000000001c26        0x2 
 .text.Pkfb_Handler
                0x0000000000001c28       0x10 /storage/emulated/0/github/vaman/arm/codes/setup/onoff/GCC_Project/output/exceptions.o
                0x0000000000001c28                Pkfb_Handler
 .text.I2s_Handler
                0x0000000000001c38        0x6 /storage/emulated/0/github/vaman/arm/codes/setup/onoff/GCC_Project/output/exceptions.o
                0x0000000000001c38                I2s_Handler
 .text.Audio_Handler
                0x0000000000001c3e        0x6 /storage/emulated/0/github/vaman/arm/codes/setup/onoff/GCC_Project/output/exceptions.o
                0x0000000000001c3e                Audio_Handler
 .text.SpiMs_Handler
                0x0000000000001c44       0x5c /storage/emulated/0/github/vaman/arm/codes/setup/onoff/GCC_Project/output/exceptions.o
                0x0000000000001c44                SpiMs_Handler
 .text.CfgDma_Handler
                0x0000000000001ca0       0x28 /storage/emulated/0/github/vaman/arm/codes/setup/onoff/GCC_Project/output/exceptions.o
                0x0000000000001ca0                CfgDma_Handler
 .text.PmuTimer_Handler
                0x0000000000001cc8        0x2 /storage/emulated/0/github/vaman/arm/codes/setup/onoff/GCC_Project/output/exceptions.o
                0x0000000000001cc8                PmuTimer_Handler
 .text.AdcDone_Handler
                0x0000000000001cca        0x8 /storage/emulated/0/github/vaman/arm/codes/setup/onoff/GCC_Project/output/exceptions.o
                0x0000000000001cca                AdcDone_Handler
 *fill*         0x0000000000001cd2        0x2 
 .text.RtcAlarm_Handler
                0x0000000000001cd4       0x1c /storage/emulated/0/github/vaman/arm/codes/setup/onoff/GCC_Project/output/exceptions.o
                0x0000000000001cd4                RtcAlarm_Handler
 .text.ResetInt_Handler
                0x0000000000001cf0        0x8 /storage/emulated/0/github/vaman/arm/codes/setup/onoff/GCC_Project/output/exceptions.o
                0x0000000000001cf0                ResetInt_Handler
 .text.Ffe0_Handler
                0x0000000000001cf8       0x18 /storage/emulated/0/github/vaman/arm/codes/setup/onoff/GCC_Project/output/exceptions.o
                0x0000000000001cf8                Ffe0_Handler
 .text.FbMsg_Handler
                0x0000000000001d10       0x6c /storage/emulated/0/github/vaman/arm/codes/setup/onoff/GCC_Project/output/exceptions.o
                0x0000000000001d10                FbMsg_Handler
 .text.FB_RegisterISR
                0x0000000000001d7c       0x10 /storage/emulated/0/github/vaman/arm/codes/setup/onoff/GCC_Project/output/exceptions.o
                0x0000000000001d7c                FB_RegisterISR
 .text.FB_ConfigureInterrupt
                0x0000000000001d8c       0x78 /storage/emulated/0/github/vaman/arm/codes/setup/onoff/GCC_Project/output/exceptions.o
                0x0000000000001d8c                FB_ConfigureInterrupt
 .text.SensorGpio_Handler
                0x0000000000001e04        0x8 /storage/emulated/0/github/vaman/arm/codes/setup/onoff/GCC_Project/output/exceptions.o
                0x0000000000001e04                SensorGpio_Handler
 .text.M4SramSleep_Handler
                0x0000000000001e0c        0x8 /storage/emulated/0/github/vaman/arm/codes/setup/onoff/GCC_Project/output/exceptions.o
                0x0000000000001e0c                M4SramSleep_Handler
 .text.LDO30_PG_Handler
                0x0000000000001e14        0x8 /storage/emulated/0/github/vaman/arm/codes/setup/onoff/GCC_Project/output/exceptions.o
                0x0000000000001e14                LDO30_PG_Handler
 .text.LDO50_PG_Handler
                0x0000000000001e1c        0x8 /storage/emulated/0/github/vaman/arm/codes/setup/onoff/GCC_Project/output/exceptions.o
                0x0000000000001e1c                LDO50_PG_Handler
 .text.DMIC_Voice_Det_Handler
                0x0000000000001e24        0x8 /storage/emulated/0/github/vaman/arm/codes/setup/onoff/GCC_Project/output/exceptions.o
                0x0000000000001e24                DMIC_Voice_Det_Handler
 .text.ApPDMClkOn_Handler
                0x0000000000001e2c        0x8 /storage/emulated/0/github/vaman/arm/codes/setup/onoff/GCC_Project/output/exceptions.o
                0x0000000000001e2c                ApPDMClkOn_Handler
 .text.ApPDMClkOff_Handler
                0x0000000000001e34        0x8 /storage/emulated/0/github/vaman/arm/codes/setup/onoff/GCC_Project/output/exceptions.o
                0x0000000000001e34                ApPDMClkOff_Handler
 .text.Dmac0BlkDone_Handler
                0x0000000000001e3c        0x8 /storage/emulated/0/github/vaman/arm/codes/setup/onoff/GCC_Project/output/exceptions.o
                0x0000000000001e3c                Dmac0BlkDone_Handler
 .text.Dmac0BufDone_Handler
                0x0000000000001e44        0x8 /storage/emulated/0/github/vaman/arm/codes/setup/onoff/GCC_Project/output/exceptions.o
                0x0000000000001e44                Dmac0BufDone_Handler
 .text.Dmac1BlkDone_Handler
                0x0000000000001e4c        0x8 /storage/emulated/0/github/vaman/arm/codes/setup/onoff/GCC_Project/output/exceptions.o
                0x0000000000001e4c                Dmac1BlkDone_Handler
 .text.Dmac1BufDone_Handler
                0x0000000000001e54        0x8 /storage/emulated/0/github/vaman/arm/codes/setup/onoff/GCC_Project/output/exceptions.o
                0x0000000000001e54                Dmac1BufDone_Handler
 .text.Sdma0Done_Handler
                0x0000000000001e5c        0x8 /storage/emulated/0/github/vaman/arm/codes/setup/onoff/GCC_Project/output/exceptions.o
                0x0000000000001e5c                Sdma0Done_Handler
 .text.Sdma1Done_Handler
                0x0000000000001e64        0x8 /storage/emulated/0/github/vaman/arm/codes/setup/onoff/GCC_Project/output/exceptions.o
                0x0000000000001e64                Sdma1Done_Handler
 .text.Sdma2Done_Handler
                0x0000000000001e6c        0x8 /storage/emulated/0/github/vaman/arm/codes/setup/onoff/GCC_Project/output/exceptions.o
                0x0000000000001e6c                Sdma2Done_Handler
 .text.Sdma3Done_Handler
                0x0000000000001e74        0x8 /storage/emulated/0/github/vaman/arm/codes/setup/onoff/GCC_Project/output/exceptions.o
                0x0000000000001e74                Sdma3Done_Handler
 .text.Sdma4Done_Handler
                0x0000000000001e7c        0x8 /storage/emulated/0/github/vaman/arm/codes/setup/onoff/GCC_Project/output/exceptions.o
                0x0000000000001e7c                Sdma4Done_Handler
 .text.Sdma5Done_Handler
                0x0000000000001e84        0x8 /storage/emulated/0/github/vaman/arm/codes/setup/onoff/GCC_Project/output/exceptions.o
                0x0000000000001e84                Sdma5Done_Handler
 .text.Sdma6Done_Handler
                0x0000000000001e8c        0x8 /storage/emulated/0/github/vaman/arm/codes/setup/onoff/GCC_Project/output/exceptions.o
                0x0000000000001e8c                Sdma6Done_Handler
 .text.Sdma7Done_Handler
                0x0000000000001e94        0x8 /storage/emulated/0/github/vaman/arm/codes/setup/onoff/GCC_Project/output/exceptions.o
                0x0000000000001e94                Sdma7Done_Handler
 .text.Sdma8Done_Handler
                0x0000000000001e9c        0x8 /storage/emulated/0/github/vaman/arm/codes/setup/onoff/GCC_Project/output/exceptions.o
                0x0000000000001e9c                Sdma8Done_Handler
 .text.Sdma9Done_Handler
                0x0000000000001ea4        0x8 /storage/emulated/0/github/vaman/arm/codes/setup/onoff/GCC_Project/output/exceptions.o
                0x0000000000001ea4                Sdma9Done_Handler
 .text.Sdma10Done_Handler
                0x0000000000001eac        0x8 /storage/emulated/0/github/vaman/arm/codes/setup/onoff/GCC_Project/output/exceptions.o
                0x0000000000001eac                Sdma10Done_Handler
 .text.Sdma11Done_Handler
                0x0000000000001eb4        0x8 /storage/emulated/0/github/vaman/arm/codes/setup/onoff/GCC_Project/output/exceptions.o
                0x0000000000001eb4                Sdma11Done_Handler
 .text.SdmaErr_Handler
                0x0000000000001ebc        0x8 /storage/emulated/0/github/vaman/arm/codes/setup/onoff/GCC_Project/output/exceptions.o
                0x0000000000001ebc                SdmaErr_Handler
 .text.I2S_SlvM4TxOr_Handler
                0x0000000000001ec4        0x8 /storage/emulated/0/github/vaman/arm/codes/setup/onoff/GCC_Project/output/exceptions.o
                0x0000000000001ec4                I2S_SlvM4TxOr_Handler
 .text.SRAM_128KB_Handler
                0x0000000000001ecc        0x8 /storage/emulated/0/github/vaman/arm/codes/setup/onoff/GCC_Project/output/exceptions.o
                0x0000000000001ecc                SRAM_128KB_Handler
 .text.LPSD_Voice_Det_Handler
                0x0000000000001ed4        0x8 /storage/emulated/0/github/vaman/arm/codes/setup/onoff/GCC_Project/output/exceptions.o
                0x0000000000001ed4                LPSD_Voice_Det_Handler
 .text.FfeWdt_Handler
                0x0000000000001edc        0x8 /storage/emulated/0/github/vaman/arm/codes/setup/onoff/GCC_Project/output/exceptions.o
                0x0000000000001edc                FfeWdt_Handler
 .text.ApBoot_Handler
                0x0000000000001ee4        0x8 /storage/emulated/0/github/vaman/arm/codes/setup/onoff/GCC_Project/output/exceptions.o
                0x0000000000001ee4                ApBoot_Handler
 .text.SwInt2_Handler
                0x0000000000001eec        0x8 /storage/emulated/0/github/vaman/arm/codes/setup/onoff/GCC_Project/output/exceptions.o
                0x0000000000001eec                SwInt2_Handler
 .text.SwInt1_Handler
                0x0000000000001ef4       0x24 /storage/emulated/0/github/vaman/arm/codes/setup/onoff/GCC_Project/output/exceptions.o
                0x0000000000001ef4                SwInt1_Handler
 .text.Ffe0Msg_Handler
                0x0000000000001f18        0x8 /storage/emulated/0/github/vaman/arm/codes/setup/onoff/GCC_Project/output/exceptions.o
                0x0000000000001f18                Ffe0Msg_Handler
 .text.lpsdVoiceOffHandler
                0x0000000000001f20        0x8 /storage/emulated/0/github/vaman/arm/codes/setup/onoff/GCC_Project/output/exceptions.o
                0x0000000000001f20                lpsdVoiceOffHandler
 .text.dmicVoiceOffHandler
                0x0000000000001f28        0x8 /storage/emulated/0/github/vaman/arm/codes/setup/onoff/GCC_Project/output/exceptions.o
                0x0000000000001f28                dmicVoiceOffHandler
 .text.vApplicationMallocFailedHook
                0x0000000000001f30       0x24 /storage/emulated/0/github/vaman/arm/codes/setup/onoff/GCC_Project/output/exceptions.o
                0x0000000000001f30                vApplicationMallocFailedHook
 .text.vApplicationStackOverflowHook
                0x0000000000001f54       0x24 /storage/emulated/0/github/vaman/arm/codes/setup/onoff/GCC_Project/output/exceptions.o
                0x0000000000001f54                vApplicationStackOverflowHook
 .text.vApplicationTickHook
                0x0000000000001f78        0x2 /storage/emulated/0/github/vaman/arm/codes/setup/onoff/GCC_Project/output/exceptions.o
                0x0000000000001f78                vApplicationTickHook
 .text.vApplicationIdleHook
                0x0000000000001f7a        0x2 /storage/emulated/0/github/vaman/arm/codes/setup/onoff/GCC_Project/output/exceptions.o
                0x0000000000001f7a                vApplicationIdleHook
 .text.load_fpga
                0x0000000000001f7c      0x118 /storage/emulated/0/github/vaman/arm/codes/setup/onoff/GCC_Project/output/fpga_loader.o
                0x0000000000001f7c                load_fpga
 .text.prvInsertBlockIntoFreeList
                0x0000000000002094       0x74 /storage/emulated/0/github/vaman/arm/codes/setup/onoff/GCC_Project/output/heap_4.o
 .text.pvPortMalloc
                0x0000000000002108      0x198 /storage/emulated/0/github/vaman/arm/codes/setup/onoff/GCC_Project/output/heap_4.o
                0x0000000000002108                pvPortMalloc
 .text.vPortFree
                0x00000000000022a0       0xa0 /storage/emulated/0/github/vaman/arm/codes/setup/onoff/GCC_Project/output/heap_4.o
                0x00000000000022a0                vPortFree
 .text.vListInitialise
                0x0000000000002340       0x16 /storage/emulated/0/github/vaman/arm/codes/setup/onoff/GCC_Project/output/list.o
                0x0000000000002340                vListInitialise
 .text.vListInitialiseItem
                0x0000000000002356        0x6 /storage/emulated/0/github/vaman/arm/codes/setup/onoff/GCC_Project/output/list.o
                0x0000000000002356                vListInitialiseItem
 .text.vListInsertEnd
                0x000000000000235c       0x18 /storage/emulated/0/github/vaman/arm/codes/setup/onoff/GCC_Project/output/list.o
                0x000000000000235c                vListInsertEnd
 .text.vListInsert
                0x0000000000002374       0x2e /storage/emulated/0/github/vaman/arm/codes/setup/onoff/GCC_Project/output/list.o
                0x0000000000002374                vListInsert
 .text.uxListRemove
                0x00000000000023a2       0x20 /storage/emulated/0/github/vaman/arm/codes/setup/onoff/GCC_Project/output/list.o
                0x00000000000023a2                uxListRemove
 .text.toggleLED
                0x00000000000023c2        0xc /storage/emulated/0/github/vaman/arm/codes/setup/onoff/GCC_Project/output/main.o
                0x00000000000023c2                toggleLED
 *fill*         0x00000000000023ce        0x2 
 .text.startup.main
                0x00000000000023d0       0xf0 /storage/emulated/0/github/vaman/arm/codes/setup/onoff/GCC_Project/output/main.o
                0x00000000000023d0                main
 .text.SystemInit
                0x00000000000024c0        0x2 /storage/emulated/0/github/vaman/arm/codes/setup/onoff/GCC_Project/output/main.o
                0x00000000000024c0                SystemInit
 *fill*         0x00000000000024c2        0x2 
 .text.userbutton
                0x00000000000024c4       0x2c /storage/emulated/0/github/vaman/arm/codes/setup/onoff/GCC_Project/output/main_dbg_cli_menu.o
 .text.toggleblueled
                0x00000000000024f0       0x14 /storage/emulated/0/github/vaman/arm/codes/setup/onoff/GCC_Project/output/main_dbg_cli_menu.o
 .text.togglegreenled
                0x0000000000002504       0x14 /storage/emulated/0/github/vaman/arm/codes/setup/onoff/GCC_Project/output/main_dbg_cli_menu.o
 .text.toggleredled
                0x0000000000002518       0x14 /storage/emulated/0/github/vaman/arm/codes/setup/onoff/GCC_Project/output/main_dbg_cli_menu.o
 .text.prvPortStartFirstTask
                0x000000000000252c       0x28 /storage/emulated/0/github/vaman/arm/codes/setup/onoff/GCC_Project/output/port.o
 .text.vPortEnableVFP
                0x0000000000002554       0x14 /storage/emulated/0/github/vaman/arm/codes/setup/onoff/GCC_Project/output/port.o
 .text.prvTaskExitError
                0x0000000000002568       0x50 /storage/emulated/0/github/vaman/arm/codes/setup/onoff/GCC_Project/output/port.o
 .text.pxPortInitialiseStack
                0x00000000000025b8       0x2c /storage/emulated/0/github/vaman/arm/codes/setup/onoff/GCC_Project/output/port.o
                0x00000000000025b8                pxPortInitialiseStack
 *fill*         0x00000000000025e4        0xc 
 .text.SVC_Handler
                0x00000000000025f0       0x24 /storage/emulated/0/github/vaman/arm/codes/setup/onoff/GCC_Project/output/port.o
                0x00000000000025f0                SVC_Handler
 .text.vPortEnterCritical
                0x0000000000002614       0x58 /storage/emulated/0/github/vaman/arm/codes/setup/onoff/GCC_Project/output/port.o
                0x0000000000002614                vPortEnterCritical
 .text.vPortExitCritical
                0x000000000000266c       0x3c /storage/emulated/0/github/vaman/arm/codes/setup/onoff/GCC_Project/output/port.o
                0x000000000000266c                vPortExitCritical
 *fill*         0x00000000000026a8        0x8 
 .text.PendSV_Handler
                0x00000000000026b0       0x64 /storage/emulated/0/github/vaman/arm/codes/setup/onoff/GCC_Project/output/port.o
                0x00000000000026b0                PendSV_Handler
 .text.xPortSysTickHandler
                0x0000000000002714       0x2c /storage/emulated/0/github/vaman/arm/codes/setup/onoff/GCC_Project/output/port.o
                0x0000000000002714                xPortSysTickHandler
 .text.xPortStartScheduler
                0x0000000000002740      0x158 /storage/emulated/0/github/vaman/arm/codes/setup/onoff/GCC_Project/output/port.o
                0x0000000000002740                xPortStartScheduler
 .text.vPortValidateInterruptPriority
                0x0000000000002898       0x7c /storage/emulated/0/github/vaman/arm/codes/setup/onoff/GCC_Project/output/port.o
                0x0000000000002898                vPortValidateInterruptPriority
 .text.system_init
                0x0000000000002914       0x6c /storage/emulated/0/github/vaman/arm/codes/setup/onoff/GCC_Project/output/qf_hardwaresetup.o
                0x0000000000002914                system_init
 .text.qf_hardwareSetup
                0x0000000000002980       0x78 /storage/emulated/0/github/vaman/arm/codes/setup/onoff/GCC_Project/output/qf_hardwaresetup.o
                0x0000000000002980                qf_hardwareSetup
 .text.prvIsQueueEmpty
                0x00000000000029f8       0x16 /storage/emulated/0/github/vaman/arm/codes/setup/onoff/GCC_Project/output/queue.o
 .text.prvCopyDataToQueue
                0x0000000000002a0e       0x78 /storage/emulated/0/github/vaman/arm/codes/setup/onoff/GCC_Project/output/queue.o
 .text.prvCopyDataFromQueue
                0x0000000000002a86       0x2c /storage/emulated/0/github/vaman/arm/codes/setup/onoff/GCC_Project/output/queue.o
 .text.prvUnlockQueue
                0x0000000000002ab2       0x70 /storage/emulated/0/github/vaman/arm/codes/setup/onoff/GCC_Project/output/queue.o
 *fill*         0x0000000000002b22        0x2 
 .text.xQueueGenericReset
                0x0000000000002b24       0x90 /storage/emulated/0/github/vaman/arm/codes/setup/onoff/GCC_Project/output/queue.o
                0x0000000000002b24                xQueueGenericReset
 .text.xQueueGenericCreate
                0x0000000000002bb4       0x74 /storage/emulated/0/github/vaman/arm/codes/setup/onoff/GCC_Project/output/queue.o
                0x0000000000002bb4                xQueueGenericCreate
 .text.xQueueGenericSend
                0x0000000000002c28      0x19c /storage/emulated/0/github/vaman/arm/codes/setup/onoff/GCC_Project/output/queue.o
                0x0000000000002c28                xQueueGenericSend
 .text.xQueueGenericSendFromISR
                0x0000000000002dc4       0xf0 /storage/emulated/0/github/vaman/arm/codes/setup/onoff/GCC_Project/output/queue.o
                0x0000000000002dc4                xQueueGenericSendFromISR
 .text.xQueueGenericSendFromISRDebug
                0x0000000000002eb4       0x30 /storage/emulated/0/github/vaman/arm/codes/setup/onoff/GCC_Project/output/queue.o
                0x0000000000002eb4                xQueueGenericSendFromISRDebug
 .text.xQueueGiveFromISR
                0x0000000000002ee4       0xdc /storage/emulated/0/github/vaman/arm/codes/setup/onoff/GCC_Project/output/queue.o
                0x0000000000002ee4                xQueueGiveFromISR
 .text.xQueueReceive
                0x0000000000002fc0      0x160 /storage/emulated/0/github/vaman/arm/codes/setup/onoff/GCC_Project/output/queue.o
                0x0000000000002fc0                xQueueReceive
 .text.xQueueSemaphoreTake
                0x0000000000003120      0x1b0 /storage/emulated/0/github/vaman/arm/codes/setup/onoff/GCC_Project/output/queue.o
                0x0000000000003120                xQueueSemaphoreTake
 .text.xQueuePeek
                0x00000000000032d0      0x160 /storage/emulated/0/github/vaman/arm/codes/setup/onoff/GCC_Project/output/queue.o
                0x00000000000032d0                xQueuePeek
 .text.uxQueueMessagesWaiting
                0x0000000000003430       0x3c /storage/emulated/0/github/vaman/arm/codes/setup/onoff/GCC_Project/output/queue.o
                0x0000000000003430                uxQueueMessagesWaiting
 .text.vQueueAddToRegistry
                0x000000000000346c       0x24 /storage/emulated/0/github/vaman/arm/codes/setup/onoff/GCC_Project/output/queue.o
                0x000000000000346c                vQueueAddToRegistry
 .text.vQueueWaitForMessageRestricted
                0x0000000000003490       0x46 /storage/emulated/0/github/vaman/arm/codes/setup/onoff/GCC_Project/output/queue.o
                0x0000000000003490                vQueueWaitForMessageRestricted
 .text.s3x_clkd_write_div
                0x00000000000034d6       0xa8 /storage/emulated/0/github/vaman/arm/codes/setup/onoff/GCC_Project/output/s3x_clock.o
 .text.s3x_clkd_read_div
                0x000000000000357e       0x44 /storage/emulated/0/github/vaman/arm/codes/setup/onoff/GCC_Project/output/s3x_clock.o
 *fill*         0x00000000000035c2        0x2 
 .text.s3x_clkd_cal_div.part.0
                0x00000000000035c4       0x30 /storage/emulated/0/github/vaman/arm/codes/setup/onoff/GCC_Project/output/s3x_clock.o
 .text.S3x_Id_To_Domain
                0x00000000000035f4       0x1c /storage/emulated/0/github/vaman/arm/codes/setup/onoff/GCC_Project/output/s3x_clock.o
                0x00000000000035f4                S3x_Id_To_Domain
 .text.s3x_clkd_get_init_rate
                0x0000000000003610       0x28 /storage/emulated/0/github/vaman/arm/codes/setup/onoff/GCC_Project/output/s3x_clock.o
                0x0000000000003610                s3x_clkd_get_init_rate
 .text.s3x_clkd_update_div_val
                0x0000000000003638       0x4c /storage/emulated/0/github/vaman/arm/codes/setup/onoff/GCC_Project/output/s3x_clock.o
                0x0000000000003638                s3x_clkd_update_div_val
 .text.s3x_clkd_update_fd_rate
                0x0000000000003684        0xe /storage/emulated/0/github/vaman/arm/codes/setup/onoff/GCC_Project/output/s3x_clock.o
                0x0000000000003684                s3x_clkd_update_fd_rate
 *fill*         0x0000000000003692        0x2 
 .text.s3x_clkd_update_sd_div
                0x0000000000003694       0x5c /storage/emulated/0/github/vaman/arm/codes/setup/onoff/GCC_Project/output/s3x_clock.o
 .text.s3x_clkd_update_all_src_div
                0x00000000000036f0       0xd0 /storage/emulated/0/github/vaman/arm/codes/setup/onoff/GCC_Project/output/s3x_clock.o
                0x00000000000036f0                s3x_clkd_update_all_src_div
 .text.S3x_Clkd_Get_Hsosc_Rate
                0x00000000000037c0       0x34 /storage/emulated/0/github/vaman/arm/codes/setup/onoff/GCC_Project/output/s3x_clock.o
                0x00000000000037c0                S3x_Clkd_Get_Hsosc_Rate
 .text.s3x_clkd_get_active_HSOSC_qos
                0x00000000000037f4        0xc /storage/emulated/0/github/vaman/arm/codes/setup/onoff/GCC_Project/output/s3x_clock.o
                0x00000000000037f4                s3x_clkd_get_active_HSOSC_qos
 .text.S3x_Clkd_Change_Hsosc
                0x0000000000003800       0x70 /storage/emulated/0/github/vaman/arm/codes/setup/onoff/GCC_Project/output/s3x_clock.o
                0x0000000000003800                S3x_Clkd_Change_Hsosc
 .text.s3x_clkd_get_src_rate
                0x0000000000003870       0x12 /storage/emulated/0/github/vaman/arm/codes/setup/onoff/GCC_Project/output/s3x_clock.o
                0x0000000000003870                s3x_clkd_get_src_rate
 *fill*         0x0000000000003882        0x2 
 .text.s3x_clkd_get_div
                0x0000000000003884       0x74 /storage/emulated/0/github/vaman/arm/codes/setup/onoff/GCC_Project/output/s3x_clock.o
                0x0000000000003884                s3x_clkd_get_div
 .text.s3x_clkd_srate
                0x00000000000038f8      0x134 /storage/emulated/0/github/vaman/arm/codes/setup/onoff/GCC_Project/output/s3x_clock.o
 .text.s3x_clkd_grate
                0x0000000000003a2c       0x68 /storage/emulated/0/github/vaman/arm/codes/setup/onoff/GCC_Project/output/s3x_clock.o
 .text.s3x_clkd_set_src_div_st
                0x0000000000003a94       0x4c /storage/emulated/0/github/vaman/arm/codes/setup/onoff/GCC_Project/output/s3x_clock.o
 .text.s3x_update_clk_rate
                0x0000000000003ae0       0xb0 /storage/emulated/0/github/vaman/arm/codes/setup/onoff/GCC_Project/output/s3x_clock.o
                0x0000000000003ae0                s3x_update_clk_rate
 .text.s3x_clkd_get_gate_mask_st
                0x0000000000003b90       0x16 /storage/emulated/0/github/vaman/arm/codes/setup/onoff/GCC_Project/output/s3x_clock.o
                0x0000000000003b90                s3x_clkd_get_gate_mask_st
 *fill*         0x0000000000003ba6        0x2 
 .text.s3x_clkd_set_gate_mask
                0x0000000000003ba8       0x50 /storage/emulated/0/github/vaman/arm/codes/setup/onoff/GCC_Project/output/s3x_clock.o
                0x0000000000003ba8                s3x_clkd_set_gate_mask
 .text.s3x_clkd_enable_gate
                0x0000000000003bf8       0x68 /storage/emulated/0/github/vaman/arm/codes/setup/onoff/GCC_Project/output/s3x_clock.o
 .text.s3x_clkd_disable_gate
                0x0000000000003c60       0x54 /storage/emulated/0/github/vaman/arm/codes/setup/onoff/GCC_Project/output/s3x_clock.o
 .text._S3x_Clk_Enable
                0x0000000000003cb4       0xb8 /storage/emulated/0/github/vaman/arm/codes/setup/onoff/GCC_Project/output/s3x_clock.o
                0x0000000000003cb4                _S3x_Clk_Enable
 .text._S3x_Clk_Disable
                0x0000000000003d6c       0xc8 /storage/emulated/0/github/vaman/arm/codes/setup/onoff/GCC_Project/output/s3x_clock.o
                0x0000000000003d6c                _S3x_Clk_Disable
 .text._S3x_Clk_Get_Status
                0x0000000000003e34       0x2c /storage/emulated/0/github/vaman/arm/codes/setup/onoff/GCC_Project/output/s3x_clock.o
                0x0000000000003e34                _S3x_Clk_Get_Status
 .text._S3x_Clk_Get_Rate
                0x0000000000003e60       0x28 /storage/emulated/0/github/vaman/arm/codes/setup/onoff/GCC_Project/output/s3x_clock.o
                0x0000000000003e60                _S3x_Clk_Get_Rate
 .text._S3x_Clk_Set_Rate
                0x0000000000003e88       0x48 /storage/emulated/0/github/vaman/arm/codes/setup/onoff/GCC_Project/output/s3x_clock.o
                0x0000000000003e88                _S3x_Clk_Set_Rate
 .text.S3x_Clk_Init
                0x0000000000003ed0      0x15c /storage/emulated/0/github/vaman/arm/codes/setup/onoff/GCC_Project/output/s3x_clock.o
                0x0000000000003ed0                S3x_Clk_Init
 .text.S3x_Clk_Enable
                0x000000000000402c        0x4 /storage/emulated/0/github/vaman/arm/codes/setup/onoff/GCC_Project/output/s3x_clock_hal.o
                0x000000000000402c                S3x_Clk_Enable
 .text.S3x_Clk_Disable
                0x0000000000004030        0x4 /storage/emulated/0/github/vaman/arm/codes/setup/onoff/GCC_Project/output/s3x_clock_hal.o
                0x0000000000004030                S3x_Clk_Disable
 .text.S3x_Clk_Set_Rate
                0x0000000000004034        0x4 /storage/emulated/0/github/vaman/arm/codes/setup/onoff/GCC_Project/output/s3x_clock_hal.o
                0x0000000000004034                S3x_Clk_Set_Rate
 .text.S3x_Clk_Get_Rate
                0x0000000000004038        0x4 /storage/emulated/0/github/vaman/arm/codes/setup/onoff/GCC_Project/output/s3x_clock_hal.o
                0x0000000000004038                S3x_Clk_Get_Rate
 .text.DFS_cpuload
                0x000000000000403c       0x4c /storage/emulated/0/github/vaman/arm/codes/setup/onoff/GCC_Project/output/s3x_cpuload.o
                0x000000000000403c                DFS_cpuload
 .text.DFS_updatesleepticks
                0x0000000000004088       0x10 /storage/emulated/0/github/vaman/arm/codes/setup/onoff/GCC_Project/output/s3x_cpuload.o
                0x0000000000004088                DFS_updatesleepticks
 .text.DFS_resetsleepticks
                0x0000000000004098        0xc /storage/emulated/0/github/vaman/arm/codes/setup/onoff/GCC_Project/output/s3x_cpuload.o
                0x0000000000004098                DFS_resetsleepticks
 .text.DFS_UpdateTimer
                0x00000000000040a4       0x5c /storage/emulated/0/github/vaman/arm/codes/setup/onoff/GCC_Project/output/s3x_dfs.o
 .text.DFS_StartTimer
                0x0000000000004100       0x88 /storage/emulated/0/github/vaman/arm/codes/setup/onoff/GCC_Project/output/s3x_dfs.o
                0x0000000000004100                DFS_StartTimer
 .text.s3x_suspend_dfs
                0x0000000000004188        0xc /storage/emulated/0/github/vaman/arm/codes/setup/onoff/GCC_Project/output/s3x_dfs.o
                0x0000000000004188                s3x_suspend_dfs
 .text.S3x_Set_Policy
                0x0000000000004194      0x108 /storage/emulated/0/github/vaman/arm/codes/setup/onoff/GCC_Project/output/s3x_dfs.o
                0x0000000000004194                S3x_Set_Policy
 .text.S3x_get_max_rate_dfs_node
                0x000000000000429c       0x28 /storage/emulated/0/github/vaman/arm/codes/setup/onoff/GCC_Project/output/s3x_dfs.o
                0x000000000000429c                S3x_get_max_rate_dfs_node
 .text.S3x_Stepup_Policy
                0x00000000000042c4       0x7c /storage/emulated/0/github/vaman/arm/codes/setup/onoff/GCC_Project/output/s3x_dfs.o
 .text.DFS_TimerCB
                0x0000000000004340        0xe /storage/emulated/0/github/vaman/arm/codes/setup/onoff/GCC_Project/output/s3x_dfs.o
 *fill*         0x000000000000434e        0x2 
 .text.DFS_AlignPolicy
                0x0000000000004350       0x38 /storage/emulated/0/github/vaman/arm/codes/setup/onoff/GCC_Project/output/s3x_dfs.o
                0x0000000000004350                DFS_AlignPolicy
 .text.S3x_Reduce_Hsosc
                0x0000000000004388       0x50 /storage/emulated/0/github/vaman/arm/codes/setup/onoff/GCC_Project/output/s3x_dfs.o
                0x0000000000004388                S3x_Reduce_Hsosc
 .text.DFS_fPolicyHasDeepSleep
                0x00000000000043d8       0x1c /storage/emulated/0/github/vaman/arm/codes/setup/onoff/GCC_Project/output/s3x_dfs.o
                0x00000000000043d8                DFS_fPolicyHasDeepSleep
 .text.DFS_SwitchToSleepPolicy
                0x00000000000043f4       0x7c /storage/emulated/0/github/vaman/arm/codes/setup/onoff/GCC_Project/output/s3x_dfs.o
                0x00000000000043f4                DFS_SwitchToSleepPolicy
 .text.DFS_RestoreFromSleep
                0x0000000000004470       0x34 /storage/emulated/0/github/vaman/arm/codes/setup/onoff/GCC_Project/output/s3x_dfs.o
                0x0000000000004470                DFS_RestoreFromSleep
 .text.s3x_get_index_in_dfs_node
                0x00000000000044a4       0x20 /storage/emulated/0/github/vaman/arm/codes/setup/onoff/GCC_Project/output/s3x_dfs.o
                0x00000000000044a4                s3x_get_index_in_dfs_node
 .text.s3x_get_policy_max_rate
                0x00000000000044c4       0x2c /storage/emulated/0/github/vaman/arm/codes/setup/onoff/GCC_Project/output/s3x_dfs.o
                0x00000000000044c4                s3x_get_policy_max_rate
 .text.S3x_Is_Dfs_En
                0x00000000000044f0       0x10 /storage/emulated/0/github/vaman/arm/codes/setup/onoff/GCC_Project/output/s3x_dfs.o
                0x00000000000044f0                S3x_Is_Dfs_En
 .text.S3x_Set_Dfs_st
                0x0000000000004500        0xc /storage/emulated/0/github/vaman/arm/codes/setup/onoff/GCC_Project/output/s3x_dfs.o
                0x0000000000004500                S3x_Set_Dfs_st
 .text.DFS_Get_Curr_Policy
                0x000000000000450c        0xc /storage/emulated/0/github/vaman/arm/codes/setup/onoff/GCC_Project/output/s3x_dfs.o
                0x000000000000450c                DFS_Get_Curr_Policy
 .text.DFS_Initialize
                0x0000000000004518       0x14 /storage/emulated/0/github/vaman/arm/codes/setup/onoff/GCC_Project/output/s3x_dfs.o
                0x0000000000004518                DFS_Initialize
 .text.trace_this
                0x000000000000452c       0x28 /storage/emulated/0/github/vaman/arm/codes/setup/onoff/GCC_Project/output/s3x_lpm.o
 .text.S3x_Register_Lpm_Cb
                0x0000000000004554       0x40 /storage/emulated/0/github/vaman/arm/codes/setup/onoff/GCC_Project/output/s3x_lpm.o
                0x0000000000004554                S3x_Register_Lpm_Cb
 .text.s3x_setup_systick_interrupt
                0x0000000000004594       0x54 /storage/emulated/0/github/vaman/arm/codes/setup/onoff/GCC_Project/output/s3x_lpm.o
                0x0000000000004594                s3x_setup_systick_interrupt
 .text.prvStopTickInterruptTimer
                0x00000000000045e8       0x10 /storage/emulated/0/github/vaman/arm/codes/setup/onoff/GCC_Project/output/s3x_lpm.o
                0x00000000000045e8                prvStopTickInterruptTimer
 .text.prvStartTickInterruptTimer
                0x00000000000045f8        0x8 /storage/emulated/0/github/vaman/arm/codes/setup/onoff/GCC_Project/output/s3x_lpm.o
                0x00000000000045f8                prvStartTickInterruptTimer
 .text.SysTick_Handler
                0x0000000000004600       0x12 /storage/emulated/0/github/vaman/arm/codes/setup/onoff/GCC_Project/output/s3x_lpm.o
                0x0000000000004600                SysTick_Handler
 .text.vPortSetupTimerInterrupt
                0x0000000000004612        0x6 /storage/emulated/0/github/vaman/arm/codes/setup/onoff/GCC_Project/output/s3x_lpm.o
                0x0000000000004612                vPortSetupTimerInterrupt
 .text.S3x_Pre_Lpm
                0x0000000000004618       0x20 /storage/emulated/0/github/vaman/arm/codes/setup/onoff/GCC_Project/output/s3x_lpm.o
                0x0000000000004618                S3x_Pre_Lpm
 .text.S3x_Post_Lpm
                0x0000000000004638       0x18 /storage/emulated/0/github/vaman/arm/codes/setup/onoff/GCC_Project/output/s3x_lpm.o
                0x0000000000004638                S3x_Post_Lpm
 .text.S3x_Lpm_Handler
                0x0000000000004650      0x3ac /storage/emulated/0/github/vaman/arm/codes/setup/onoff/GCC_Project/output/s3x_lpm.o
                0x0000000000004650                S3x_Lpm_Handler
 .text.s3x_get_pi
                0x00000000000049fc       0x20 /storage/emulated/0/github/vaman/arm/codes/setup/onoff/GCC_Project/output/s3x_pi.o
                0x00000000000049fc                s3x_get_pi
 .text.s3x_get_pi_gindex
                0x0000000000004a1c       0x14 /storage/emulated/0/github/vaman/arm/codes/setup/onoff/GCC_Project/output/s3x_pi.o
                0x0000000000004a1c                s3x_get_pi_gindex
 .text.s3x_pi_get_st
                0x0000000000004a30       0x24 /storage/emulated/0/github/vaman/arm/codes/setup/onoff/GCC_Project/output/s3x_pi.o
                0x0000000000004a30                s3x_pi_get_st
 .text.s3x_pi_set_cfg_st
                0x0000000000004a54       0x94 /storage/emulated/0/github/vaman/arm/codes/setup/onoff/GCC_Project/output/s3x_pi.o
                0x0000000000004a54                s3x_pi_set_cfg_st
 .text.s3x_pi_set_active_st
                0x0000000000004ae8       0xa4 /storage/emulated/0/github/vaman/arm/codes/setup/onoff/GCC_Project/output/s3x_pi.o
                0x0000000000004ae8                s3x_pi_set_active_st
 .text.s3x_pi_get_clkg_st
                0x0000000000004b8c       0x36 /storage/emulated/0/github/vaman/arm/codes/setup/onoff/GCC_Project/output/s3x_pi.o
                0x0000000000004b8c                s3x_pi_get_clkg_st
 .text.s3x_pi_set_clkg_st
                0x0000000000004bc2       0x26 /storage/emulated/0/github/vaman/arm/codes/setup/onoff/GCC_Project/output/s3x_pi.o
                0x0000000000004bc2                s3x_pi_set_clkg_st
 .text.s3x_set_pi_state
                0x0000000000004be8        0xc /storage/emulated/0/github/vaman/arm/codes/setup/onoff/GCC_Project/output/s3x_pi.o
                0x0000000000004be8                s3x_set_pi_state
 .text.s3x_get_pi_init_state
                0x0000000000004bf4       0x18 /storage/emulated/0/github/vaman/arm/codes/setup/onoff/GCC_Project/output/s3x_pi.o
                0x0000000000004bf4                s3x_get_pi_init_state
 .text.S3x_pi_init
                0x0000000000004c0c       0x20 /storage/emulated/0/github/vaman/arm/codes/setup/onoff/GCC_Project/output/s3x_pi.o
                0x0000000000004c0c                S3x_pi_init
 .text.S3x_pwrcfg_init
                0x0000000000004c2c       0x2c /storage/emulated/0/github/vaman/arm/codes/setup/onoff/GCC_Project/output/s3x_pwrcfg.o
                0x0000000000004c2c                S3x_pwrcfg_init
 .text.s3x_sram_in_lpm
                0x0000000000004c58       0x1c /storage/emulated/0/github/vaman/arm/codes/setup/onoff/GCC_Project/output/s3x_pwrcfg.o
                0x0000000000004c58                s3x_sram_in_lpm
 .text.S3x_get_qos_rate
                0x0000000000004c74       0x38 /storage/emulated/0/github/vaman/arm/codes/setup/onoff/GCC_Project/output/s3x_qos.o
                0x0000000000004c74                S3x_get_qos_rate
 .text.save_assert_info
                0x0000000000004cac       0x74 /storage/emulated/0/github/vaman/arm/codes/setup/onoff/GCC_Project/output/sec_debug.o
                0x0000000000004cac                save_assert_info
 .text.invoke_soft_fault
                0x0000000000004d20       0x20 /storage/emulated/0/github/vaman/arm/codes/setup/onoff/GCC_Project/output/sec_debug.o
                0x0000000000004d20                invoke_soft_fault
 .text.Reset_Handler
                0x0000000000004d40       0x2c /storage/emulated/0/github/vaman/arm/codes/setup/onoff/GCC_Project/output/startup_EOSS3B_GCC.o
                0x0000000000004d40                Reset_Handler
 .text.__semihost_call
                0x0000000000004d6c        0x6 /storage/emulated/0/github/vaman/arm/codes/setup/onoff/GCC_Project/output/startup_EOSS3B_GCC.o
                0x0000000000004d6c                __semihost_call
 *fill*         0x0000000000004d72        0x2 
 .text.prvGetExpectedIdleTime
                0x0000000000004d74       0x3c /storage/emulated/0/github/vaman/arm/codes/setup/onoff/GCC_Project/output/tasks.o
 .text.prvResetNextTaskUnblockTime
                0x0000000000004db0       0x24 /storage/emulated/0/github/vaman/arm/codes/setup/onoff/GCC_Project/output/tasks.o
 .text.prvAddCurrentTaskToDelayedList
                0x0000000000004dd4       0x8c /storage/emulated/0/github/vaman/arm/codes/setup/onoff/GCC_Project/output/tasks.o
 .text.xTaskCreate
                0x0000000000004e60      0x1e0 /storage/emulated/0/github/vaman/arm/codes/setup/onoff/GCC_Project/output/tasks.o
                0x0000000000004e60                xTaskCreate
 .text.vTaskStartScheduler
                0x0000000000005040       0x98 /storage/emulated/0/github/vaman/arm/codes/setup/onoff/GCC_Project/output/tasks.o
                0x0000000000005040                vTaskStartScheduler
 .text.vTaskSuspendAll
                0x00000000000050d8       0x10 /storage/emulated/0/github/vaman/arm/codes/setup/onoff/GCC_Project/output/tasks.o
                0x00000000000050d8                vTaskSuspendAll
 .text.xTaskGetTickCount
                0x00000000000050e8        0xc /storage/emulated/0/github/vaman/arm/codes/setup/onoff/GCC_Project/output/tasks.o
                0x00000000000050e8                xTaskGetTickCount
 .text.vTaskStepTick
                0x00000000000050f4       0x44 /storage/emulated/0/github/vaman/arm/codes/setup/onoff/GCC_Project/output/tasks.o
                0x00000000000050f4                vTaskStepTick
 .text.xTaskIncrementTick
                0x0000000000005138      0x14c /storage/emulated/0/github/vaman/arm/codes/setup/onoff/GCC_Project/output/tasks.o
                0x0000000000005138                xTaskIncrementTick
 .text.xTaskResumeAll
                0x0000000000005284      0x100 /storage/emulated/0/github/vaman/arm/codes/setup/onoff/GCC_Project/output/tasks.o
                0x0000000000005284                xTaskResumeAll
 .text.vTaskDelay
                0x0000000000005384       0x60 /storage/emulated/0/github/vaman/arm/codes/setup/onoff/GCC_Project/output/tasks.o
                0x0000000000005384                vTaskDelay
 .text.prvIdleTask
                0x00000000000053e4       0xc4 /storage/emulated/0/github/vaman/arm/codes/setup/onoff/GCC_Project/output/tasks.o
 .text.vTaskSwitchContext
                0x00000000000054a8       0xb8 /storage/emulated/0/github/vaman/arm/codes/setup/onoff/GCC_Project/output/tasks.o
                0x00000000000054a8                vTaskSwitchContext
 .text.vTaskPlaceOnEventList
                0x0000000000005560       0x48 /storage/emulated/0/github/vaman/arm/codes/setup/onoff/GCC_Project/output/tasks.o
                0x0000000000005560                vTaskPlaceOnEventList
 .text.vTaskPlaceOnEventListRestricted
                0x00000000000055a8       0x50 /storage/emulated/0/github/vaman/arm/codes/setup/onoff/GCC_Project/output/tasks.o
                0x00000000000055a8                vTaskPlaceOnEventListRestricted
 .text.xTaskRemoveFromEventList
                0x00000000000055f8       0x9c /storage/emulated/0/github/vaman/arm/codes/setup/onoff/GCC_Project/output/tasks.o
                0x00000000000055f8                xTaskRemoveFromEventList
 .text.vTaskInternalSetTimeOutState
                0x0000000000005694       0x18 /storage/emulated/0/github/vaman/arm/codes/setup/onoff/GCC_Project/output/tasks.o
                0x0000000000005694                vTaskInternalSetTimeOutState
 .text.xTaskCheckForTimeOut
                0x00000000000056ac       0x94 /storage/emulated/0/github/vaman/arm/codes/setup/onoff/GCC_Project/output/tasks.o
                0x00000000000056ac                xTaskCheckForTimeOut
 .text.vTaskMissedYield
                0x0000000000005740        0xc /storage/emulated/0/github/vaman/arm/codes/setup/onoff/GCC_Project/output/tasks.o
                0x0000000000005740                vTaskMissedYield
 .text.uxTaskGetTCBNumber
                0x000000000000574c       0x14 /storage/emulated/0/github/vaman/arm/codes/setup/onoff/GCC_Project/output/tasks.o
                0x000000000000574c                uxTaskGetTCBNumber
 .text.eTaskConfirmSleepModeStatus
                0x0000000000005760       0x34 /storage/emulated/0/github/vaman/arm/codes/setup/onoff/GCC_Project/output/tasks.o
                0x0000000000005760                eTaskConfirmSleepModeStatus
 .text.xTaskGetCurrentTaskHandle
                0x0000000000005794        0xc /storage/emulated/0/github/vaman/arm/codes/setup/onoff/GCC_Project/output/tasks.o
                0x0000000000005794                xTaskGetCurrentTaskHandle
 .text.xTaskGetSchedulerState
                0x00000000000057a0       0x20 /storage/emulated/0/github/vaman/arm/codes/setup/onoff/GCC_Project/output/tasks.o
                0x00000000000057a0                xTaskGetSchedulerState
 .text.xTaskPriorityInherit
                0x00000000000057c0       0xa8 /storage/emulated/0/github/vaman/arm/codes/setup/onoff/GCC_Project/output/tasks.o
                0x00000000000057c0                xTaskPriorityInherit
 .text.xTaskPriorityDisinherit
                0x0000000000005868       0xc4 /storage/emulated/0/github/vaman/arm/codes/setup/onoff/GCC_Project/output/tasks.o
                0x0000000000005868                xTaskPriorityDisinherit
 .text.vTaskPriorityDisinheritAfterTimeout
                0x000000000000592c       0xd8 /storage/emulated/0/github/vaman/arm/codes/setup/onoff/GCC_Project/output/tasks.o
                0x000000000000592c                vTaskPriorityDisinheritAfterTimeout
 .text.pvTaskIncrementMutexHeldCount
                0x0000000000005a04       0x18 /storage/emulated/0/github/vaman/arm/codes/setup/onoff/GCC_Project/output/tasks.o
                0x0000000000005a04                pvTaskIncrementMutexHeldCount
 .text.prvCheckForValidListAndQueue
                0x0000000000005a1c       0x58 /storage/emulated/0/github/vaman/arm/codes/setup/onoff/GCC_Project/output/timers.o
 .text.prvInsertTimerInActiveList
                0x0000000000005a74       0x3c /storage/emulated/0/github/vaman/arm/codes/setup/onoff/GCC_Project/output/timers.o
 .text.xTimerCreateTimerTask
                0x0000000000005ab0       0x64 /storage/emulated/0/github/vaman/arm/codes/setup/onoff/GCC_Project/output/timers.o
                0x0000000000005ab0                xTimerCreateTimerTask
 .text.xTimerCreate
                0x0000000000005b14       0x58 /storage/emulated/0/github/vaman/arm/codes/setup/onoff/GCC_Project/output/timers.o
                0x0000000000005b14                xTimerCreate
 .text.xTimerGenericCommand
                0x0000000000005b6c       0x70 /storage/emulated/0/github/vaman/arm/codes/setup/onoff/GCC_Project/output/timers.o
                0x0000000000005b6c                xTimerGenericCommand
 .text.prvSwitchTimerLists
                0x0000000000005bdc       0x90 /storage/emulated/0/github/vaman/arm/codes/setup/onoff/GCC_Project/output/timers.o
 .text.prvTimerTask
                0x0000000000005c6c      0x218 /storage/emulated/0/github/vaman/arm/codes/setup/onoff/GCC_Project/output/timers.o
 .text          0x0000000000005e84       0x30 /usr/lib/gcc/arm-none-eabi/9.2.1/thumb/v7e-m+fp/hard/libgcc.a(_aeabi_uldivmod.o)
                0x0000000000005e84                __aeabi_uldivmod
 .text          0x0000000000005eb4      0x2c4 /usr/lib/gcc/arm-none-eabi/9.2.1/thumb/v7e-m+fp/hard/libgcc.a(_udivmoddi4.o)
                0x0000000000005eb4                __udivmoddi4
 .text          0x0000000000006178        0x4 /usr/lib/gcc/arm-none-eabi/9.2.1/thumb/v7e-m+fp/hard/libgcc.a(_dvmd_tls.o)
                0x0000000000006178                __aeabi_ldiv0
                0x0000000000006178                __aeabi_idiv0
 .text          0x000000000000617c        0xc /usr/lib/gcc/arm-none-eabi/9.2.1/../../../arm-none-eabi/lib/thumb/v7e-m+fp/hard/libg_nano.a(lib_a-atexit.o)
                0x000000000000617c                atexit
 .text          0x0000000000006188       0x28 /usr/lib/gcc/arm-none-eabi/9.2.1/../../../arm-none-eabi/lib/thumb/v7e-m+fp/hard/libg_nano.a(lib_a-exit.o)
                0x0000000000006188                exit
 .text          0x00000000000061b0       0x34 /usr/lib/gcc/arm-none-eabi/9.2.1/../../../arm-none-eabi/lib/thumb/v7e-m+fp/hard/libg_nano.a(lib_a-fini.o)
                0x00000000000061b0                __libc_fini_array
 .text          0x00000000000061e4       0x48 /usr/lib/gcc/arm-none-eabi/9.2.1/../../../arm-none-eabi/lib/thumb/v7e-m+fp/hard/libg_nano.a(lib_a-init.o)
                0x00000000000061e4                __libc_init_array
 .text          0x000000000000622c       0x20 /usr/lib/gcc/arm-none-eabi/9.2.1/../../../arm-none-eabi/lib/thumb/v7e-m+fp/hard/libg_nano.a(lib_a-malloc.o)
                0x000000000000622c                malloc
                0x000000000000623c                free
 .text          0x000000000000624c      0x134 /usr/lib/gcc/arm-none-eabi/9.2.1/../../../arm-none-eabi/lib/thumb/v7e-m+fp/hard/libg_nano.a(lib_a-memcpy.o)
                0x000000000000624c                memcpy
 .text          0x0000000000006380       0xa0 /usr/lib/gcc/arm-none-eabi/9.2.1/../../../arm-none-eabi/lib/thumb/v7e-m+fp/hard/libg_nano.a(lib_a-memset.o)
                0x0000000000006380                memset
 .text          0x0000000000006420       0xac /usr/lib/gcc/arm-none-eabi/9.2.1/../../../arm-none-eabi/lib/thumb/v7e-m+fp/hard/libg_nano.a(lib_a-nano-freer.o)
                0x0000000000006420                _free_r
 .text          0x00000000000064cc       0xc8 /usr/lib/gcc/arm-none-eabi/9.2.1/../../../arm-none-eabi/lib/thumb/v7e-m+fp/hard/libg_nano.a(lib_a-nano-mallocr.o)
                0x00000000000064cc                _malloc_r
 .text          0x0000000000006594       0x68 /usr/lib/gcc/arm-none-eabi/9.2.1/../../../arm-none-eabi/lib/thumb/v7e-m+fp/hard/libg_nano.a(lib_a-printf.o)
                0x0000000000006594                _printf_r
                0x0000000000006594                _iprintf_r
                0x00000000000065c4                printf
                0x00000000000065c4                iprintf
 .text          0x00000000000065fc       0xe8 /usr/lib/gcc/arm-none-eabi/9.2.1/../../../arm-none-eabi/lib/thumb/v7e-m+fp/hard/libg_nano.a(lib_a-puts.o)
                0x00000000000065fc                _puts_r
                0x00000000000066d4                puts
 .text          0x00000000000066e4       0x24 /usr/lib/gcc/arm-none-eabi/9.2.1/../../../arm-none-eabi/lib/thumb/v7e-m+fp/hard/libg_nano.a(lib_a-sbrkr.o)
                0x00000000000066e4                _sbrk_r
 .text          0x0000000000006708       0x1c /usr/lib/gcc/arm-none-eabi/9.2.1/../../../arm-none-eabi/lib/thumb/v7e-m+fp/hard/libg_nano.a(lib_a-setjmp.o)
                0x0000000000006708                setjmp
                0x0000000000006714                longjmp
 .text          0x0000000000006724      0x110 /usr/lib/gcc/arm-none-eabi/9.2.1/../../../arm-none-eabi/lib/thumb/v7e-m+fp/hard/libg_nano.a(lib_a-snprintf.o)
                0x0000000000006724                _sniprintf_r
                0x0000000000006724                _snprintf_r
                0x00000000000067a8                snprintf
                0x00000000000067a8                sniprintf
 .text          0x0000000000006834       0x80 /usr/lib/gcc/arm-none-eabi/9.2.1/../../../arm-none-eabi/lib/thumb/v7e-m+fp/hard/libg_nano.a(lib_a-sprintf.o)
                0x0000000000006834                _siprintf_r
                0x0000000000006834                _sprintf_r
                0x0000000000006870                sprintf
                0x0000000000006870                siprintf
 .text          0x00000000000068b4       0xc8 /usr/lib/gcc/arm-none-eabi/9.2.1/../../../arm-none-eabi/lib/thumb/v7e-m+fp/hard/libg_nano.a(lib_a-strchr.o)
                0x00000000000068b4                strchr
 *fill*         0x000000000000697c        0x4 
 .text          0x0000000000006980      0x2dc /usr/lib/gcc/arm-none-eabi/9.2.1/../../../arm-none-eabi/lib/thumb/v7e-m+fp/hard/libg_nano.a(lib_a-strcmp.o)
                0x0000000000006988                strcmp
 .text          0x0000000000006c5c       0xbc /usr/lib/gcc/arm-none-eabi/9.2.1/../../../arm-none-eabi/lib/thumb/v7e-m+fp/hard/libg_nano.a(lib_a-strcpy.o)
                0x0000000000006c5c                strcpy
 *fill*         0x0000000000006d18       0x28 
 .text          0x0000000000006d40       0xdc /usr/lib/gcc/arm-none-eabi/9.2.1/../../../arm-none-eabi/lib/thumb/v7e-m+fp/hard/libg_nano.a(lib_a-strlen.o)
                0x0000000000006d40                strlen
 .text          0x0000000000006e1c       0x74 /usr/lib/gcc/arm-none-eabi/9.2.1/../../../arm-none-eabi/lib/thumb/v7e-m+fp/hard/libg_nano.a(lib_a-strncpy.o)
                0x0000000000006e1c                strncpy
 .text          0x0000000000006e90       0x24 /usr/lib/gcc/arm-none-eabi/9.2.1/../../../arm-none-eabi/lib/thumb/v7e-m+fp/hard/libg_nano.a(lib_a-strrchr.o)
                0x0000000000006e90                strrchr
 .text          0x0000000000006eb4       0x70 /usr/lib/gcc/arm-none-eabi/9.2.1/../../../arm-none-eabi/lib/thumb/v7e-m+fp/hard/libg_nano.a(lib_a-strtok_r.o)
                0x0000000000006eb4                __strtok_r
                0x0000000000006f1c                strtok_r
 .text          0x0000000000006f24       0x88 /usr/lib/gcc/arm-none-eabi/9.2.1/../../../arm-none-eabi/lib/thumb/v7e-m+fp/hard/libg_nano.a(lib_a-vsnprintf.o)
                0x0000000000006f24                _vsnprintf_r
                0x0000000000006f24                _vsniprintf_r
                0x0000000000006f90                vsnprintf
                0x0000000000006f90                vsniprintf
 .text          0x0000000000006fac       0xc0 /usr/lib/gcc/arm-none-eabi/9.2.1/../../../arm-none-eabi/lib/thumb/v7e-m+fp/hard/libg_nano.a(lib_a-wbuf.o)
                0x0000000000006fac                __swbuf_r
                0x000000000000705c                __swbuf
 .text          0x000000000000706c      0x100 /usr/lib/gcc/arm-none-eabi/9.2.1/../../../arm-none-eabi/lib/thumb/v7e-m+fp/hard/libg_nano.a(lib_a-wsetup.o)
                0x000000000000706c                __swsetup_r
 .text          0x000000000000716c       0xa0 /usr/lib/gcc/arm-none-eabi/9.2.1/../../../arm-none-eabi/lib/thumb/v7e-m+fp/hard/libg_nano.a(lib_a-__atexit.o)
                0x000000000000716c                __register_exitproc
 .text          0x000000000000720c       0x9c /usr/lib/gcc/arm-none-eabi/9.2.1/../../../arm-none-eabi/lib/thumb/v7e-m+fp/hard/libg_nano.a(lib_a-__call_atexit.o)
                0x000000000000720c                __call_exitprocs
 .text          0x00000000000072a8      0x1b0 /usr/lib/gcc/arm-none-eabi/9.2.1/../../../arm-none-eabi/lib/thumb/v7e-m+fp/hard/libg_nano.a(lib_a-fflush.o)
                0x00000000000072a8                __sflush_r
                0x00000000000073d4                _fflush_r
                0x0000000000007434                fflush
 .text          0x0000000000007458      0x210 /usr/lib/gcc/arm-none-eabi/9.2.1/../../../arm-none-eabi/lib/thumb/v7e-m+fp/hard/libg_nano.a(lib_a-findfp.o)
                0x000000000000745c                _cleanup_r
                0x000000000000746c                __sfmoreglue
                0x000000000000749c                __sfp
                0x0000000000007614                _cleanup
                0x0000000000007628                __sinit
                0x0000000000007630                __sfp_lock_acquire
                0x0000000000007634                __sfp_lock_release
                0x0000000000007638                __sinit_lock_acquire
                0x000000000000763c                __sinit_lock_release
                0x0000000000007640                __fp_lock_all
                0x0000000000007654                __fp_unlock_all
 .text          0x0000000000007668       0xa0 /usr/lib/gcc/arm-none-eabi/9.2.1/../../../arm-none-eabi/lib/thumb/v7e-m+fp/hard/libg_nano.a(lib_a-fwalk.o)
                0x0000000000007668                _fwalk
                0x00000000000076b4                _fwalk_reent
 .text          0x0000000000007708       0xf0 /usr/lib/gcc/arm-none-eabi/9.2.1/../../../arm-none-eabi/lib/thumb/v7e-m+fp/hard/libg_nano.a(lib_a-makebuf.o)
                0x0000000000007708                __swhatbuf_r
                0x0000000000007764                __smakebuf_r
 .text          0x00000000000077f8        0x8 /usr/lib/gcc/arm-none-eabi/9.2.1/../../../arm-none-eabi/lib/thumb/v7e-m+fp/hard/libg_nano.a(lib_a-mlock.o)
                0x00000000000077f8                __malloc_lock
                0x00000000000077fc                __malloc_unlock
 .text          0x0000000000007800      0x42c /usr/lib/gcc/arm-none-eabi/9.2.1/../../../arm-none-eabi/lib/thumb/v7e-m+fp/hard/libg_nano.a(lib_a-nano-svfprintf.o)
                0x0000000000007800                __ssputs_r
                0x00000000000078c0                __ssprint_r
                0x00000000000079b8                _svfprintf_r
                0x00000000000079b8                _svfiprintf_r
 .text          0x0000000000007c2c      0x364 /usr/lib/gcc/arm-none-eabi/9.2.1/../../../arm-none-eabi/lib/thumb/v7e-m+fp/hard/libg_nano.a(lib_a-nano-vfprintf.o)
                0x0000000000007c68                __sfputs_r
                0x0000000000007c98                __sprint_r
                0x0000000000007cb4                _vfiprintf_r
                0x0000000000007cb4                _vfprintf_r
                0x0000000000007f78                vfiprintf
                0x0000000000007f78                vfprintf
 .text          0x0000000000007f90      0x3c4 /usr/lib/gcc/arm-none-eabi/9.2.1/../../../arm-none-eabi/lib/thumb/v7e-m+fp/hard/libg_nano.a(lib_a-nano-vfprintf_i.o)
                0x0000000000007f90                _printf_common
                0x00000000000080bc                _printf_i
 .text          0x0000000000008354       0x90 /usr/lib/gcc/arm-none-eabi/9.2.1/../../../arm-none-eabi/lib/thumb/v7e-m+fp/hard/libg_nano.a(lib_a-stdio.o)
                0x0000000000008354                __sread
                0x0000000000008378                __seofread
                0x000000000000837c                __swrite
                0x00000000000083bc                __sseek
                0x00000000000083dc                __sclose
 .text          0x00000000000083e4       0x2c /usr/lib/gcc/arm-none-eabi/9.2.1/../../../arm-none-eabi/lib/thumb/v7e-m+fp/hard/libg_nano.a(lib_a-writer.o)
                0x00000000000083e4                _write_r
 .text          0x0000000000008410       0x24 /usr/lib/gcc/arm-none-eabi/9.2.1/../../../arm-none-eabi/lib/thumb/v7e-m+fp/hard/libg_nano.a(lib_a-closer.o)
                0x0000000000008410                _close_r
 .text          0x0000000000008434       0x28 /usr/lib/gcc/arm-none-eabi/9.2.1/../../../arm-none-eabi/lib/thumb/v7e-m+fp/hard/libg_nano.a(lib_a-fstatr.o)
                0x0000000000008434                _fstat_r
 .text          0x000000000000845c      0x308 /usr/lib/gcc/arm-none-eabi/9.2.1/../../../arm-none-eabi/lib/thumb/v7e-m+fp/hard/libg_nano.a(lib_a-fvwrite.o)
                0x000000000000845c                __sfvwrite_r
 .text          0x0000000000008764       0x24 /usr/lib/gcc/arm-none-eabi/9.2.1/../../../arm-none-eabi/lib/thumb/v7e-m+fp/hard/libg_nano.a(lib_a-isattyr.o)
                0x0000000000008764                _isatty_r
 .text          0x0000000000008788       0x2c /usr/lib/gcc/arm-none-eabi/9.2.1/../../../arm-none-eabi/lib/thumb/v7e-m+fp/hard/libg_nano.a(lib_a-lseekr.o)
                0x0000000000008788                _lseek_r
 *fill*         0x00000000000087b4        0xc 
 .text          0x00000000000087c0       0xa0 /usr/lib/gcc/arm-none-eabi/9.2.1/../../../arm-none-eabi/lib/thumb/v7e-m+fp/hard/libg_nano.a(lib_a-memchr.o)
                0x00000000000087c0                memchr
 .text          0x0000000000008860       0xd0 /usr/lib/gcc/arm-none-eabi/9.2.1/../../../arm-none-eabi/lib/thumb/v7e-m+fp/hard/libg_nano.a(lib_a-memmove.o)
                0x0000000000008860                memmove
 .text          0x0000000000008930       0x4c /usr/lib/gcc/arm-none-eabi/9.2.1/../../../arm-none-eabi/lib/thumb/v7e-m+fp/hard/libg_nano.a(lib_a-nano-reallocr.o)
                0x0000000000008930                _realloc_r
 .text          0x000000000000897c       0x2c /usr/lib/gcc/arm-none-eabi/9.2.1/../../../arm-none-eabi/lib/thumb/v7e-m+fp/hard/libg_nano.a(lib_a-readr.o)
                0x000000000000897c                _read_r
 .text          0x00000000000089a8       0x10 /usr/lib/gcc/arm-none-eabi/9.2.1/../../../arm-none-eabi/lib/thumb/v7e-m+fp/hard/libg_nano.a(lib_a-nano-msizer.o)
                0x00000000000089a8                _malloc_usable_size_r
 .text          0x00000000000089b8       0x10 /usr/lib/gcc/arm-none-eabi/9.2.1/../../../arm-none-eabi/lib/thumb/v7e-m+fp/hard/libnosys.a(fstat.o)
                0x00000000000089b8                _fstat
 .text          0x00000000000089c8       0x10 /usr/lib/gcc/arm-none-eabi/9.2.1/../../../arm-none-eabi/lib/thumb/v7e-m+fp/hard/libnosys.a(isatty.o)
                0x00000000000089c8                _isatty
 .text          0x00000000000089d8       0x1c /usr/lib/gcc/arm-none-eabi/9.2.1/../../../arm-none-eabi/lib/thumb/v7e-m+fp/hard/libnosys.a(sbrk.o)
                0x00000000000089d8                _sbrk
 .text          0x00000000000089f4        0x4 /usr/lib/gcc/arm-none-eabi/9.2.1/../../../arm-none-eabi/lib/thumb/v7e-m+fp/hard/libnosys.a(_exit.o)
                0x00000000000089f4                _exit
 *(.init)
 .init          0x00000000000089f8        0x4 /usr/lib/gcc/arm-none-eabi/9.2.1/thumb/v7e-m+fp/hard/crti.o
                0x00000000000089f8                _init
 .init          0x00000000000089fc        0x8 /usr/lib/gcc/arm-none-eabi/9.2.1/thumb/v7e-m+fp/hard/crtn.o
 *(.fini)
 .fini          0x0000000000008a04        0x4 /usr/lib/gcc/arm-none-eabi/9.2.1/thumb/v7e-m+fp/hard/crti.o
                0x0000000000008a04                _fini
 .fini          0x0000000000008a08        0x8 /usr/lib/gcc/arm-none-eabi/9.2.1/thumb/v7e-m+fp/hard/crtn.o
 *crtbegin.o(.ctors)
 *crtbegin?.o(.ctors)
 *(EXCLUDE_FILE(*crtend.o *crtend?.o) .ctors)
 *(SORT_BY_NAME(.ctors.*))
 *(.ctors)
 *crtbegin.o(.dtors)
 *crtbegin?.o(.dtors)
 *(EXCLUDE_FILE(*crtend.o *crtend?.o) .dtors)
 *(SORT_BY_NAME(.dtors.*))
 *(.dtors)
 *(.rodata*)
 .rodata.CLI_string_ptr_get_subcmd.str1.1
                0x0000000000008a10        0xc /storage/emulated/0/github/vaman/arm/codes/setup/onoff/GCC_Project/output/cli_args.o
 .rodata.handle_help.str1.1
                0x0000000000008a1c       0x2e /storage/emulated/0/github/vaman/arm/codes/setup/onoff/GCC_Project/output/cli_loop.o
                                         0x33 (size before relaxing)
 .rodata.CLI_cmd_stack_push.str1.1
                0x0000000000008a4a       0x1a /storage/emulated/0/github/vaman/arm/codes/setup/onoff/GCC_Project/output/cli_loop.o
 .rodata.CLI_cmd_stack_pop.str1.1
                0x0000000000008a64       0x16 /storage/emulated/0/github/vaman/arm/codes/setup/onoff/GCC_Project/output/cli_loop.o
 .rodata.handle_exit.str1.1
                0x0000000000008a7a        0xa /storage/emulated/0/github/vaman/arm/codes/setup/onoff/GCC_Project/output/cli_loop.o
 .rodata.CLI_print_prompt.str1.1
                0x0000000000008a84        0xd /storage/emulated/0/github/vaman/arm/codes/setup/onoff/GCC_Project/output/cli_loop.o
 .rodata.CLI_dispatch_subcmd.str1.1
                0x0000000000008a91       0x2a /storage/emulated/0/github/vaman/arm/codes/setup/onoff/GCC_Project/output/cli_loop.o
 .rodata.CLI_dispatch.str1.1
                0x0000000000008abb       0x21 /storage/emulated/0/github/vaman/arm/codes/setup/onoff/GCC_Project/output/cli_loop.o
 .rodata.CLI_verror.str1.1
                0x0000000000008adc        0x8 /storage/emulated/0/github/vaman/arm/codes/setup/onoff/GCC_Project/output/cli_loop.o
 .rodata.CLI_rx_byte.str1.1
                0x0000000000008ae4        0x9 /storage/emulated/0/github/vaman/arm/codes/setup/onoff/GCC_Project/output/cli_loop.o
 .rodata.str1.1
                0x0000000000008aed       0x21 /storage/emulated/0/github/vaman/arm/codes/setup/onoff/GCC_Project/output/cli_loop.o
                                         0x26 (size before relaxing)
 .rodata._backspace.7310
                0x0000000000008b0e        0x4 /storage/emulated/0/github/vaman/arm/codes/setup/onoff/GCC_Project/output/cli_loop.o
 *fill*         0x0000000000008b12        0x2 
 .rodata.std_cmds
                0x0000000000008b14       0x40 /storage/emulated/0/github/vaman/arm/codes/setup/onoff/GCC_Project/output/cli_loop.o
 .rodata.CLI_error_missing_parameter.str1.1
                0x0000000000008b54        0xd /storage/emulated/0/github/vaman/arm/codes/setup/onoff/GCC_Project/output/cli_misc.o
 .rodata.CLI_task.str1.1